UI matrix shard 4/4	UNKNOWN STEP	﻿2026-09-09T21:15:24.5655230Z Current runner version: '2.337.0'
UI matrix shard 4/4	UNKNOWN STEP	2026-09-09T21:15:24.5674360Z ##[group]Runner Image Provisioner
UI matrix shard 4/4	UNKNOWN STEP	2026-09-09T21:15:24.5675360Z Hosted Compute Agent
UI matrix shard 4/4	UNKNOWN STEP	2026-09-09T21:15:24.5675980Z Version: 20260828.587
UI matrix shard 4/4	UNKNOWN STEP	2026-09-09T21:15:24.5676480Z Commit: abac92662cab4cc7352de4f9f9d2e2419aad9c29
UI matrix shard 4/4	UNKNOWN STEP	2026-09-09T21:15:24.5677040Z Build Date: 2026-08-28T16:44:25Z
UI matrix shard 4/4	UNKNOWN STEP	2026-09-09T21:15:24.5677720Z Worker ID: {a8ecaf84-afb5-4c0a-b96a-007314b12b64}
UI matrix shard 4/4	UNKNOWN STEP	2026-09-09T21:15:24.5678300Z Azure Region: westus
UI matrix shard 4/4	UNKNOWN STEP	2026-09-09T21:15:24.5678820Z ##[endgroup]
UI matrix shard 4/4	UNKNOWN STEP	2026-09-09T21:15:24.5679920Z ##[group]Operating System
UI matrix shard 4/4	UNKNOWN STEP	2026-09-09T21:15:24.5680490Z macOS
UI matrix shard 4/4	UNKNOWN STEP	2026-09-09T21:15:24.5680890Z 26.6.2
UI matrix shard 4/4	UNKNOWN STEP	2026-09-09T21:15:24.5681340Z 25G83
UI matrix shard 4/4	UNKNOWN STEP	2026-09-09T21:15:24.5681770Z ##[endgroup]
UI matrix shard 4/4	UNKNOWN STEP	2026-09-09T21:15:24.5682310Z ##[group]Runner Image
UI matrix shard 4/4	UNKNOWN STEP	2026-09-09T21:15:24.5682800Z Image: macos-26-arm64
UI matrix shard 4/4	UNKNOWN STEP	2026-09-09T21:15:24.5683290Z Version: 20260831.0337.3
UI matrix shard 4/4	UNKNOWN STEP	2026-09-09T21:15:24.5684400Z Included Software: https://github.com/actions/runner-images/blob/macos-26-arm64/20260831.0337/images/macos/macos-26-arm64-Readme.md
UI matrix shard 4/4	UNKNOWN STEP	2026-09-09T21:15:24.5685780Z Image Release: https://github.com/actions/runner-images/releases/tag/macos-26-arm64%2F20260831.0337
UI matrix shard 4/4	UNKNOWN STEP	2026-09-09T21:15:24.5686510Z ##[endgroup]
UI matrix shard 4/4	UNKNOWN STEP	2026-09-09T21:15:24.5687490Z ##[group]GITHUB_TOKEN Permissions
UI matrix shard 4/4	UNKNOWN STEP	2026-09-09T21:15:24.5689010Z Contents: read
UI matrix shard 4/4	UNKNOWN STEP	2026-09-09T21:15:24.5689470Z Metadata: read
UI matrix shard 4/4	UNKNOWN STEP	2026-09-09T21:15:24.5689920Z Packages: read
UI matrix shard 4/4	UNKNOWN STEP	2026-09-09T21:15:24.5690300Z ##[endgroup]
UI matrix shard 4/4	UNKNOWN STEP	2026-09-09T21:15:24.5692100Z Secret source: Actions
UI matrix shard 4/4	UNKNOWN STEP	2026-09-09T21:15:24.5692700Z Cache mode: write
UI matrix shard 4/4	UNKNOWN STEP	2026-09-09T21:15:24.5693400Z Prepare workflow directory
UI matrix shard 4/4	UNKNOWN STEP	2026-09-09T21:15:24.5946390Z Prepare all required actions
UI matrix shard 4/4	UNKNOWN STEP	2026-09-09T21:15:24.5980240Z Getting action download info
UI matrix shard 4/4	UNKNOWN STEP	2026-09-09T21:15:25.0161230Z Download action repository 'actions/checkout@v4' (SHA:11d5960a326750d5838078e36cf38b85af677262)
UI matrix shard 4/4	UNKNOWN STEP	2026-09-09T21:15:25.2933740Z Complete job name: UI matrix shard 4/4
UI matrix shard 4/4	UNKNOWN STEP	2026-09-09T21:15:25.3389390Z Node 20 is being deprecated. This workflow is running with Node 24 by default. If you need to temporarily use Node 20, you can set the ACTIONS_ALLOW_USE_UNSECURE_NODE_VERSION=true environment variable. For more information see: https://github.blog/changelog/2025-09-19-deprecation-of-node-20-on-github-actions-runners/
UI matrix shard 4/4	UNKNOWN STEP	2026-09-09T21:15:25.3396430Z ##[group]Run actions/checkout@v4
UI matrix shard 4/4	UNKNOWN STEP	2026-09-09T21:15:25.3396920Z with:
UI matrix shard 4/4	UNKNOWN STEP	2026-09-09T21:15:25.3397240Z   fetch-depth: 1
UI matrix shard 4/4	UNKNOWN STEP	2026-09-09T21:15:25.3397610Z   repository: AIowa-LLC/hermes-fleet
UI matrix shard 4/4	UNKNOWN STEP	2026-09-09T21:15:25.3400510Z   token: ***
UI matrix shard 4/4	UNKNOWN STEP	2026-09-09T21:15:25.3400820Z   ssh-strict: true
UI matrix shard 4/4	UNKNOWN STEP	2026-09-09T21:15:25.3401140Z   ssh-user: git
UI matrix shard 4/4	UNKNOWN STEP	2026-09-09T21:15:25.3401470Z   persist-credentials: true
UI matrix shard 4/4	UNKNOWN STEP	2026-09-09T21:15:25.3401870Z   clean: true
UI matrix shard 4/4	UNKNOWN STEP	2026-09-09T21:15:25.3402280Z   sparse-checkout-cone-mode: true
UI matrix shard 4/4	UNKNOWN STEP	2026-09-09T21:15:25.3402740Z   fetch-tags: false
UI matrix shard 4/4	UNKNOWN STEP	2026-09-09T21:15:25.3403130Z   show-progress: true
UI matrix shard 4/4	UNKNOWN STEP	2026-09-09T21:15:25.3403510Z   lfs: false
UI matrix shard 4/4	UNKNOWN STEP	2026-09-09T21:15:25.3403930Z   submodules: false
UI matrix shard 4/4	UNKNOWN STEP	2026-09-09T21:15:25.3404310Z   set-safe-directory: true
UI matrix shard 4/4	UNKNOWN STEP	2026-09-09T21:15:25.3404740Z   allow-unsafe-pr-checkout: false
UI matrix shard 4/4	UNKNOWN STEP	2026-09-09T21:15:25.3405350Z ##[endgroup]
UI matrix shard 4/4	UNKNOWN STEP	2026-09-09T21:15:25.7446600Z Syncing repository: AIowa-LLC/hermes-fleet
UI matrix shard 4/4	UNKNOWN STEP	2026-09-09T21:15:25.7451550Z ##[group]Getting Git version info
UI matrix shard 4/4	UNKNOWN STEP	2026-09-09T21:15:25.7453390Z Working directory is '/Users/runner/work/hermes-fleet/hermes-fleet'
UI matrix shard 4/4	UNKNOWN STEP	2026-09-09T21:15:25.7456440Z [command]/opt/homebrew/bin/git version
UI matrix shard 4/4	UNKNOWN STEP	2026-09-09T21:15:25.7866950Z git version 2.55.0
UI matrix shard 4/4	UNKNOWN STEP	2026-09-09T21:15:25.7886630Z ##[endgroup]
UI matrix shard 4/4	UNKNOWN STEP	2026-09-09T21:15:25.7896840Z Copying '/Users/runner/.gitconfig' to '/Users/runner/work/_temp/c31e1000-d1fc-4a75-99ca-4901665038a8/.gitconfig'
UI matrix shard 4/4	UNKNOWN STEP	2026-09-09T21:15:25.7906730Z Temporarily overriding HOME='/Users/runner/work/_temp/c31e1000-d1fc-4a75-99ca-4901665038a8' before making global git config changes
UI matrix shard 4/4	UNKNOWN STEP	2026-09-09T21:15:25.7912030Z Adding repository directory to the temporary git global config as a safe directory
UI matrix shard 4/4	UNKNOWN STEP	2026-09-09T21:15:25.7932750Z [command]/opt/homebrew/bin/git config --global --add safe.directory /Users/runner/work/hermes-fleet/hermes-fleet
UI matrix shard 4/4	UNKNOWN STEP	2026-09-09T21:15:25.8088850Z Deleting the contents of '/Users/runner/work/hermes-fleet/hermes-fleet'
UI matrix shard 4/4	UNKNOWN STEP	2026-09-09T21:15:25.8092830Z ##[group]Initializing the repository
UI matrix shard 4/4	UNKNOWN STEP	2026-09-09T21:15:25.8096320Z [command]/opt/homebrew/bin/git init /Users/runner/work/hermes-fleet/hermes-fleet
UI matrix shard 4/4	UNKNOWN STEP	2026-09-09T21:15:25.8405070Z hint: Using 'master' as the name for the initial branch. This default branch name
UI matrix shard 4/4	UNKNOWN STEP	2026-09-09T21:15:25.8406850Z hint: will change to "main" in Git 3.0. To configure the initial branch name
UI matrix shard 4/4	UNKNOWN STEP	2026-09-09T21:15:25.8407730Z hint: to use in all of your new repositories, which will suppress this warning,
UI matrix shard 4/4	UNKNOWN STEP	2026-09-09T21:15:25.8408420Z hint: call:
UI matrix shard 4/4	UNKNOWN STEP	2026-09-09T21:15:25.8408880Z hint:
UI matrix shard 4/4	UNKNOWN STEP	2026-09-09T21:15:25.8409450Z hint: 	git config --global init.defaultBranch <name>
UI matrix shard 4/4	UNKNOWN STEP	2026-09-09T21:15:25.8410490Z hint:
UI matrix shard 4/4	UNKNOWN STEP	2026-09-09T21:15:25.8411630Z hint: Names commonly chosen instead of 'master' are 'main', 'trunk' and
UI matrix shard 4/4	UNKNOWN STEP	2026-09-09T21:15:25.8412570Z hint: 'development'. The just-created branch can be renamed via this command:
UI matrix shard 4/4	UNKNOWN STEP	2026-09-09T21:15:25.8413190Z hint:
UI matrix shard 4/4	UNKNOWN STEP	2026-09-09T21:15:25.8413540Z hint: 	git branch -m <name>
UI matrix shard 4/4	UNKNOWN STEP	2026-09-09T21:15:25.8413950Z hint:
UI matrix shard 4/4	UNKNOWN STEP	2026-09-09T21:15:25.8414460Z hint: Disable this message with "git config set advice.defaultBranchName false"
UI matrix shard 4/4	UNKNOWN STEP	2026-09-09T21:15:25.8415280Z Initialized empty Git repository in /Users/runner/work/hermes-fleet/hermes-fleet/.git/
UI matrix shard 4/4	UNKNOWN STEP	2026-09-09T21:15:25.8417150Z [command]/opt/homebrew/bin/git remote add origin https://github.com/AIowa-LLC/hermes-fleet
UI matrix shard 4/4	UNKNOWN STEP	2026-09-09T21:15:25.8523200Z ##[endgroup]
UI matrix shard 4/4	UNKNOWN STEP	2026-09-09T21:15:25.8525170Z ##[group]Disabling automatic garbage collection
UI matrix shard 4/4	UNKNOWN STEP	2026-09-09T21:15:25.8526770Z [command]/opt/homebrew/bin/git config --local gc.auto 0
UI matrix shard 4/4	UNKNOWN STEP	2026-09-09T21:15:25.8613650Z ##[endgroup]
UI matrix shard 4/4	UNKNOWN STEP	2026-09-09T21:15:25.8620700Z ##[group]Setting up auth
UI matrix shard 4/4	UNKNOWN STEP	2026-09-09T21:15:25.8625420Z [command]/opt/homebrew/bin/git config --local --name-only --get-regexp core\.sshCommand
UI matrix shard 4/4	UNKNOWN STEP	2026-09-09T21:15:25.8710520Z [command]/opt/homebrew/bin/git submodule foreach --recursive sh -c "git config --local --name-only --get-regexp 'core\.sshCommand' && git config --local --unset-all 'core.sshCommand' || :"
UI matrix shard 4/4	UNKNOWN STEP	2026-09-09T21:15:26.0078090Z [command]/opt/homebrew/bin/git config --local --name-only --get-regexp http\.https\:\/\/github\.com\/\.extraheader
UI matrix shard 4/4	UNKNOWN STEP	2026-09-09T21:15:26.0165330Z [command]/opt/homebrew/bin/git submodule foreach --recursive sh -c "git config --local --name-only --get-regexp 'http\.https\:\/\/github\.com\/\.extraheader' && git config --local --unset-all 'http.https://github.com/.extraheader' || :"
UI matrix shard 4/4	UNKNOWN STEP	2026-09-09T21:15:26.1130630Z [command]/opt/homebrew/bin/git config --local --name-only --get-regexp ^includeIf\.gitdir:
UI matrix shard 4/4	UNKNOWN STEP	2026-09-09T21:15:26.1209140Z [command]/opt/homebrew/bin/git submodule foreach --recursive git config --local --show-origin --name-only --get-regexp remote.origin.url
UI matrix shard 4/4	UNKNOWN STEP	2026-09-09T21:15:26.3144740Z [command]/opt/homebrew/bin/git config --local http.https://github.com/.extraheader AUTHORIZATION: basic ***
UI matrix shard 4/4	UNKNOWN STEP	2026-09-09T21:15:26.3147850Z ##[endgroup]
UI matrix shard 4/4	UNKNOWN STEP	2026-09-09T21:15:26.3148530Z ##[group]Fetching the repository
UI matrix shard 4/4	UNKNOWN STEP	2026-09-09T21:15:26.3149790Z [command]/opt/homebrew/bin/git -c protocol.version=2 fetch --no-tags --prune --no-recurse-submodules --depth=1 origin +cfbddfba0866856400ed8f04a192002da993cd09:refs/remotes/pull/3/merge
UI matrix shard 4/4	UNKNOWN STEP	2026-09-09T21:15:27.3238420Z From https://github.com/AIowa-LLC/hermes-fleet
UI matrix shard 4/4	UNKNOWN STEP	2026-09-09T21:15:27.3239400Z  * [new ref]         cfbddfba0866856400ed8f04a192002da993cd09 -> pull/3/merge
UI matrix shard 4/4	UNKNOWN STEP	2026-09-09T21:15:27.3390780Z ##[endgroup]
UI matrix shard 4/4	UNKNOWN STEP	2026-09-09T21:15:27.3392480Z ##[group]Determining the checkout info
UI matrix shard 4/4	UNKNOWN STEP	2026-09-09T21:15:27.3393330Z ##[endgroup]
UI matrix shard 4/4	UNKNOWN STEP	2026-09-09T21:15:27.3394630Z [command]/opt/homebrew/bin/git sparse-checkout disable
UI matrix shard 4/4	UNKNOWN STEP	2026-09-09T21:15:27.3399690Z [command]/opt/homebrew/bin/git config --local --unset-all extensions.worktreeConfig
UI matrix shard 4/4	UNKNOWN STEP	2026-09-09T21:15:27.3488540Z ##[group]Checking out the ref
UI matrix shard 4/4	UNKNOWN STEP	2026-09-09T21:15:27.3489650Z [command]/opt/homebrew/bin/git checkout --progress --force refs/remotes/pull/3/merge
UI matrix shard 4/4	UNKNOWN STEP	2026-09-09T21:15:27.4804310Z HEAD is now at cfbddfb Merge 65c5369a4d6e57c27d292e7862423e184fc0ec35 into 3ef3437017dee63288b541968b2fa4189a486c55
UI matrix shard 4/4	UNKNOWN STEP	2026-09-09T21:15:27.4812660Z ##[endgroup]
UI matrix shard 4/4	UNKNOWN STEP	2026-09-09T21:15:27.4934720Z [command]/opt/homebrew/bin/git log -1 --format=%H
UI matrix shard 4/4	UNKNOWN STEP	2026-09-09T21:15:27.5040770Z cfbddfba0866856400ed8f04a192002da993cd09
UI matrix shard 4/4	UNKNOWN STEP	2026-09-09T21:15:27.5315870Z ##[group]Run bash scripts/c1_ui_matrix.sh --shard 4 --shards 4
UI matrix shard 4/4	UNKNOWN STEP	2026-09-09T21:15:27.5317790Z ^[[36;1mbash scripts/c1_ui_matrix.sh --shard 4 --shards 4^[[0m
UI matrix shard 4/4	UNKNOWN STEP	2026-09-09T21:15:27.5377010Z shell: /bin/bash -e {0}
UI matrix shard 4/4	UNKNOWN STEP	2026-09-09T21:15:27.5377870Z ##[endgroup]
UI matrix shard 4/4	UNKNOWN STEP	2026-09-09T21:15:27.6371700Z audit: 40 CI suites + 11 environmental suites = 51 bundle classes — every class accounted for exactly once.
UI matrix shard 4/4	UNKNOWN STEP	2026-09-09T21:16:00.9502920Z   using simulator: iPhone 17 Pro
UI matrix shard 4/4	UNKNOWN STEP	2026-09-09T21:16:00.9781090Z C1 UI (shard) [01/10] HermesFleetAppUITests/S3CleartextWarningUITests ...
UI matrix shard 4/4	UNKNOWN STEP	2026-09-09T21:25:49.5623790Z PASS  UI S3CleartextWarning — executed=3 failed=0
UI matrix shard 4/4	UNKNOWN STEP	2026-09-09T21:25:49.5681580Z C1 UI (shard) [02/10] HermesFleetAppUITests/RT4FormSaveFailureUITests ...
UI matrix shard 4/4	UNKNOWN STEP	2026-09-09T21:30:46.2676250Z PASS  UI RT4FormSaveFailure — executed=1 failed=0
UI matrix shard 4/4	UNKNOWN STEP	2026-09-09T21:30:46.2700910Z C1 UI (shard) [03/10] HermesFleetAppUITests/F2QRPairingUITests ...
UI matrix shard 4/4	UNKNOWN STEP	2026-09-09T21:34:53.7807500Z PASS  UI F2QRPairing — executed=4 failed=0
UI matrix shard 4/4	UNKNOWN STEP	2026-09-09T21:34:53.7818550Z C1 UI (shard) [04/10] HermesFleetAppUITests/U5BotDetailUITests ...
UI matrix shard 4/4	UNKNOWN STEP	2026-09-09T21:40:26.8213540Z PASS  UI U5BotDetail — executed=5 failed=0
UI matrix shard 4/4	UNKNOWN STEP	2026-09-09T21:40:26.8265250Z C1 UI (shard) [05/10] HermesFleetAppUITests/C2SetupPromptUITests ...
UI matrix shard 4/4	UNKNOWN STEP	2026-09-09T21:44:02.9231690Z PASS  UI C2SetupPrompt — executed=2 failed=0
UI matrix shard 4/4	UNKNOWN STEP	2026-09-09T21:44:02.9240070Z C1 UI (shard) [06/10] HermesFleetAppUITests/R9ManagementPanesUITests ...
UI matrix shard 4/4	UNKNOWN STEP	2026-09-09T21:50:16.0998790Z PASS  UI R9ManagementPanes — executed=4 failed=0
UI matrix shard 4/4	UNKNOWN STEP	2026-09-09T21:50:16.1021960Z C1 UI (shard) [07/10] HermesFleetAppUITests/R10ProjectsBrowserUITests ...
UI matrix shard 4/4	UNKNOWN STEP	2026-09-09T21:55:05.4817170Z PASS  UI R10ProjectsBrowser — executed=4 failed=0
UI matrix shard 4/4	UNKNOWN STEP	2026-09-09T21:55:05.4831940Z C1 UI (shard) [08/10] HermesFleetAppUITests/BotRoutinesUITests ...
UI matrix shard 4/4	UNKNOWN STEP	2026-09-09T22:06:04.6217250Z PASS  UI BotRoutines — executed=8 failed=0
UI matrix shard 4/4	UNKNOWN STEP	2026-09-09T22:06:04.6227730Z C1 UI (shard) [09/10] HermesFleetAppUITests/FOS3FourRootShellUITests ...
UI matrix shard 4/4	UNKNOWN STEP	2026-09-09T22:12:32.7353410Z PASS  UI FOS3FourRootShell — executed=9 failed=0
UI matrix shard 4/4	UNKNOWN STEP	2026-09-09T22:12:32.7369590Z C1 UI (shard) [10/10] HermesFleetAppUITests/FOS8AccessibilityUITests ...
UI matrix shard 4/4	UNKNOWN STEP	2026-09-09T22:15:40.2056920Z ##[error]The operation was canceled.
UI matrix shard 4/4	UNKNOWN STEP	2026-09-09T22:15:40.2907290Z Node 20 is being deprecated. This workflow is running with Node 24 by default. If you need to temporarily use Node 20, you can set the ACTIONS_ALLOW_USE_UNSECURE_NODE_VERSION=true environment variable. For more information see: https://github.blog/changelog/2025-09-19-deprecation-of-node-20-on-github-actions-runners/
UI matrix shard 4/4	UNKNOWN STEP	2026-09-09T22:15:40.2909240Z Post job cleanup.
UI matrix shard 4/4	UNKNOWN STEP	2026-09-09T22:15:43.2611450Z [command]/opt/homebrew/bin/git version
UI matrix shard 4/4	UNKNOWN STEP	2026-09-09T22:15:43.6583560Z git version 2.55.0
UI matrix shard 4/4	UNKNOWN STEP	2026-09-09T22:15:43.7250680Z Copying '/Users/runner/.gitconfig' to '/Users/runner/work/_temp/32e20035-b926-4aa3-b8ad-15337d2e5f36/.gitconfig'
UI matrix shard 4/4	UNKNOWN STEP	2026-09-09T22:15:43.7515810Z Temporarily overriding HOME='/Users/runner/work/_temp/32e20035-b926-4aa3-b8ad-15337d2e5f36' before making global git config changes
UI matrix shard 4/4	UNKNOWN STEP	2026-09-09T22:15:43.7631080Z Adding repository directory to the temporary git global config as a safe directory
UI matrix shard 4/4	UNKNOWN STEP	2026-09-09T22:15:43.8193590Z [command]/opt/homebrew/bin/git config --global --add safe.directory /Users/runner/work/hermes-fleet/hermes-fleet
UI matrix shard 4/4	UNKNOWN STEP	2026-09-09T22:15:43.8942780Z [command]/opt/homebrew/bin/git config --local --name-only --get-regexp core\.sshCommand
UI matrix shard 4/4	UNKNOWN STEP	2026-09-09T22:15:43.9610740Z [command]/opt/homebrew/bin/git submodule foreach --recursive sh -c "git config --local --name-only --get-regexp 'core\.sshCommand' && git config --local --unset-all 'core.sshCommand' || :"
UI matrix shard 4/4	UNKNOWN STEP	2026-09-09T22:15:44.6761560Z [command]/opt/homebrew/bin/git config --local --name-only --get-regexp http\.https\:\/\/github\.com\/\.extraheader
UI matrix shard 4/4	UNKNOWN STEP	2026-09-09T22:15:44.6995440Z http.https://github.com/.extraheader
UI matrix shard 4/4	UNKNOWN STEP	2026-09-09T22:15:44.7336420Z [command]/opt/homebrew/bin/git config --local --unset-all http.https://github.com/.extraheader
UI matrix shard 4/4	UNKNOWN STEP	2026-09-09T22:15:44.7885870Z [command]/opt/homebrew/bin/git submodule foreach --recursive sh -c "git config --local --name-only --get-regexp 'http\.https\:\/\/github\.com\/\.extraheader' && git config --local --unset-all 'http.https://github.com/.extraheader' || :"
UI matrix shard 4/4	UNKNOWN STEP	2026-09-09T22:15:45.2844970Z [command]/opt/homebrew/bin/git config --local --name-only --get-regexp ^includeIf\.gitdir:
UI matrix shard 4/4	UNKNOWN STEP	2026-09-09T22:15:45.3132070Z [command]/opt/homebrew/bin/git submodule foreach --recursive git config --local --show-origin --name-only --get-regexp remote.origin.url
UI matrix shard 4/4	UNKNOWN STEP	2026-09-09T22:15:45.8260370Z Cleaning up orphan processes
UI matrix shard 4/4	UNKNOWN STEP	2026-09-09T22:15:51.5130200Z Terminate orphan process: pid (5375) (DTServiceHub)
UI matrix shard 4/4	UNKNOWN STEP	2026-09-09T22:16:11.5800440Z Terminate orphan process: pid (3373) (SWBBuildService)
UI matrix shard 4/4	UNKNOWN STEP	2026-09-09T22:16:11.6757910Z Terminate orphan process: pid (3317) (xcodebuild)
UI matrix shard 4/4	UNKNOWN STEP	2026-09-09T22:16:16.9195280Z ##[warning]Node.js 20 is deprecated. The following actions target Node.js 20 but are being forced to run on Node.js 24: actions/checkout@v4. For more information see: https://github.blog/changelog/2025-09-19-deprecation-of-node-20-on-github-actions-runners/
