UI matrix shard 2/4	UNKNOWN STEP	﻿2026-09-09T21:15:12.5521540Z Current runner version: '2.337.0'
UI matrix shard 2/4	UNKNOWN STEP	2026-09-09T21:15:12.5555580Z ##[group]Runner Image Provisioner
UI matrix shard 2/4	UNKNOWN STEP	2026-09-09T21:15:12.5557300Z Hosted Compute Agent
UI matrix shard 2/4	UNKNOWN STEP	2026-09-09T21:15:12.5558500Z Version: 20260828.587
UI matrix shard 2/4	UNKNOWN STEP	2026-09-09T21:15:12.5559630Z Commit: abac92662cab4cc7352de4f9f9d2e2419aad9c29
UI matrix shard 2/4	UNKNOWN STEP	2026-09-09T21:15:12.5561010Z Build Date: 2026-08-28T16:44:25Z
UI matrix shard 2/4	UNKNOWN STEP	2026-09-09T21:15:12.5562230Z Worker ID: {8f465e42-2bf4-49b6-8a8e-731c492b666b}
UI matrix shard 2/4	UNKNOWN STEP	2026-09-09T21:15:12.5563850Z Azure Region: westus
UI matrix shard 2/4	UNKNOWN STEP	2026-09-09T21:15:12.5565040Z ##[endgroup]
UI matrix shard 2/4	UNKNOWN STEP	2026-09-09T21:15:12.5569660Z ##[group]Operating System
UI matrix shard 2/4	UNKNOWN STEP	2026-09-09T21:15:12.5570800Z macOS
UI matrix shard 2/4	UNKNOWN STEP	2026-09-09T21:15:12.5571780Z 26.6.2
UI matrix shard 2/4	UNKNOWN STEP	2026-09-09T21:15:12.5572760Z 25G83
UI matrix shard 2/4	UNKNOWN STEP	2026-09-09T21:15:12.5574020Z ##[endgroup]
UI matrix shard 2/4	UNKNOWN STEP	2026-09-09T21:15:12.5575140Z ##[group]Runner Image
UI matrix shard 2/4	UNKNOWN STEP	2026-09-09T21:15:12.5576300Z Image: macos-26-arm64
UI matrix shard 2/4	UNKNOWN STEP	2026-09-09T21:15:12.5577710Z Version: 20260831.0337.3
UI matrix shard 2/4	UNKNOWN STEP	2026-09-09T21:15:12.5580430Z Included Software: https://github.com/actions/runner-images/blob/macos-26-arm64/20260831.0337/images/macos/macos-26-arm64-Readme.md
UI matrix shard 2/4	UNKNOWN STEP	2026-09-09T21:15:12.5583700Z Image Release: https://github.com/actions/runner-images/releases/tag/macos-26-arm64%2F20260831.0337
UI matrix shard 2/4	UNKNOWN STEP	2026-09-09T21:15:12.5585720Z ##[endgroup]
UI matrix shard 2/4	UNKNOWN STEP	2026-09-09T21:15:12.5588140Z ##[group]GITHUB_TOKEN Permissions
UI matrix shard 2/4	UNKNOWN STEP	2026-09-09T21:15:12.5595440Z Contents: read
UI matrix shard 2/4	UNKNOWN STEP	2026-09-09T21:15:12.5596540Z Metadata: read
UI matrix shard 2/4	UNKNOWN STEP	2026-09-09T21:15:12.5597520Z Packages: read
UI matrix shard 2/4	UNKNOWN STEP	2026-09-09T21:15:12.5598680Z ##[endgroup]
UI matrix shard 2/4	UNKNOWN STEP	2026-09-09T21:15:12.5603830Z Secret source: Actions
UI matrix shard 2/4	UNKNOWN STEP	2026-09-09T21:15:12.5605610Z Cache mode: write
UI matrix shard 2/4	UNKNOWN STEP	2026-09-09T21:15:12.5607020Z Prepare workflow directory
UI matrix shard 2/4	UNKNOWN STEP	2026-09-09T21:15:12.6140960Z Prepare all required actions
UI matrix shard 2/4	UNKNOWN STEP	2026-09-09T21:15:12.6228040Z Getting action download info
UI matrix shard 2/4	UNKNOWN STEP	2026-09-09T21:15:13.0901360Z Download action repository 'actions/checkout@v4' (SHA:11d5960a326750d5838078e36cf38b85af677262)
UI matrix shard 2/4	UNKNOWN STEP	2026-09-09T21:15:13.5560930Z Complete job name: UI matrix shard 2/4
UI matrix shard 2/4	UNKNOWN STEP	2026-09-09T21:15:13.6068460Z Node 20 is being deprecated. This workflow is running with Node 24 by default. If you need to temporarily use Node 20, you can set the ACTIONS_ALLOW_USE_UNSECURE_NODE_VERSION=true environment variable. For more information see: https://github.blog/changelog/2025-09-19-deprecation-of-node-20-on-github-actions-runners/
UI matrix shard 2/4	UNKNOWN STEP	2026-09-09T21:15:13.6075580Z ##[group]Run actions/checkout@v4
UI matrix shard 2/4	UNKNOWN STEP	2026-09-09T21:15:13.6076070Z with:
UI matrix shard 2/4	UNKNOWN STEP	2026-09-09T21:15:13.6076400Z   fetch-depth: 1
UI matrix shard 2/4	UNKNOWN STEP	2026-09-09T21:15:13.6076750Z   repository: AIowa-LLC/hermes-fleet
UI matrix shard 2/4	UNKNOWN STEP	2026-09-09T21:15:13.6079380Z   token: ***
UI matrix shard 2/4	UNKNOWN STEP	2026-09-09T21:15:13.6079700Z   ssh-strict: true
UI matrix shard 2/4	UNKNOWN STEP	2026-09-09T21:15:13.6080030Z   ssh-user: git
UI matrix shard 2/4	UNKNOWN STEP	2026-09-09T21:15:13.6080370Z   persist-credentials: true
UI matrix shard 2/4	UNKNOWN STEP	2026-09-09T21:15:13.6080730Z   clean: true
UI matrix shard 2/4	UNKNOWN STEP	2026-09-09T21:15:13.6081070Z   sparse-checkout-cone-mode: true
UI matrix shard 2/4	UNKNOWN STEP	2026-09-09T21:15:13.6081460Z   fetch-tags: false
UI matrix shard 2/4	UNKNOWN STEP	2026-09-09T21:15:13.6081790Z   show-progress: true
UI matrix shard 2/4	UNKNOWN STEP	2026-09-09T21:15:13.6082130Z   lfs: false
UI matrix shard 2/4	UNKNOWN STEP	2026-09-09T21:15:13.6082470Z   submodules: false
UI matrix shard 2/4	UNKNOWN STEP	2026-09-09T21:15:13.6082820Z   set-safe-directory: true
UI matrix shard 2/4	UNKNOWN STEP	2026-09-09T21:15:13.6083200Z   allow-unsafe-pr-checkout: false
UI matrix shard 2/4	UNKNOWN STEP	2026-09-09T21:15:13.6083710Z ##[endgroup]
UI matrix shard 2/4	UNKNOWN STEP	2026-09-09T21:15:14.0229480Z Syncing repository: AIowa-LLC/hermes-fleet
UI matrix shard 2/4	UNKNOWN STEP	2026-09-09T21:15:14.0231230Z ##[group]Getting Git version info
UI matrix shard 2/4	UNKNOWN STEP	2026-09-09T21:15:14.0231850Z Working directory is '/Users/runner/work/hermes-fleet/hermes-fleet'
UI matrix shard 2/4	UNKNOWN STEP	2026-09-09T21:15:14.0233290Z [command]/opt/homebrew/bin/git version
UI matrix shard 2/4	UNKNOWN STEP	2026-09-09T21:15:14.0615060Z git version 2.55.0
UI matrix shard 2/4	UNKNOWN STEP	2026-09-09T21:15:14.0639370Z ##[endgroup]
UI matrix shard 2/4	UNKNOWN STEP	2026-09-09T21:15:14.0651880Z Copying '/Users/runner/.gitconfig' to '/Users/runner/work/_temp/629714da-5d55-460c-9077-6b9f439aae8d/.gitconfig'
UI matrix shard 2/4	UNKNOWN STEP	2026-09-09T21:15:14.0662220Z Temporarily overriding HOME='/Users/runner/work/_temp/629714da-5d55-460c-9077-6b9f439aae8d' before making global git config changes
UI matrix shard 2/4	UNKNOWN STEP	2026-09-09T21:15:14.0663390Z Adding repository directory to the temporary git global config as a safe directory
UI matrix shard 2/4	UNKNOWN STEP	2026-09-09T21:15:14.0666100Z [command]/opt/homebrew/bin/git config --global --add safe.directory /Users/runner/work/hermes-fleet/hermes-fleet
UI matrix shard 2/4	UNKNOWN STEP	2026-09-09T21:15:14.0795270Z Deleting the contents of '/Users/runner/work/hermes-fleet/hermes-fleet'
UI matrix shard 2/4	UNKNOWN STEP	2026-09-09T21:15:14.0798850Z ##[group]Initializing the repository
UI matrix shard 2/4	UNKNOWN STEP	2026-09-09T21:15:14.0803940Z [command]/opt/homebrew/bin/git init /Users/runner/work/hermes-fleet/hermes-fleet
UI matrix shard 2/4	UNKNOWN STEP	2026-09-09T21:15:14.1067410Z hint: Using 'master' as the name for the initial branch. This default branch name
UI matrix shard 2/4	UNKNOWN STEP	2026-09-09T21:15:14.1068440Z hint: will change to "main" in Git 3.0. To configure the initial branch name
UI matrix shard 2/4	UNKNOWN STEP	2026-09-09T21:15:14.1069490Z hint: to use in all of your new repositories, which will suppress this warning,
UI matrix shard 2/4	UNKNOWN STEP	2026-09-09T21:15:14.1070260Z hint: call:
UI matrix shard 2/4	UNKNOWN STEP	2026-09-09T21:15:14.1070670Z hint:
UI matrix shard 2/4	UNKNOWN STEP	2026-09-09T21:15:14.1071110Z hint: 	git config --global init.defaultBranch <name>
UI matrix shard 2/4	UNKNOWN STEP	2026-09-09T21:15:14.1071690Z hint:
UI matrix shard 2/4	UNKNOWN STEP	2026-09-09T21:15:14.1072200Z hint: Names commonly chosen instead of 'master' are 'main', 'trunk' and
UI matrix shard 2/4	UNKNOWN STEP	2026-09-09T21:15:14.1073110Z hint: 'development'. The just-created branch can be renamed via this command:
UI matrix shard 2/4	UNKNOWN STEP	2026-09-09T21:15:14.1073760Z hint:
UI matrix shard 2/4	UNKNOWN STEP	2026-09-09T21:15:14.1074120Z hint: 	git branch -m <name>
UI matrix shard 2/4	UNKNOWN STEP	2026-09-09T21:15:14.1074480Z hint:
UI matrix shard 2/4	UNKNOWN STEP	2026-09-09T21:15:14.1075050Z hint: Disable this message with "git config set advice.defaultBranchName false"
UI matrix shard 2/4	UNKNOWN STEP	2026-09-09T21:15:14.1075810Z Initialized empty Git repository in /Users/runner/work/hermes-fleet/hermes-fleet/.git/
UI matrix shard 2/4	UNKNOWN STEP	2026-09-09T21:15:14.1079740Z [command]/opt/homebrew/bin/git remote add origin https://github.com/AIowa-LLC/hermes-fleet
UI matrix shard 2/4	UNKNOWN STEP	2026-09-09T21:15:14.1171240Z ##[endgroup]
UI matrix shard 2/4	UNKNOWN STEP	2026-09-09T21:15:14.1171910Z ##[group]Disabling automatic garbage collection
UI matrix shard 2/4	UNKNOWN STEP	2026-09-09T21:15:14.1173820Z [command]/opt/homebrew/bin/git config --local gc.auto 0
UI matrix shard 2/4	UNKNOWN STEP	2026-09-09T21:15:14.1264740Z ##[endgroup]
UI matrix shard 2/4	UNKNOWN STEP	2026-09-09T21:15:14.1265420Z ##[group]Setting up auth
UI matrix shard 2/4	UNKNOWN STEP	2026-09-09T21:15:14.1273480Z [command]/opt/homebrew/bin/git config --local --name-only --get-regexp core\.sshCommand
UI matrix shard 2/4	UNKNOWN STEP	2026-09-09T21:15:14.1416300Z [command]/opt/homebrew/bin/git submodule foreach --recursive sh -c "git config --local --name-only --get-regexp 'core\.sshCommand' && git config --local --unset-all 'core.sshCommand' || :"
UI matrix shard 2/4	UNKNOWN STEP	2026-09-09T21:15:14.2849430Z [command]/opt/homebrew/bin/git config --local --name-only --get-regexp http\.https\:\/\/github\.com\/\.extraheader
UI matrix shard 2/4	UNKNOWN STEP	2026-09-09T21:15:14.2963180Z [command]/opt/homebrew/bin/git submodule foreach --recursive sh -c "git config --local --name-only --get-regexp 'http\.https\:\/\/github\.com\/\.extraheader' && git config --local --unset-all 'http.https://github.com/.extraheader' || :"
UI matrix shard 2/4	UNKNOWN STEP	2026-09-09T21:15:14.3931910Z [command]/opt/homebrew/bin/git config --local --name-only --get-regexp ^includeIf\.gitdir:
UI matrix shard 2/4	UNKNOWN STEP	2026-09-09T21:15:14.4011470Z [command]/opt/homebrew/bin/git submodule foreach --recursive git config --local --show-origin --name-only --get-regexp remote.origin.url
UI matrix shard 2/4	UNKNOWN STEP	2026-09-09T21:15:14.6371580Z [command]/opt/homebrew/bin/git config --local http.https://github.com/.extraheader AUTHORIZATION: basic ***
UI matrix shard 2/4	UNKNOWN STEP	2026-09-09T21:15:14.6525670Z ##[endgroup]
UI matrix shard 2/4	UNKNOWN STEP	2026-09-09T21:15:14.6526980Z ##[group]Fetching the repository
UI matrix shard 2/4	UNKNOWN STEP	2026-09-09T21:15:14.6529300Z [command]/opt/homebrew/bin/git -c protocol.version=2 fetch --no-tags --prune --no-recurse-submodules --depth=1 origin +cfbddfba0866856400ed8f04a192002da993cd09:refs/remotes/pull/3/merge
UI matrix shard 2/4	UNKNOWN STEP	2026-09-09T21:15:15.6689720Z From https://github.com/AIowa-LLC/hermes-fleet
UI matrix shard 2/4	UNKNOWN STEP	2026-09-09T21:15:15.6793170Z  * [new ref]         cfbddfba0866856400ed8f04a192002da993cd09 -> pull/3/merge
UI matrix shard 2/4	UNKNOWN STEP	2026-09-09T21:15:15.7103160Z ##[endgroup]
UI matrix shard 2/4	UNKNOWN STEP	2026-09-09T21:15:15.7179460Z ##[group]Determining the checkout info
UI matrix shard 2/4	UNKNOWN STEP	2026-09-09T21:15:15.7235730Z ##[endgroup]
UI matrix shard 2/4	UNKNOWN STEP	2026-09-09T21:15:15.7236410Z [command]/opt/homebrew/bin/git sparse-checkout disable
UI matrix shard 2/4	UNKNOWN STEP	2026-09-09T21:15:15.7238160Z [command]/opt/homebrew/bin/git config --local --unset-all extensions.worktreeConfig
UI matrix shard 2/4	UNKNOWN STEP	2026-09-09T21:15:15.7239430Z ##[group]Checking out the ref
UI matrix shard 2/4	UNKNOWN STEP	2026-09-09T21:15:15.7239890Z [command]/opt/homebrew/bin/git checkout --progress --force refs/remotes/pull/3/merge
UI matrix shard 2/4	UNKNOWN STEP	2026-09-09T21:15:15.8965930Z HEAD is now at cfbddfb Merge 65c5369a4d6e57c27d292e7862423e184fc0ec35 into 3ef3437017dee63288b541968b2fa4189a486c55
UI matrix shard 2/4	UNKNOWN STEP	2026-09-09T21:15:15.8994560Z ##[endgroup]
UI matrix shard 2/4	UNKNOWN STEP	2026-09-09T21:15:15.9126170Z [command]/opt/homebrew/bin/git log -1 --format=%H
UI matrix shard 2/4	UNKNOWN STEP	2026-09-09T21:15:15.9226620Z cfbddfba0866856400ed8f04a192002da993cd09
UI matrix shard 2/4	UNKNOWN STEP	2026-09-09T21:15:15.9872990Z ##[group]Run bash scripts/c1_ui_matrix.sh --shard 2 --shards 4
UI matrix shard 2/4	UNKNOWN STEP	2026-09-09T21:15:15.9873750Z ^[[36;1mbash scripts/c1_ui_matrix.sh --shard 2 --shards 4^[[0m
UI matrix shard 2/4	UNKNOWN STEP	2026-09-09T21:15:15.9933120Z shell: /bin/bash -e {0}
UI matrix shard 2/4	UNKNOWN STEP	2026-09-09T21:15:15.9933580Z ##[endgroup]
UI matrix shard 2/4	UNKNOWN STEP	2026-09-09T21:15:16.1077310Z audit: 40 CI suites + 11 environmental suites = 51 bundle classes — every class accounted for exactly once.
UI matrix shard 2/4	UNKNOWN STEP	2026-09-09T21:16:18.4566310Z   using simulator: iPhone 17 Pro
UI matrix shard 2/4	UNKNOWN STEP	2026-09-09T21:16:18.4781020Z C1 UI (shard) [01/10] HermesFleetAppUITests/HermesFleetReconnectUITests ...
UI matrix shard 2/4	UNKNOWN STEP	2026-09-09T21:23:51.1935720Z PASS  UI HermesFleetReconnect — executed=1 failed=0
UI matrix shard 2/4	UNKNOWN STEP	2026-09-09T21:23:51.1950040Z C1 UI (shard) [02/10] HermesFleetAppUITests/H1AppLockUITests ...
UI matrix shard 2/4	UNKNOWN STEP	2026-09-09T21:26:45.8085430Z PASS  UI H1AppLock — executed=3 failed=0
UI matrix shard 2/4	UNKNOWN STEP	2026-09-09T21:26:45.8168400Z C1 UI (shard) [03/10] HermesFleetAppUITests/SplashUITests ...
UI matrix shard 2/4	UNKNOWN STEP	2026-09-09T21:31:03.3237400Z PASS  UI Splash — executed=1 failed=0
UI matrix shard 2/4	UNKNOWN STEP	2026-09-09T21:31:03.3455160Z C1 UI (shard) [04/10] HermesFleetAppUITests/SecondGenerationUITests ...
UI matrix shard 2/4	UNKNOWN STEP	2026-09-09T21:36:15.4603100Z PASS  UI SecondGeneration — executed=3 failed=0
UI matrix shard 2/4	UNKNOWN STEP	2026-09-09T21:36:15.4637480Z C1 UI (shard) [05/10] HermesFleetAppUITests/U7GatewayQrLockSettingsUITests ...
UI matrix shard 2/4	UNKNOWN STEP	2026-09-09T21:40:41.8531460Z PASS  UI U7GatewayQrLockSettings — executed=5 failed=0
UI matrix shard 2/4	UNKNOWN STEP	2026-09-09T21:40:41.8556840Z C1 UI (shard) [06/10] HermesFleetAppUITests/R9ApprovalBannerUITests ...
UI matrix shard 2/4	UNKNOWN STEP	2026-09-09T21:44:45.9647340Z PASS  UI R9ApprovalBanner — executed=2 failed=0
UI matrix shard 2/4	UNKNOWN STEP	2026-09-09T21:44:45.9676400Z C1 UI (shard) [07/10] HermesFleetAppUITests/R10AttachmentTrayUITests ...
UI matrix shard 2/4	UNKNOWN STEP	2026-09-09T21:49:30.5973430Z PASS  UI R10AttachmentTray — executed=2 failed=0
UI matrix shard 2/4	UNKNOWN STEP	2026-09-09T21:49:30.5993410Z C1 UI (shard) [08/10] HermesFleetAppUITests/R10MemoryGraphEditUITests ...
UI matrix shard 2/4	UNKNOWN STEP	2026-09-09T21:56:39.1392830Z PASS  UI R10MemoryGraphEdit — executed=3 failed=0
UI matrix shard 2/4	UNKNOWN STEP	2026-09-09T21:56:39.1419240Z C1 UI (shard) [09/10] HermesFleetAppUITests/RoomLinkMentionsUITests ...
UI matrix shard 2/4	UNKNOWN STEP	2026-09-09T22:02:09.4668520Z PASS  UI RoomLinkMentions — executed=6 failed=0
UI matrix shard 2/4	UNKNOWN STEP	2026-09-09T22:02:09.4698850Z C1 UI (shard) [10/10] HermesFleetAppUITests/FOS5BotsGroupsChatsUITests ...
UI matrix shard 2/4	UNKNOWN STEP	2026-09-09T22:05:29.5830950Z PASS  UI FOS5BotsGroupsChats — executed=4 failed=0
UI matrix shard 2/4	UNKNOWN STEP	2026-09-09T22:05:29.5871840Z UI MATRIX (shard): suites=10 tests=30 FAIL=0
UI matrix shard 2/4	UNKNOWN STEP	2026-09-09T22:05:29.7796380Z Node 20 is being deprecated. This workflow is running with Node 24 by default. If you need to temporarily use Node 20, you can set the ACTIONS_ALLOW_USE_UNSECURE_NODE_VERSION=true environment variable. For more information see: https://github.blog/changelog/2025-09-19-deprecation-of-node-20-on-github-actions-runners/
UI matrix shard 2/4	UNKNOWN STEP	2026-09-09T22:05:29.7798380Z Post job cleanup.
UI matrix shard 2/4	UNKNOWN STEP	2026-09-09T22:05:30.9821920Z [command]/opt/homebrew/bin/git version
UI matrix shard 2/4	UNKNOWN STEP	2026-09-09T22:05:31.0382970Z git version 2.55.0
UI matrix shard 2/4	UNKNOWN STEP	2026-09-09T22:05:31.0413270Z Copying '/Users/runner/.gitconfig' to '/Users/runner/work/_temp/7a063ef5-3ad7-499f-9ba2-a5124e25834f/.gitconfig'
UI matrix shard 2/4	UNKNOWN STEP	2026-09-09T22:05:31.0432610Z Temporarily overriding HOME='/Users/runner/work/_temp/7a063ef5-3ad7-499f-9ba2-a5124e25834f' before making global git config changes
UI matrix shard 2/4	UNKNOWN STEP	2026-09-09T22:05:31.0437670Z Adding repository directory to the temporary git global config as a safe directory
UI matrix shard 2/4	UNKNOWN STEP	2026-09-09T22:05:31.0442380Z [command]/opt/homebrew/bin/git config --global --add safe.directory /Users/runner/work/hermes-fleet/hermes-fleet
UI matrix shard 2/4	UNKNOWN STEP	2026-09-09T22:05:31.0708920Z [command]/opt/homebrew/bin/git config --local --name-only --get-regexp core\.sshCommand
UI matrix shard 2/4	UNKNOWN STEP	2026-09-09T22:05:31.0843860Z [command]/opt/homebrew/bin/git submodule foreach --recursive sh -c "git config --local --name-only --get-regexp 'core\.sshCommand' && git config --local --unset-all 'core.sshCommand' || :"
UI matrix shard 2/4	UNKNOWN STEP	2026-09-09T22:05:31.2782050Z [command]/opt/homebrew/bin/git config --local --name-only --get-regexp http\.https\:\/\/github\.com\/\.extraheader
UI matrix shard 2/4	UNKNOWN STEP	2026-09-09T22:05:31.2882260Z http.https://github.com/.extraheader
UI matrix shard 2/4	UNKNOWN STEP	2026-09-09T22:05:31.2903450Z [command]/opt/homebrew/bin/git config --local --unset-all http.https://github.com/.extraheader
UI matrix shard 2/4	UNKNOWN STEP	2026-09-09T22:05:31.3031940Z [command]/opt/homebrew/bin/git submodule foreach --recursive sh -c "git config --local --name-only --get-regexp 'http\.https\:\/\/github\.com\/\.extraheader' && git config --local --unset-all 'http.https://github.com/.extraheader' || :"
UI matrix shard 2/4	UNKNOWN STEP	2026-09-09T22:05:31.4493260Z [command]/opt/homebrew/bin/git config --local --name-only --get-regexp ^includeIf\.gitdir:
UI matrix shard 2/4	UNKNOWN STEP	2026-09-09T22:05:31.4579640Z [command]/opt/homebrew/bin/git submodule foreach --recursive git config --local --show-origin --name-only --get-regexp remote.origin.url
UI matrix shard 2/4	UNKNOWN STEP	2026-09-09T22:05:31.8266260Z Cleaning up orphan processes
UI matrix shard 2/4	UNKNOWN STEP	2026-09-09T22:05:36.5817470Z ##[warning]Node.js 20 is deprecated. The following actions target Node.js 20 but are being forced to run on Node.js 24: actions/checkout@v4. For more information see: https://github.blog/changelog/2025-09-19-deprecation-of-node-20-on-github-actions-runners/
