UI matrix shard 5/5	UNKNOWN STEP	﻿2026-09-09T23:13:08.9847440Z Current runner version: '2.337.0'
UI matrix shard 5/5	UNKNOWN STEP	2026-09-09T23:13:08.9863050Z ##[group]Runner Image Provisioner
UI matrix shard 5/5	UNKNOWN STEP	2026-09-09T23:13:08.9863620Z Hosted Compute Agent
UI matrix shard 5/5	UNKNOWN STEP	2026-09-09T23:13:08.9864100Z Version: 20260828.587
UI matrix shard 5/5	UNKNOWN STEP	2026-09-09T23:13:08.9864640Z Commit: abac92662cab4cc7352de4f9f9d2e2419aad9c29
UI matrix shard 5/5	UNKNOWN STEP	2026-09-09T23:13:08.9865210Z Build Date: 2026-08-28T16:44:25Z
UI matrix shard 5/5	UNKNOWN STEP	2026-09-09T23:13:08.9865750Z Worker ID: {5b719944-cf57-4ce4-ab71-486fa8f59823}
UI matrix shard 5/5	UNKNOWN STEP	2026-09-09T23:13:08.9866360Z Azure Region: westus
UI matrix shard 5/5	UNKNOWN STEP	2026-09-09T23:13:08.9866850Z ##[endgroup]
UI matrix shard 5/5	UNKNOWN STEP	2026-09-09T23:13:08.9867950Z ##[group]Operating System
UI matrix shard 5/5	UNKNOWN STEP	2026-09-09T23:13:08.9868440Z macOS
UI matrix shard 5/5	UNKNOWN STEP	2026-09-09T23:13:08.9868890Z 26.6.2
UI matrix shard 5/5	UNKNOWN STEP	2026-09-09T23:13:08.9869300Z 25G83
UI matrix shard 5/5	UNKNOWN STEP	2026-09-09T23:13:08.9869720Z ##[endgroup]
UI matrix shard 5/5	UNKNOWN STEP	2026-09-09T23:13:08.9870200Z ##[group]Runner Image
UI matrix shard 5/5	UNKNOWN STEP	2026-09-09T23:13:08.9870700Z Image: macos-26-arm64
UI matrix shard 5/5	UNKNOWN STEP	2026-09-09T23:13:08.9871190Z Version: 20260831.0337.3
UI matrix shard 5/5	UNKNOWN STEP	2026-09-09T23:13:08.9872050Z Included Software: https://github.com/actions/runner-images/blob/macos-26-arm64/20260831.0337/images/macos/macos-26-arm64-Readme.md
UI matrix shard 5/5	UNKNOWN STEP	2026-09-09T23:13:08.9873250Z Image Release: https://github.com/actions/runner-images/releases/tag/macos-26-arm64%2F20260831.0337
UI matrix shard 5/5	UNKNOWN STEP	2026-09-09T23:13:08.9874010Z ##[endgroup]
UI matrix shard 5/5	UNKNOWN STEP	2026-09-09T23:13:08.9874830Z ##[group]GITHUB_TOKEN Permissions
UI matrix shard 5/5	UNKNOWN STEP	2026-09-09T23:13:08.9876130Z Contents: read
UI matrix shard 5/5	UNKNOWN STEP	2026-09-09T23:13:08.9876500Z Metadata: read
UI matrix shard 5/5	UNKNOWN STEP	2026-09-09T23:13:08.9876980Z Packages: read
UI matrix shard 5/5	UNKNOWN STEP	2026-09-09T23:13:08.9877370Z ##[endgroup]
UI matrix shard 5/5	UNKNOWN STEP	2026-09-09T23:13:08.9878990Z Secret source: Actions
UI matrix shard 5/5	UNKNOWN STEP	2026-09-09T23:13:08.9879660Z Cache mode: write
UI matrix shard 5/5	UNKNOWN STEP	2026-09-09T23:13:08.9880130Z Prepare workflow directory
UI matrix shard 5/5	UNKNOWN STEP	2026-09-09T23:13:09.0140430Z Prepare all required actions
UI matrix shard 5/5	UNKNOWN STEP	2026-09-09T23:13:09.0198500Z Getting action download info
UI matrix shard 5/5	UNKNOWN STEP	2026-09-09T23:13:09.4100910Z Download action repository 'actions/checkout@v4' (SHA:11d5960a326750d5838078e36cf38b85af677262)
UI matrix shard 5/5	UNKNOWN STEP	2026-09-09T23:13:09.6271770Z Complete job name: UI matrix shard 5/5
UI matrix shard 5/5	UNKNOWN STEP	2026-09-09T23:13:09.6721310Z Node 20 is being deprecated. This workflow is running with Node 24 by default. If you need to temporarily use Node 20, you can set the ACTIONS_ALLOW_USE_UNSECURE_NODE_VERSION=true environment variable. For more information see: https://github.blog/changelog/2025-09-19-deprecation-of-node-20-on-github-actions-runners/
UI matrix shard 5/5	UNKNOWN STEP	2026-09-09T23:13:09.6727990Z ##[group]Run actions/checkout@v4
UI matrix shard 5/5	UNKNOWN STEP	2026-09-09T23:13:09.6728660Z with:
UI matrix shard 5/5	UNKNOWN STEP	2026-09-09T23:13:09.6729050Z   fetch-depth: 1
UI matrix shard 5/5	UNKNOWN STEP	2026-09-09T23:13:09.6729400Z   repository: AIowa-LLC/hermes-fleet
UI matrix shard 5/5	UNKNOWN STEP	2026-09-09T23:13:09.6732180Z   token: ***
UI matrix shard 5/5	UNKNOWN STEP	2026-09-09T23:13:09.6732500Z   ssh-strict: true
UI matrix shard 5/5	UNKNOWN STEP	2026-09-09T23:13:09.6732830Z   ssh-user: git
UI matrix shard 5/5	UNKNOWN STEP	2026-09-09T23:13:09.6733150Z   persist-credentials: true
UI matrix shard 5/5	UNKNOWN STEP	2026-09-09T23:13:09.6733510Z   clean: true
UI matrix shard 5/5	UNKNOWN STEP	2026-09-09T23:13:09.6733840Z   sparse-checkout-cone-mode: true
UI matrix shard 5/5	UNKNOWN STEP	2026-09-09T23:13:09.6734230Z   fetch-tags: false
UI matrix shard 5/5	UNKNOWN STEP	2026-09-09T23:13:09.6734560Z   show-progress: true
UI matrix shard 5/5	UNKNOWN STEP	2026-09-09T23:13:09.6734890Z   lfs: false
UI matrix shard 5/5	UNKNOWN STEP	2026-09-09T23:13:09.6735230Z   submodules: false
UI matrix shard 5/5	UNKNOWN STEP	2026-09-09T23:13:09.6735570Z   set-safe-directory: true
UI matrix shard 5/5	UNKNOWN STEP	2026-09-09T23:13:09.6735950Z   allow-unsafe-pr-checkout: false
UI matrix shard 5/5	UNKNOWN STEP	2026-09-09T23:13:09.6736450Z ##[endgroup]
UI matrix shard 5/5	UNKNOWN STEP	2026-09-09T23:13:10.1761220Z Syncing repository: AIowa-LLC/hermes-fleet
UI matrix shard 5/5	UNKNOWN STEP	2026-09-09T23:13:10.1762580Z ##[group]Getting Git version info
UI matrix shard 5/5	UNKNOWN STEP	2026-09-09T23:13:10.1763190Z Working directory is '/Users/runner/work/hermes-fleet/hermes-fleet'
UI matrix shard 5/5	UNKNOWN STEP	2026-09-09T23:13:10.1764070Z [command]/opt/homebrew/bin/git version
UI matrix shard 5/5	UNKNOWN STEP	2026-09-09T23:13:10.1986850Z git version 2.55.0
UI matrix shard 5/5	UNKNOWN STEP	2026-09-09T23:13:10.1997620Z ##[endgroup]
UI matrix shard 5/5	UNKNOWN STEP	2026-09-09T23:13:10.2003530Z Copying '/Users/runner/.gitconfig' to '/Users/runner/work/_temp/3f2e4295-ce14-42ed-9a20-cbe25d3fdee3/.gitconfig'
UI matrix shard 5/5	UNKNOWN STEP	2026-09-09T23:13:10.2010100Z Temporarily overriding HOME='/Users/runner/work/_temp/3f2e4295-ce14-42ed-9a20-cbe25d3fdee3' before making global git config changes
UI matrix shard 5/5	UNKNOWN STEP	2026-09-09T23:13:10.2011110Z Adding repository directory to the temporary git global config as a safe directory
UI matrix shard 5/5	UNKNOWN STEP	2026-09-09T23:13:10.2013170Z [command]/opt/homebrew/bin/git config --global --add safe.directory /Users/runner/work/hermes-fleet/hermes-fleet
UI matrix shard 5/5	UNKNOWN STEP	2026-09-09T23:13:10.2114130Z Deleting the contents of '/Users/runner/work/hermes-fleet/hermes-fleet'
UI matrix shard 5/5	UNKNOWN STEP	2026-09-09T23:13:10.2116740Z ##[group]Initializing the repository
UI matrix shard 5/5	UNKNOWN STEP	2026-09-09T23:13:10.2120200Z [command]/opt/homebrew/bin/git init /Users/runner/work/hermes-fleet/hermes-fleet
UI matrix shard 5/5	UNKNOWN STEP	2026-09-09T23:13:10.2301520Z hint: Using 'master' as the name for the initial branch. This default branch name
UI matrix shard 5/5	UNKNOWN STEP	2026-09-09T23:13:10.2303520Z hint: will change to "main" in Git 3.0. To configure the initial branch name
UI matrix shard 5/5	UNKNOWN STEP	2026-09-09T23:13:10.2304730Z hint: to use in all of your new repositories, which will suppress this warning,
UI matrix shard 5/5	UNKNOWN STEP	2026-09-09T23:13:10.2305330Z hint: call:
UI matrix shard 5/5	UNKNOWN STEP	2026-09-09T23:13:10.2305680Z hint:
UI matrix shard 5/5	UNKNOWN STEP	2026-09-09T23:13:10.2306150Z hint: 	git config --global init.defaultBranch <name>
UI matrix shard 5/5	UNKNOWN STEP	2026-09-09T23:13:10.2306620Z hint:
UI matrix shard 5/5	UNKNOWN STEP	2026-09-09T23:13:10.2307140Z hint: Names commonly chosen instead of 'master' are 'main', 'trunk' and
UI matrix shard 5/5	UNKNOWN STEP	2026-09-09T23:13:10.2307850Z hint: 'development'. The just-created branch can be renamed via this command:
UI matrix shard 5/5	UNKNOWN STEP	2026-09-09T23:13:10.2308410Z hint:
UI matrix shard 5/5	UNKNOWN STEP	2026-09-09T23:13:10.2308740Z hint: 	git branch -m <name>
UI matrix shard 5/5	UNKNOWN STEP	2026-09-09T23:13:10.2309120Z hint:
UI matrix shard 5/5	UNKNOWN STEP	2026-09-09T23:13:10.2309590Z hint: Disable this message with "git config set advice.defaultBranchName false"
UI matrix shard 5/5	UNKNOWN STEP	2026-09-09T23:13:10.2310460Z Initialized empty Git repository in /Users/runner/work/hermes-fleet/hermes-fleet/.git/
UI matrix shard 5/5	UNKNOWN STEP	2026-09-09T23:13:10.2311930Z [command]/opt/homebrew/bin/git remote add origin https://github.com/AIowa-LLC/hermes-fleet
UI matrix shard 5/5	UNKNOWN STEP	2026-09-09T23:13:10.2381100Z ##[endgroup]
UI matrix shard 5/5	UNKNOWN STEP	2026-09-09T23:13:10.2381750Z ##[group]Disabling automatic garbage collection
UI matrix shard 5/5	UNKNOWN STEP	2026-09-09T23:13:10.2383510Z [command]/opt/homebrew/bin/git config --local gc.auto 0
UI matrix shard 5/5	UNKNOWN STEP	2026-09-09T23:13:10.2446230Z ##[endgroup]
UI matrix shard 5/5	UNKNOWN STEP	2026-09-09T23:13:10.2446820Z ##[group]Setting up auth
UI matrix shard 5/5	UNKNOWN STEP	2026-09-09T23:13:10.2450680Z [command]/opt/homebrew/bin/git config --local --name-only --get-regexp core\.sshCommand
UI matrix shard 5/5	UNKNOWN STEP	2026-09-09T23:13:10.2512770Z [command]/opt/homebrew/bin/git submodule foreach --recursive sh -c "git config --local --name-only --get-regexp 'core\.sshCommand' && git config --local --unset-all 'core.sshCommand' || :"
UI matrix shard 5/5	UNKNOWN STEP	2026-09-09T23:13:10.3316260Z [command]/opt/homebrew/bin/git config --local --name-only --get-regexp http\.https\:\/\/github\.com\/\.extraheader
UI matrix shard 5/5	UNKNOWN STEP	2026-09-09T23:13:10.3396050Z [command]/opt/homebrew/bin/git submodule foreach --recursive sh -c "git config --local --name-only --get-regexp 'http\.https\:\/\/github\.com\/\.extraheader' && git config --local --unset-all 'http.https://github.com/.extraheader' || :"
UI matrix shard 5/5	UNKNOWN STEP	2026-09-09T23:13:10.4163680Z [command]/opt/homebrew/bin/git config --local --name-only --get-regexp ^includeIf\.gitdir:
UI matrix shard 5/5	UNKNOWN STEP	2026-09-09T23:13:10.4224140Z [command]/opt/homebrew/bin/git submodule foreach --recursive git config --local --show-origin --name-only --get-regexp remote.origin.url
UI matrix shard 5/5	UNKNOWN STEP	2026-09-09T23:13:10.4935250Z [command]/opt/homebrew/bin/git config --local http.https://github.com/.extraheader AUTHORIZATION: basic ***
UI matrix shard 5/5	UNKNOWN STEP	2026-09-09T23:13:10.4998590Z ##[endgroup]
UI matrix shard 5/5	UNKNOWN STEP	2026-09-09T23:13:10.4999290Z ##[group]Fetching the repository
UI matrix shard 5/5	UNKNOWN STEP	2026-09-09T23:13:10.5004460Z [command]/opt/homebrew/bin/git -c protocol.version=2 fetch --no-tags --prune --no-recurse-submodules --depth=1 origin +3965973a8786160e8e940f436f22b8547dbd3c4c:refs/remotes/pull/3/merge
UI matrix shard 5/5	UNKNOWN STEP	2026-09-09T23:13:11.9862460Z From https://github.com/AIowa-LLC/hermes-fleet
UI matrix shard 5/5	UNKNOWN STEP	2026-09-09T23:13:11.9863770Z  * [new ref]         3965973a8786160e8e940f436f22b8547dbd3c4c -> pull/3/merge
UI matrix shard 5/5	UNKNOWN STEP	2026-09-09T23:13:11.9866290Z ##[endgroup]
UI matrix shard 5/5	UNKNOWN STEP	2026-09-09T23:13:11.9867190Z ##[group]Determining the checkout info
UI matrix shard 5/5	UNKNOWN STEP	2026-09-09T23:13:11.9868190Z ##[endgroup]
UI matrix shard 5/5	UNKNOWN STEP	2026-09-09T23:13:11.9871720Z [command]/opt/homebrew/bin/git sparse-checkout disable
UI matrix shard 5/5	UNKNOWN STEP	2026-09-09T23:13:11.9953200Z [command]/opt/homebrew/bin/git config --local --unset-all extensions.worktreeConfig
UI matrix shard 5/5	UNKNOWN STEP	2026-09-09T23:13:12.0015170Z ##[group]Checking out the ref
UI matrix shard 5/5	UNKNOWN STEP	2026-09-09T23:13:12.0016650Z [command]/opt/homebrew/bin/git checkout --progress --force refs/remotes/pull/3/merge
UI matrix shard 5/5	UNKNOWN STEP	2026-09-09T23:13:12.1279260Z HEAD is now at 3965973 Merge dfd4ad73e1e0bca050814e7505f2e3f606efbef1 into 3ef3437017dee63288b541968b2fa4189a486c55
UI matrix shard 5/5	UNKNOWN STEP	2026-09-09T23:13:12.1288150Z ##[endgroup]
UI matrix shard 5/5	UNKNOWN STEP	2026-09-09T23:13:12.1372680Z [command]/opt/homebrew/bin/git log -1 --format=%H
UI matrix shard 5/5	UNKNOWN STEP	2026-09-09T23:13:12.1438660Z 3965973a8786160e8e940f436f22b8547dbd3c4c
UI matrix shard 5/5	UNKNOWN STEP	2026-09-09T23:13:12.1646490Z ##[group]Run bash scripts/c1_ui_matrix.sh --shard 5 --shards 5
UI matrix shard 5/5	UNKNOWN STEP	2026-09-09T23:13:12.1647870Z ^[[36;1mbash scripts/c1_ui_matrix.sh --shard 5 --shards 5^[[0m
UI matrix shard 5/5	UNKNOWN STEP	2026-09-09T23:13:12.1685280Z shell: /bin/bash -e {0}
UI matrix shard 5/5	UNKNOWN STEP	2026-09-09T23:13:12.1686120Z ##[endgroup]
UI matrix shard 5/5	UNKNOWN STEP	2026-09-09T23:13:12.2289620Z audit: 40 CI suites + 11 environmental suites = 51 bundle classes — every class accounted for exactly once.
UI matrix shard 5/5	UNKNOWN STEP	2026-09-09T23:13:29.9332730Z   using simulator: iPhone 17 Pro
UI matrix shard 5/5	UNKNOWN STEP	2026-09-09T23:13:29.9458970Z C1 UI (shard) [01/08] HermesFleetAppUITests/RT2RemovalAndEndpointSanitizationUITests ...
UI matrix shard 5/5	UNKNOWN STEP	2026-09-09T23:19:22.4936040Z PASS  UI RT2RemovalAndEndpointSanitization — executed=2 failed=0
UI matrix shard 5/5	UNKNOWN STEP	2026-09-09T23:19:22.4949630Z C1 UI (shard) [02/08] HermesFleetAppUITests/SplashUITests ...
UI matrix shard 5/5	UNKNOWN STEP	2026-09-09T23:23:12.1820970Z PASS  UI Splash — executed=1 failed=0
UI matrix shard 5/5	UNKNOWN STEP	2026-09-09T23:23:12.1859360Z C1 UI (shard) [03/08] HermesFleetAppUITests/U4DashboardUITests ...
UI matrix shard 5/5	UNKNOWN STEP	2026-09-09T23:26:36.9180330Z PASS  UI U4Dashboard — executed=4 failed=0
UI matrix shard 5/5	UNKNOWN STEP	2026-09-09T23:26:36.9195780Z C1 UI (shard) [04/08] HermesFleetAppUITests/C2SetupPromptUITests ...
UI matrix shard 5/5	UNKNOWN STEP	2026-09-09T23:30:13.7401260Z PASS  UI C2SetupPrompt — executed=2 failed=0
UI matrix shard 5/5	UNKNOWN STEP	2026-09-09T23:30:13.7435230Z C1 UI (shard) [05/08] HermesFleetAppUITests/R9MemoryGraphUITests ...
UI matrix shard 5/5	UNKNOWN STEP	2026-09-09T23:33:48.6218920Z PASS  UI R9MemoryGraph — executed=1 failed=0
UI matrix shard 5/5	UNKNOWN STEP	2026-09-09T23:33:48.6225020Z C1 UI (shard) [06/08] HermesFleetAppUITests/R10MemoryGraphEditUITests ...
UI matrix shard 5/5	UNKNOWN STEP	2026-09-09T23:39:55.2985220Z PASS  UI R10MemoryGraphEdit — executed=3 failed=0
UI matrix shard 5/5	UNKNOWN STEP	2026-09-09T23:39:55.2987760Z C1 UI (shard) [07/08] HermesFleetAppUITests/FOS2GatewayDetailUITests ...
UI matrix shard 5/5	UNKNOWN STEP	2026-09-09T23:44:51.0154490Z PASS  UI FOS2GatewayDetail — executed=5 failed=0
UI matrix shard 5/5	UNKNOWN STEP	2026-09-09T23:44:51.0164420Z C1 UI (shard) [08/08] HermesFleetAppUITests/FOS8AccessibilityUITests ...
UI matrix shard 5/5	UNKNOWN STEP	2026-09-09T23:50:09.1506480Z PASS  UI FOS8Accessibility — executed=6 failed=0
UI matrix shard 5/5	UNKNOWN STEP	2026-09-09T23:50:09.1514550Z UI MATRIX (shard): suites=8 tests=24 FAIL=0
UI matrix shard 5/5	UNKNOWN STEP	2026-09-09T23:50:09.2440600Z Node 20 is being deprecated. This workflow is running with Node 24 by default. If you need to temporarily use Node 20, you can set the ACTIONS_ALLOW_USE_UNSECURE_NODE_VERSION=true environment variable. For more information see: https://github.blog/changelog/2025-09-19-deprecation-of-node-20-on-github-actions-runners/
UI matrix shard 5/5	UNKNOWN STEP	2026-09-09T23:50:09.2442850Z Post job cleanup.
UI matrix shard 5/5	UNKNOWN STEP	2026-09-09T23:50:10.1600230Z [command]/opt/homebrew/bin/git version
UI matrix shard 5/5	UNKNOWN STEP	2026-09-09T23:50:10.2248420Z git version 2.55.0
UI matrix shard 5/5	UNKNOWN STEP	2026-09-09T23:50:10.2270150Z Copying '/Users/runner/.gitconfig' to '/Users/runner/work/_temp/758e46fb-7959-47c1-9c3b-791defb666f9/.gitconfig'
UI matrix shard 5/5	UNKNOWN STEP	2026-09-09T23:50:10.2280090Z Temporarily overriding HOME='/Users/runner/work/_temp/758e46fb-7959-47c1-9c3b-791defb666f9' before making global git config changes
UI matrix shard 5/5	UNKNOWN STEP	2026-09-09T23:50:10.2281200Z Adding repository directory to the temporary git global config as a safe directory
UI matrix shard 5/5	UNKNOWN STEP	2026-09-09T23:50:10.2284910Z [command]/opt/homebrew/bin/git config --global --add safe.directory /Users/runner/work/hermes-fleet/hermes-fleet
UI matrix shard 5/5	UNKNOWN STEP	2026-09-09T23:50:10.2487650Z [command]/opt/homebrew/bin/git config --local --name-only --get-regexp core\.sshCommand
UI matrix shard 5/5	UNKNOWN STEP	2026-09-09T23:50:10.2617320Z [command]/opt/homebrew/bin/git submodule foreach --recursive sh -c "git config --local --name-only --get-regexp 'core\.sshCommand' && git config --local --unset-all 'core.sshCommand' || :"
UI matrix shard 5/5	UNKNOWN STEP	2026-09-09T23:50:10.3916950Z [command]/opt/homebrew/bin/git config --local --name-only --get-regexp http\.https\:\/\/github\.com\/\.extraheader
UI matrix shard 5/5	UNKNOWN STEP	2026-09-09T23:50:10.3990340Z http.https://github.com/.extraheader
UI matrix shard 5/5	UNKNOWN STEP	2026-09-09T23:50:10.3998270Z [command]/opt/homebrew/bin/git config --local --unset-all http.https://github.com/.extraheader
UI matrix shard 5/5	UNKNOWN STEP	2026-09-09T23:50:10.4079420Z [command]/opt/homebrew/bin/git submodule foreach --recursive sh -c "git config --local --name-only --get-regexp 'http\.https\:\/\/github\.com\/\.extraheader' && git config --local --unset-all 'http.https://github.com/.extraheader' || :"
UI matrix shard 5/5	UNKNOWN STEP	2026-09-09T23:50:10.5108440Z [command]/opt/homebrew/bin/git config --local --name-only --get-regexp ^includeIf\.gitdir:
UI matrix shard 5/5	UNKNOWN STEP	2026-09-09T23:50:10.5200140Z [command]/opt/homebrew/bin/git submodule foreach --recursive git config --local --show-origin --name-only --get-regexp remote.origin.url
UI matrix shard 5/5	UNKNOWN STEP	2026-09-09T23:50:10.6734040Z Cleaning up orphan processes
UI matrix shard 5/5	UNKNOWN STEP	2026-09-09T23:50:14.4190630Z ##[warning]Node.js 20 is deprecated. The following actions target Node.js 20 but are being forced to run on Node.js 24: actions/checkout@v4. For more information see: https://github.blog/changelog/2025-09-19-deprecation-of-node-20-on-github-actions-runners/
