UI matrix shard 3/5	UNKNOWN STEP	﻿2026-09-09T22:21:14.4225890Z Current runner version: '2.337.0'
UI matrix shard 3/5	UNKNOWN STEP	2026-09-09T22:21:14.4243980Z ##[group]Runner Image Provisioner
UI matrix shard 3/5	UNKNOWN STEP	2026-09-09T22:21:14.4244970Z Hosted Compute Agent
UI matrix shard 3/5	UNKNOWN STEP	2026-09-09T22:21:14.4245490Z Version: 20260828.587
UI matrix shard 3/5	UNKNOWN STEP	2026-09-09T22:21:14.4246070Z Commit: abac92662cab4cc7352de4f9f9d2e2419aad9c29
UI matrix shard 3/5	UNKNOWN STEP	2026-09-09T22:21:14.4246620Z Build Date: 2026-08-28T16:44:25Z
UI matrix shard 3/5	UNKNOWN STEP	2026-09-09T22:21:14.4247130Z Worker ID: {847e23c0-1a8f-4b83-b28e-7dd8d7cfa233}
UI matrix shard 3/5	UNKNOWN STEP	2026-09-09T22:21:14.4247670Z Azure Region: westus
UI matrix shard 3/5	UNKNOWN STEP	2026-09-09T22:21:14.4248180Z ##[endgroup]
UI matrix shard 3/5	UNKNOWN STEP	2026-09-09T22:21:14.4249290Z ##[group]Operating System
UI matrix shard 3/5	UNKNOWN STEP	2026-09-09T22:21:14.4249870Z macOS
UI matrix shard 3/5	UNKNOWN STEP	2026-09-09T22:21:14.4250360Z 26.6.2
UI matrix shard 3/5	UNKNOWN STEP	2026-09-09T22:21:14.4250790Z 25G83
UI matrix shard 3/5	UNKNOWN STEP	2026-09-09T22:21:14.4251290Z ##[endgroup]
UI matrix shard 3/5	UNKNOWN STEP	2026-09-09T22:21:14.4251720Z ##[group]Runner Image
UI matrix shard 3/5	UNKNOWN STEP	2026-09-09T22:21:14.4252260Z Image: macos-26-arm64
UI matrix shard 3/5	UNKNOWN STEP	2026-09-09T22:21:14.4252740Z Version: 20260831.0337.3
UI matrix shard 3/5	UNKNOWN STEP	2026-09-09T22:21:14.4253730Z Included Software: https://github.com/actions/runner-images/blob/macos-26-arm64/20260831.0337/images/macos/macos-26-arm64-Readme.md
UI matrix shard 3/5	UNKNOWN STEP	2026-09-09T22:21:14.4255010Z Image Release: https://github.com/actions/runner-images/releases/tag/macos-26-arm64%2F20260831.0337
UI matrix shard 3/5	UNKNOWN STEP	2026-09-09T22:21:14.4255800Z ##[endgroup]
UI matrix shard 3/5	UNKNOWN STEP	2026-09-09T22:21:14.4256780Z ##[group]GITHUB_TOKEN Permissions
UI matrix shard 3/5	UNKNOWN STEP	2026-09-09T22:21:14.4258640Z Contents: read
UI matrix shard 3/5	UNKNOWN STEP	2026-09-09T22:21:14.4259030Z Metadata: read
UI matrix shard 3/5	UNKNOWN STEP	2026-09-09T22:21:14.4259730Z Packages: read
UI matrix shard 3/5	UNKNOWN STEP	2026-09-09T22:21:14.4260150Z ##[endgroup]
UI matrix shard 3/5	UNKNOWN STEP	2026-09-09T22:21:14.4262180Z Secret source: Actions
UI matrix shard 3/5	UNKNOWN STEP	2026-09-09T22:21:14.4262980Z Cache mode: write
UI matrix shard 3/5	UNKNOWN STEP	2026-09-09T22:21:14.4263580Z Prepare workflow directory
UI matrix shard 3/5	UNKNOWN STEP	2026-09-09T22:21:14.4534330Z Prepare all required actions
UI matrix shard 3/5	UNKNOWN STEP	2026-09-09T22:21:14.4573790Z Getting action download info
UI matrix shard 3/5	UNKNOWN STEP	2026-09-09T22:21:14.7619130Z Download action repository 'actions/checkout@v4' (SHA:11d5960a326750d5838078e36cf38b85af677262)
UI matrix shard 3/5	UNKNOWN STEP	2026-09-09T22:21:15.0695400Z Complete job name: UI matrix shard 3/5
UI matrix shard 3/5	UNKNOWN STEP	2026-09-09T22:21:15.1224560Z Node 20 is being deprecated. This workflow is running with Node 24 by default. If you need to temporarily use Node 20, you can set the ACTIONS_ALLOW_USE_UNSECURE_NODE_VERSION=true environment variable. For more information see: https://github.blog/changelog/2025-09-19-deprecation-of-node-20-on-github-actions-runners/
UI matrix shard 3/5	UNKNOWN STEP	2026-09-09T22:21:15.1232540Z ##[group]Run actions/checkout@v4
UI matrix shard 3/5	UNKNOWN STEP	2026-09-09T22:21:15.1233070Z with:
UI matrix shard 3/5	UNKNOWN STEP	2026-09-09T22:21:15.1233450Z   fetch-depth: 1
UI matrix shard 3/5	UNKNOWN STEP	2026-09-09T22:21:15.1233830Z   repository: AIowa-LLC/hermes-fleet
UI matrix shard 3/5	UNKNOWN STEP	2026-09-09T22:21:15.1236920Z   token: ***
UI matrix shard 3/5	UNKNOWN STEP	2026-09-09T22:21:15.1237300Z   ssh-strict: true
UI matrix shard 3/5	UNKNOWN STEP	2026-09-09T22:21:15.1237660Z   ssh-user: git
UI matrix shard 3/5	UNKNOWN STEP	2026-09-09T22:21:15.1238030Z   persist-credentials: true
UI matrix shard 3/5	UNKNOWN STEP	2026-09-09T22:21:15.1238440Z   clean: true
UI matrix shard 3/5	UNKNOWN STEP	2026-09-09T22:21:15.1238770Z   sparse-checkout-cone-mode: true
UI matrix shard 3/5	UNKNOWN STEP	2026-09-09T22:21:15.1239190Z   fetch-tags: false
UI matrix shard 3/5	UNKNOWN STEP	2026-09-09T22:21:15.1239580Z   show-progress: true
UI matrix shard 3/5	UNKNOWN STEP	2026-09-09T22:21:15.1239910Z   lfs: false
UI matrix shard 3/5	UNKNOWN STEP	2026-09-09T22:21:15.1240260Z   submodules: false
UI matrix shard 3/5	UNKNOWN STEP	2026-09-09T22:21:15.1240590Z   set-safe-directory: true
UI matrix shard 3/5	UNKNOWN STEP	2026-09-09T22:21:15.1240970Z   allow-unsafe-pr-checkout: false
UI matrix shard 3/5	UNKNOWN STEP	2026-09-09T22:21:15.1241700Z ##[endgroup]
UI matrix shard 3/5	UNKNOWN STEP	2026-09-09T22:21:15.5769580Z Syncing repository: AIowa-LLC/hermes-fleet
UI matrix shard 3/5	UNKNOWN STEP	2026-09-09T22:21:15.5771350Z ##[group]Getting Git version info
UI matrix shard 3/5	UNKNOWN STEP	2026-09-09T22:21:15.5772240Z Working directory is '/Users/runner/work/hermes-fleet/hermes-fleet'
UI matrix shard 3/5	UNKNOWN STEP	2026-09-09T22:21:15.5775490Z [command]/opt/homebrew/bin/git version
UI matrix shard 3/5	UNKNOWN STEP	2026-09-09T22:21:15.6121980Z git version 2.55.0
UI matrix shard 3/5	UNKNOWN STEP	2026-09-09T22:21:15.6158610Z ##[endgroup]
UI matrix shard 3/5	UNKNOWN STEP	2026-09-09T22:21:15.6170150Z Copying '/Users/runner/.gitconfig' to '/Users/runner/work/_temp/cc2bb7f6-2ce6-4029-962b-b785587d0c41/.gitconfig'
UI matrix shard 3/5	UNKNOWN STEP	2026-09-09T22:21:15.6186180Z Temporarily overriding HOME='/Users/runner/work/_temp/cc2bb7f6-2ce6-4029-962b-b785587d0c41' before making global git config changes
UI matrix shard 3/5	UNKNOWN STEP	2026-09-09T22:21:15.6189620Z Adding repository directory to the temporary git global config as a safe directory
UI matrix shard 3/5	UNKNOWN STEP	2026-09-09T22:21:15.6193740Z [command]/opt/homebrew/bin/git config --global --add safe.directory /Users/runner/work/hermes-fleet/hermes-fleet
UI matrix shard 3/5	UNKNOWN STEP	2026-09-09T22:21:15.6362710Z Deleting the contents of '/Users/runner/work/hermes-fleet/hermes-fleet'
UI matrix shard 3/5	UNKNOWN STEP	2026-09-09T22:21:15.6368630Z ##[group]Initializing the repository
UI matrix shard 3/5	UNKNOWN STEP	2026-09-09T22:21:15.6375870Z [command]/opt/homebrew/bin/git init /Users/runner/work/hermes-fleet/hermes-fleet
UI matrix shard 3/5	UNKNOWN STEP	2026-09-09T22:21:15.6743840Z hint: Using 'master' as the name for the initial branch. This default branch name
UI matrix shard 3/5	UNKNOWN STEP	2026-09-09T22:21:15.6746180Z hint: will change to "main" in Git 3.0. To configure the initial branch name
UI matrix shard 3/5	UNKNOWN STEP	2026-09-09T22:21:15.6748130Z hint: to use in all of your new repositories, which will suppress this warning,
UI matrix shard 3/5	UNKNOWN STEP	2026-09-09T22:21:15.6749810Z hint: call:
UI matrix shard 3/5	UNKNOWN STEP	2026-09-09T22:21:15.6750790Z hint:
UI matrix shard 3/5	UNKNOWN STEP	2026-09-09T22:21:15.6752030Z hint: 	git config --global init.defaultBranch <name>
UI matrix shard 3/5	UNKNOWN STEP	2026-09-09T22:21:15.6753440Z hint:
UI matrix shard 3/5	UNKNOWN STEP	2026-09-09T22:21:15.6754820Z hint: Names commonly chosen instead of 'master' are 'main', 'trunk' and
UI matrix shard 3/5	UNKNOWN STEP	2026-09-09T22:21:15.6757080Z hint: 'development'. The just-created branch can be renamed via this command:
UI matrix shard 3/5	UNKNOWN STEP	2026-09-09T22:21:15.6758720Z hint:
UI matrix shard 3/5	UNKNOWN STEP	2026-09-09T22:21:15.6759730Z hint: 	git branch -m <name>
UI matrix shard 3/5	UNKNOWN STEP	2026-09-09T22:21:15.6760780Z hint:
UI matrix shard 3/5	UNKNOWN STEP	2026-09-09T22:21:15.6762230Z hint: Disable this message with "git config set advice.defaultBranchName false"
UI matrix shard 3/5	UNKNOWN STEP	2026-09-09T22:21:15.6764570Z Initialized empty Git repository in /Users/runner/work/hermes-fleet/hermes-fleet/.git/
UI matrix shard 3/5	UNKNOWN STEP	2026-09-09T22:21:15.6768700Z [command]/opt/homebrew/bin/git remote add origin https://github.com/AIowa-LLC/hermes-fleet
UI matrix shard 3/5	UNKNOWN STEP	2026-09-09T22:21:15.6855420Z ##[endgroup]
UI matrix shard 3/5	UNKNOWN STEP	2026-09-09T22:21:15.6857510Z ##[group]Disabling automatic garbage collection
UI matrix shard 3/5	UNKNOWN STEP	2026-09-09T22:21:15.6859130Z [command]/opt/homebrew/bin/git config --local gc.auto 0
UI matrix shard 3/5	UNKNOWN STEP	2026-09-09T22:21:15.6987030Z ##[endgroup]
UI matrix shard 3/5	UNKNOWN STEP	2026-09-09T22:21:15.6989990Z ##[group]Setting up auth
UI matrix shard 3/5	UNKNOWN STEP	2026-09-09T22:21:15.7045090Z [command]/opt/homebrew/bin/git config --local --name-only --get-regexp core\.sshCommand
UI matrix shard 3/5	UNKNOWN STEP	2026-09-09T22:21:15.7251140Z [command]/opt/homebrew/bin/git submodule foreach --recursive sh -c "git config --local --name-only --get-regexp 'core\.sshCommand' && git config --local --unset-all 'core.sshCommand' || :"
UI matrix shard 3/5	UNKNOWN STEP	2026-09-09T22:21:15.9710570Z [command]/opt/homebrew/bin/git config --local --name-only --get-regexp http\.https\:\/\/github\.com\/\.extraheader
UI matrix shard 3/5	UNKNOWN STEP	2026-09-09T22:21:15.9721540Z [command]/opt/homebrew/bin/git submodule foreach --recursive sh -c "git config --local --name-only --get-regexp 'http\.https\:\/\/github\.com\/\.extraheader' && git config --local --unset-all 'http.https://github.com/.extraheader' || :"
UI matrix shard 3/5	UNKNOWN STEP	2026-09-09T22:21:16.0815740Z [command]/opt/homebrew/bin/git config --local --name-only --get-regexp ^includeIf\.gitdir:
UI matrix shard 3/5	UNKNOWN STEP	2026-09-09T22:21:16.0890960Z [command]/opt/homebrew/bin/git submodule foreach --recursive git config --local --show-origin --name-only --get-regexp remote.origin.url
UI matrix shard 3/5	UNKNOWN STEP	2026-09-09T22:21:16.2728810Z [command]/opt/homebrew/bin/git config --local http.https://github.com/.extraheader AUTHORIZATION: basic ***
UI matrix shard 3/5	UNKNOWN STEP	2026-09-09T22:21:16.2790870Z ##[endgroup]
UI matrix shard 3/5	UNKNOWN STEP	2026-09-09T22:21:16.2791620Z ##[group]Fetching the repository
UI matrix shard 3/5	UNKNOWN STEP	2026-09-09T22:21:16.2792770Z [command]/opt/homebrew/bin/git -c protocol.version=2 fetch --no-tags --prune --no-recurse-submodules --depth=1 origin +3965973a8786160e8e940f436f22b8547dbd3c4c:refs/remotes/pull/3/merge
UI matrix shard 3/5	UNKNOWN STEP	2026-09-09T22:21:17.7266170Z From https://github.com/AIowa-LLC/hermes-fleet
UI matrix shard 3/5	UNKNOWN STEP	2026-09-09T22:21:17.7268170Z  * [new ref]         3965973a8786160e8e940f436f22b8547dbd3c4c -> pull/3/merge
UI matrix shard 3/5	UNKNOWN STEP	2026-09-09T22:21:17.7272190Z ##[endgroup]
UI matrix shard 3/5	UNKNOWN STEP	2026-09-09T22:21:17.7275160Z ##[group]Determining the checkout info
UI matrix shard 3/5	UNKNOWN STEP	2026-09-09T22:21:17.7276730Z ##[endgroup]
UI matrix shard 3/5	UNKNOWN STEP	2026-09-09T22:21:17.7288150Z [command]/opt/homebrew/bin/git sparse-checkout disable
UI matrix shard 3/5	UNKNOWN STEP	2026-09-09T22:21:17.7448590Z [command]/opt/homebrew/bin/git config --local --unset-all extensions.worktreeConfig
UI matrix shard 3/5	UNKNOWN STEP	2026-09-09T22:21:17.7610390Z ##[group]Checking out the ref
UI matrix shard 3/5	UNKNOWN STEP	2026-09-09T22:21:17.7613560Z [command]/opt/homebrew/bin/git checkout --progress --force refs/remotes/pull/3/merge
UI matrix shard 3/5	UNKNOWN STEP	2026-09-09T22:21:17.9411860Z HEAD is now at 3965973 Merge dfd4ad73e1e0bca050814e7505f2e3f606efbef1 into 3ef3437017dee63288b541968b2fa4189a486c55
UI matrix shard 3/5	UNKNOWN STEP	2026-09-09T22:21:17.9507090Z ##[endgroup]
UI matrix shard 3/5	UNKNOWN STEP	2026-09-09T22:21:17.9626750Z [command]/opt/homebrew/bin/git log -1 --format=%H
UI matrix shard 3/5	UNKNOWN STEP	2026-09-09T22:21:17.9803970Z 3965973a8786160e8e940f436f22b8547dbd3c4c
UI matrix shard 3/5	UNKNOWN STEP	2026-09-09T22:21:18.0259540Z ##[group]Run bash scripts/c1_ui_matrix.sh --shard 3 --shards 5
UI matrix shard 3/5	UNKNOWN STEP	2026-09-09T22:21:18.0260270Z ^[[36;1mbash scripts/c1_ui_matrix.sh --shard 3 --shards 5^[[0m
UI matrix shard 3/5	UNKNOWN STEP	2026-09-09T22:21:18.0330060Z shell: /bin/bash -e {0}
UI matrix shard 3/5	UNKNOWN STEP	2026-09-09T22:21:18.0330930Z ##[endgroup]
UI matrix shard 3/5	UNKNOWN STEP	2026-09-09T22:21:18.1804730Z audit: 40 CI suites + 11 environmental suites = 51 bundle classes — every class accounted for exactly once.
UI matrix shard 3/5	UNKNOWN STEP	2026-09-09T22:21:23.8443440Z   using simulator: iPhone 17 Pro
UI matrix shard 3/5	UNKNOWN STEP	2026-09-09T22:21:23.8655140Z C1 UI (shard) [01/08] HermesFleetAppUITests/P0_7SessionStateMachineUITests ...
UI matrix shard 3/5	UNKNOWN STEP	2026-09-09T22:30:27.8017940Z PASS  UI P0_7SessionStateMachine — executed=2 failed=0
UI matrix shard 3/5	UNKNOWN STEP	2026-09-09T22:30:27.8022720Z C1 UI (shard) [02/08] HermesFleetAppUITests/RT4FormSaveFailureUITests ...
UI matrix shard 3/5	UNKNOWN STEP	2026-09-09T22:33:18.1860940Z PASS  UI RT4FormSaveFailure — executed=1 failed=0
UI matrix shard 3/5	UNKNOWN STEP	2026-09-09T22:33:18.1894160Z C1 UI (shard) [03/08] HermesFleetAppUITests/U3TabNavigationUITests ...
UI matrix shard 3/5	UNKNOWN STEP	2026-09-09T22:37:31.0914160Z PASS  UI U3TabNavigation — executed=6 failed=0
UI matrix shard 3/5	UNKNOWN STEP	2026-09-09T22:37:31.0932560Z C1 UI (shard) [04/08] HermesFleetAppUITests/U7GatewayQrLockSettingsUITests ...
UI matrix shard 3/5	UNKNOWN STEP	2026-09-09T22:41:28.1033060Z PASS  UI U7GatewayQrLockSettings — executed=5 failed=0
UI matrix shard 3/5	UNKNOWN STEP	2026-09-09T22:41:28.1058780Z C1 UI (shard) [05/08] HermesFleetAppUITests/R9ConversationToolingUITests ...
UI matrix shard 3/5	UNKNOWN STEP	2026-09-09T22:46:30.4007640Z PASS  UI R9ConversationTooling — executed=3 failed=0
UI matrix shard 3/5	UNKNOWN STEP	2026-09-09T22:46:30.4060110Z C1 UI (shard) [06/08] HermesFleetAppUITests/R10ProjectsBrowserUITests ...
UI matrix shard 3/5	UNKNOWN STEP	2026-09-09T22:52:14.8445170Z PASS  UI R10ProjectsBrowser — executed=4 failed=0
UI matrix shard 3/5	UNKNOWN STEP	2026-09-09T22:52:14.8496320Z C1 UI (shard) [07/08] HermesFleetAppUITests/RoomChatUITests ...
UI matrix shard 3/5	UNKNOWN STEP	2026-09-09T22:56:35.1308620Z PASS  UI RoomChat — executed=7 failed=0
UI matrix shard 3/5	UNKNOWN STEP	2026-09-09T22:56:35.1319840Z C1 UI (shard) [08/08] HermesFleetAppUITests/FOS5BotsGroupsChatsUITests ...
UI matrix shard 3/5	UNKNOWN STEP	2026-09-09T22:59:16.2346510Z PASS  UI FOS5BotsGroupsChats — executed=4 failed=0
UI matrix shard 3/5	UNKNOWN STEP	2026-09-09T22:59:16.2351190Z UI MATRIX (shard): suites=8 tests=32 FAIL=0
UI matrix shard 3/5	UNKNOWN STEP	2026-09-09T22:59:16.3242870Z Node 20 is being deprecated. This workflow is running with Node 24 by default. If you need to temporarily use Node 20, you can set the ACTIONS_ALLOW_USE_UNSECURE_NODE_VERSION=true environment variable. For more information see: https://github.blog/changelog/2025-09-19-deprecation-of-node-20-on-github-actions-runners/
UI matrix shard 3/5	UNKNOWN STEP	2026-09-09T22:59:16.3244990Z Post job cleanup.
UI matrix shard 3/5	UNKNOWN STEP	2026-09-09T22:59:17.0941810Z [command]/opt/homebrew/bin/git version
UI matrix shard 3/5	UNKNOWN STEP	2026-09-09T22:59:17.1583110Z git version 2.55.0
UI matrix shard 3/5	UNKNOWN STEP	2026-09-09T22:59:17.1593330Z Copying '/Users/runner/.gitconfig' to '/Users/runner/work/_temp/98637ba3-71ce-4157-ae1e-443e8d556b81/.gitconfig'
UI matrix shard 3/5	UNKNOWN STEP	2026-09-09T22:59:17.1605520Z Temporarily overriding HOME='/Users/runner/work/_temp/98637ba3-71ce-4157-ae1e-443e8d556b81' before making global git config changes
UI matrix shard 3/5	UNKNOWN STEP	2026-09-09T22:59:17.1607060Z Adding repository directory to the temporary git global config as a safe directory
UI matrix shard 3/5	UNKNOWN STEP	2026-09-09T22:59:17.1610040Z [command]/opt/homebrew/bin/git config --global --add safe.directory /Users/runner/work/hermes-fleet/hermes-fleet
UI matrix shard 3/5	UNKNOWN STEP	2026-09-09T22:59:17.2021780Z [command]/opt/homebrew/bin/git config --local --name-only --get-regexp core\.sshCommand
UI matrix shard 3/5	UNKNOWN STEP	2026-09-09T22:59:17.2081530Z [command]/opt/homebrew/bin/git submodule foreach --recursive sh -c "git config --local --name-only --get-regexp 'core\.sshCommand' && git config --local --unset-all 'core.sshCommand' || :"
UI matrix shard 3/5	UNKNOWN STEP	2026-09-09T22:59:17.3456700Z [command]/opt/homebrew/bin/git config --local --name-only --get-regexp http\.https\:\/\/github\.com\/\.extraheader
UI matrix shard 3/5	UNKNOWN STEP	2026-09-09T22:59:17.3525710Z http.https://github.com/.extraheader
UI matrix shard 3/5	UNKNOWN STEP	2026-09-09T22:59:17.3529850Z [command]/opt/homebrew/bin/git config --local --unset-all http.https://github.com/.extraheader
UI matrix shard 3/5	UNKNOWN STEP	2026-09-09T22:59:17.3615950Z [command]/opt/homebrew/bin/git submodule foreach --recursive sh -c "git config --local --name-only --get-regexp 'http\.https\:\/\/github\.com\/\.extraheader' && git config --local --unset-all 'http.https://github.com/.extraheader' || :"
UI matrix shard 3/5	UNKNOWN STEP	2026-09-09T22:59:17.4467550Z [command]/opt/homebrew/bin/git config --local --name-only --get-regexp ^includeIf\.gitdir:
UI matrix shard 3/5	UNKNOWN STEP	2026-09-09T22:59:17.4530380Z [command]/opt/homebrew/bin/git submodule foreach --recursive git config --local --show-origin --name-only --get-regexp remote.origin.url
UI matrix shard 3/5	UNKNOWN STEP	2026-09-09T22:59:17.5497810Z Cleaning up orphan processes
UI matrix shard 3/5	UNKNOWN STEP	2026-09-09T22:59:18.9619980Z ##[warning]Node.js 20 is deprecated. The following actions target Node.js 20 but are being forced to run on Node.js 24: actions/checkout@v4. For more information see: https://github.blog/changelog/2025-09-19-deprecation-of-node-20-on-github-actions-runners/
