UI matrix shard 4/5	UNKNOWN STEP	﻿2026-09-09T22:18:04.6562030Z Current runner version: '2.337.0'
UI matrix shard 4/5	UNKNOWN STEP	2026-09-09T22:18:04.6577720Z ##[group]Runner Image Provisioner
UI matrix shard 4/5	UNKNOWN STEP	2026-09-09T22:18:04.6578320Z Hosted Compute Agent
UI matrix shard 4/5	UNKNOWN STEP	2026-09-09T22:18:04.6578710Z Version: 20260828.587
UI matrix shard 4/5	UNKNOWN STEP	2026-09-09T22:18:04.6579120Z Commit: abac92662cab4cc7352de4f9f9d2e2419aad9c29
UI matrix shard 4/5	UNKNOWN STEP	2026-09-09T22:18:04.6579700Z Build Date: 2026-08-28T16:44:25Z
UI matrix shard 4/5	UNKNOWN STEP	2026-09-09T22:18:04.6580150Z Worker ID: {fcb696ea-a3f1-41ee-b5c8-c37180b2b7ed}
UI matrix shard 4/5	UNKNOWN STEP	2026-09-09T22:18:04.6580660Z Azure Region: westus
UI matrix shard 4/5	UNKNOWN STEP	2026-09-09T22:18:04.6581050Z ##[endgroup]
UI matrix shard 4/5	UNKNOWN STEP	2026-09-09T22:18:04.6581900Z ##[group]Operating System
UI matrix shard 4/5	UNKNOWN STEP	2026-09-09T22:18:04.6582290Z macOS
UI matrix shard 4/5	UNKNOWN STEP	2026-09-09T22:18:04.6582620Z 26.6.2
UI matrix shard 4/5	UNKNOWN STEP	2026-09-09T22:18:04.6582960Z 25G83
UI matrix shard 4/5	UNKNOWN STEP	2026-09-09T22:18:04.6583290Z ##[endgroup]
UI matrix shard 4/5	UNKNOWN STEP	2026-09-09T22:18:04.6583640Z ##[group]Runner Image
UI matrix shard 4/5	UNKNOWN STEP	2026-09-09T22:18:04.6584000Z Image: macos-26-arm64
UI matrix shard 4/5	UNKNOWN STEP	2026-09-09T22:18:04.6584440Z Version: 20260907.0351.1
UI matrix shard 4/5	UNKNOWN STEP	2026-09-09T22:18:04.6585230Z Included Software: https://github.com/actions/runner-images/blob/macos-26-arm64/20260907.0351/images/macos/macos-26-arm64-Readme.md
UI matrix shard 4/5	UNKNOWN STEP	2026-09-09T22:18:04.6586300Z Image Release: https://github.com/actions/runner-images/releases/tag/macos-26-arm64%2F20260907.0351
UI matrix shard 4/5	UNKNOWN STEP	2026-09-09T22:18:04.6586950Z ##[endgroup]
UI matrix shard 4/5	UNKNOWN STEP	2026-09-09T22:18:04.6587870Z ##[group]GITHUB_TOKEN Permissions
UI matrix shard 4/5	UNKNOWN STEP	2026-09-09T22:18:04.6589200Z Contents: read
UI matrix shard 4/5	UNKNOWN STEP	2026-09-09T22:18:04.6589640Z Metadata: read
UI matrix shard 4/5	UNKNOWN STEP	2026-09-09T22:18:04.6590050Z Packages: read
UI matrix shard 4/5	UNKNOWN STEP	2026-09-09T22:18:04.6590520Z ##[endgroup]
UI matrix shard 4/5	UNKNOWN STEP	2026-09-09T22:18:04.6591750Z Secret source: Actions
UI matrix shard 4/5	UNKNOWN STEP	2026-09-09T22:18:04.6592280Z Cache mode: write
UI matrix shard 4/5	UNKNOWN STEP	2026-09-09T22:18:04.6592710Z Prepare workflow directory
UI matrix shard 4/5	UNKNOWN STEP	2026-09-09T22:18:04.6793520Z Prepare all required actions
UI matrix shard 4/5	UNKNOWN STEP	2026-09-09T22:18:04.6829230Z Getting action download info
UI matrix shard 4/5	UNKNOWN STEP	2026-09-09T22:18:04.9428990Z Download action repository 'actions/checkout@v4' (SHA:11d5960a326750d5838078e36cf38b85af677262)
UI matrix shard 4/5	UNKNOWN STEP	2026-09-09T22:18:05.3268520Z Complete job name: UI matrix shard 4/5
UI matrix shard 4/5	UNKNOWN STEP	2026-09-09T22:18:05.3881780Z Node 20 is being deprecated. This workflow is running with Node 24 by default. If you need to temporarily use Node 20, you can set the ACTIONS_ALLOW_USE_UNSECURE_NODE_VERSION=true environment variable. For more information see: https://github.blog/changelog/2025-09-19-deprecation-of-node-20-on-github-actions-runners/
UI matrix shard 4/5	UNKNOWN STEP	2026-09-09T22:18:05.3890360Z ##[group]Run actions/checkout@v4
UI matrix shard 4/5	UNKNOWN STEP	2026-09-09T22:18:05.3890980Z with:
UI matrix shard 4/5	UNKNOWN STEP	2026-09-09T22:18:05.3891380Z   fetch-depth: 1
UI matrix shard 4/5	UNKNOWN STEP	2026-09-09T22:18:05.3891800Z   repository: AIowa-LLC/hermes-fleet
UI matrix shard 4/5	UNKNOWN STEP	2026-09-09T22:18:05.3895200Z   token: ***
UI matrix shard 4/5	UNKNOWN STEP	2026-09-09T22:18:05.3895600Z   ssh-strict: true
UI matrix shard 4/5	UNKNOWN STEP	2026-09-09T22:18:05.3895940Z   ssh-user: git
UI matrix shard 4/5	UNKNOWN STEP	2026-09-09T22:18:05.3896290Z   persist-credentials: true
UI matrix shard 4/5	UNKNOWN STEP	2026-09-09T22:18:05.3896670Z   clean: true
UI matrix shard 4/5	UNKNOWN STEP	2026-09-09T22:18:05.3897080Z   sparse-checkout-cone-mode: true
UI matrix shard 4/5	UNKNOWN STEP	2026-09-09T22:18:05.3897530Z   fetch-tags: false
UI matrix shard 4/5	UNKNOWN STEP	2026-09-09T22:18:05.3897860Z   show-progress: true
UI matrix shard 4/5	UNKNOWN STEP	2026-09-09T22:18:05.3898230Z   lfs: false
UI matrix shard 4/5	UNKNOWN STEP	2026-09-09T22:18:05.3898650Z   submodules: false
UI matrix shard 4/5	UNKNOWN STEP	2026-09-09T22:18:05.3899000Z   set-safe-directory: true
UI matrix shard 4/5	UNKNOWN STEP	2026-09-09T22:18:05.3899380Z   allow-unsafe-pr-checkout: false
UI matrix shard 4/5	UNKNOWN STEP	2026-09-09T22:18:05.3899930Z ##[endgroup]
UI matrix shard 4/5	UNKNOWN STEP	2026-09-09T22:18:05.8701800Z Syncing repository: AIowa-LLC/hermes-fleet
UI matrix shard 4/5	UNKNOWN STEP	2026-09-09T22:18:05.8703670Z ##[group]Getting Git version info
UI matrix shard 4/5	UNKNOWN STEP	2026-09-09T22:18:05.8704350Z Working directory is '/Users/runner/work/hermes-fleet/hermes-fleet'
UI matrix shard 4/5	UNKNOWN STEP	2026-09-09T22:18:05.8705360Z [command]/opt/homebrew/bin/git version
UI matrix shard 4/5	UNKNOWN STEP	2026-09-09T22:18:05.9275320Z git version 2.55.0
UI matrix shard 4/5	UNKNOWN STEP	2026-09-09T22:18:05.9289260Z ##[endgroup]
UI matrix shard 4/5	UNKNOWN STEP	2026-09-09T22:18:05.9301330Z Copying '/Users/runner/.gitconfig' to '/Users/runner/work/_temp/60957797-968e-4f7d-b2d3-b243cf75ca87/.gitconfig'
UI matrix shard 4/5	UNKNOWN STEP	2026-09-09T22:18:05.9310550Z Temporarily overriding HOME='/Users/runner/work/_temp/60957797-968e-4f7d-b2d3-b243cf75ca87' before making global git config changes
UI matrix shard 4/5	UNKNOWN STEP	2026-09-09T22:18:05.9313880Z Adding repository directory to the temporary git global config as a safe directory
UI matrix shard 4/5	UNKNOWN STEP	2026-09-09T22:18:05.9317000Z [command]/opt/homebrew/bin/git config --global --add safe.directory /Users/runner/work/hermes-fleet/hermes-fleet
UI matrix shard 4/5	UNKNOWN STEP	2026-09-09T22:18:05.9483970Z Deleting the contents of '/Users/runner/work/hermes-fleet/hermes-fleet'
UI matrix shard 4/5	UNKNOWN STEP	2026-09-09T22:18:05.9490040Z ##[group]Initializing the repository
UI matrix shard 4/5	UNKNOWN STEP	2026-09-09T22:18:05.9492530Z [command]/opt/homebrew/bin/git init /Users/runner/work/hermes-fleet/hermes-fleet
UI matrix shard 4/5	UNKNOWN STEP	2026-09-09T22:18:05.9787500Z hint: Using 'master' as the name for the initial branch. This default branch name
UI matrix shard 4/5	UNKNOWN STEP	2026-09-09T22:18:05.9789790Z hint: will change to "main" in Git 3.0. To configure the initial branch name
UI matrix shard 4/5	UNKNOWN STEP	2026-09-09T22:18:05.9791660Z hint: to use in all of your new repositories, which will suppress this warning,
UI matrix shard 4/5	UNKNOWN STEP	2026-09-09T22:18:05.9793900Z hint: call:
UI matrix shard 4/5	UNKNOWN STEP	2026-09-09T22:18:05.9794600Z hint:
UI matrix shard 4/5	UNKNOWN STEP	2026-09-09T22:18:05.9795710Z hint: 	git config --global init.defaultBranch <name>
UI matrix shard 4/5	UNKNOWN STEP	2026-09-09T22:18:05.9800200Z hint:
UI matrix shard 4/5	UNKNOWN STEP	2026-09-09T22:18:05.9800720Z hint: Names commonly chosen instead of 'master' are 'main', 'trunk' and
UI matrix shard 4/5	UNKNOWN STEP	2026-09-09T22:18:05.9801690Z hint: 'development'. The just-created branch can be renamed via this command:
UI matrix shard 4/5	UNKNOWN STEP	2026-09-09T22:18:05.9802350Z hint:
UI matrix shard 4/5	UNKNOWN STEP	2026-09-09T22:18:05.9803640Z hint: 	git branch -m <name>
UI matrix shard 4/5	UNKNOWN STEP	2026-09-09T22:18:05.9804230Z hint:
UI matrix shard 4/5	UNKNOWN STEP	2026-09-09T22:18:05.9806370Z hint: Disable this message with "git config set advice.defaultBranchName false"
UI matrix shard 4/5	UNKNOWN STEP	2026-09-09T22:18:05.9808040Z Initialized empty Git repository in /Users/runner/work/hermes-fleet/hermes-fleet/.git/
UI matrix shard 4/5	UNKNOWN STEP	2026-09-09T22:18:05.9811270Z [command]/opt/homebrew/bin/git remote add origin https://github.com/AIowa-LLC/hermes-fleet
UI matrix shard 4/5	UNKNOWN STEP	2026-09-09T22:18:05.9999890Z ##[endgroup]
UI matrix shard 4/5	UNKNOWN STEP	2026-09-09T22:18:06.0001090Z ##[group]Disabling automatic garbage collection
UI matrix shard 4/5	UNKNOWN STEP	2026-09-09T22:18:06.0002070Z [command]/opt/homebrew/bin/git config --local gc.auto 0
UI matrix shard 4/5	UNKNOWN STEP	2026-09-09T22:18:06.0110610Z ##[endgroup]
UI matrix shard 4/5	UNKNOWN STEP	2026-09-09T22:18:06.0112510Z ##[group]Setting up auth
UI matrix shard 4/5	UNKNOWN STEP	2026-09-09T22:18:06.0114830Z [command]/opt/homebrew/bin/git config --local --name-only --get-regexp core\.sshCommand
UI matrix shard 4/5	UNKNOWN STEP	2026-09-09T22:18:06.0180880Z [command]/opt/homebrew/bin/git submodule foreach --recursive sh -c "git config --local --name-only --get-regexp 'core\.sshCommand' && git config --local --unset-all 'core.sshCommand' || :"
UI matrix shard 4/5	UNKNOWN STEP	2026-09-09T22:18:06.1380440Z [command]/opt/homebrew/bin/git config --local --name-only --get-regexp http\.https\:\/\/github\.com\/\.extraheader
UI matrix shard 4/5	UNKNOWN STEP	2026-09-09T22:18:06.1442420Z [command]/opt/homebrew/bin/git submodule foreach --recursive sh -c "git config --local --name-only --get-regexp 'http\.https\:\/\/github\.com\/\.extraheader' && git config --local --unset-all 'http.https://github.com/.extraheader' || :"
UI matrix shard 4/5	UNKNOWN STEP	2026-09-09T22:18:06.2407660Z [command]/opt/homebrew/bin/git config --local --name-only --get-regexp ^includeIf\.gitdir:
UI matrix shard 4/5	UNKNOWN STEP	2026-09-09T22:18:06.2499940Z [command]/opt/homebrew/bin/git submodule foreach --recursive git config --local --show-origin --name-only --get-regexp remote.origin.url
UI matrix shard 4/5	UNKNOWN STEP	2026-09-09T22:18:06.4352200Z [command]/opt/homebrew/bin/git config --local http.https://github.com/.extraheader AUTHORIZATION: basic ***
UI matrix shard 4/5	UNKNOWN STEP	2026-09-09T22:18:06.4354610Z ##[endgroup]
UI matrix shard 4/5	UNKNOWN STEP	2026-09-09T22:18:06.4355360Z ##[group]Fetching the repository
UI matrix shard 4/5	UNKNOWN STEP	2026-09-09T22:18:06.4356790Z [command]/opt/homebrew/bin/git -c protocol.version=2 fetch --no-tags --prune --no-recurse-submodules --depth=1 origin +3965973a8786160e8e940f436f22b8547dbd3c4c:refs/remotes/pull/3/merge
UI matrix shard 4/5	UNKNOWN STEP	2026-09-09T22:18:07.6838250Z From https://github.com/AIowa-LLC/hermes-fleet
UI matrix shard 4/5	UNKNOWN STEP	2026-09-09T22:18:07.6839280Z  * [new ref]         3965973a8786160e8e940f436f22b8547dbd3c4c -> pull/3/merge
UI matrix shard 4/5	UNKNOWN STEP	2026-09-09T22:18:07.6841150Z ##[endgroup]
UI matrix shard 4/5	UNKNOWN STEP	2026-09-09T22:18:07.6841930Z ##[group]Determining the checkout info
UI matrix shard 4/5	UNKNOWN STEP	2026-09-09T22:18:07.6842680Z ##[endgroup]
UI matrix shard 4/5	UNKNOWN STEP	2026-09-09T22:18:07.6845750Z [command]/opt/homebrew/bin/git sparse-checkout disable
UI matrix shard 4/5	UNKNOWN STEP	2026-09-09T22:18:07.6936040Z [command]/opt/homebrew/bin/git config --local --unset-all extensions.worktreeConfig
UI matrix shard 4/5	UNKNOWN STEP	2026-09-09T22:18:07.7017390Z ##[group]Checking out the ref
UI matrix shard 4/5	UNKNOWN STEP	2026-09-09T22:18:07.7020020Z [command]/opt/homebrew/bin/git checkout --progress --force refs/remotes/pull/3/merge
UI matrix shard 4/5	UNKNOWN STEP	2026-09-09T22:18:07.8050150Z HEAD is now at 3965973 Merge dfd4ad73e1e0bca050814e7505f2e3f606efbef1 into 3ef3437017dee63288b541968b2fa4189a486c55
UI matrix shard 4/5	UNKNOWN STEP	2026-09-09T22:18:07.8059230Z ##[endgroup]
UI matrix shard 4/5	UNKNOWN STEP	2026-09-09T22:18:07.8134190Z [command]/opt/homebrew/bin/git log -1 --format=%H
UI matrix shard 4/5	UNKNOWN STEP	2026-09-09T22:18:07.8203590Z 3965973a8786160e8e940f436f22b8547dbd3c4c
UI matrix shard 4/5	UNKNOWN STEP	2026-09-09T22:18:07.8429010Z ##[group]Run bash scripts/c1_ui_matrix.sh --shard 4 --shards 5
UI matrix shard 4/5	UNKNOWN STEP	2026-09-09T22:18:07.8429940Z ^[[36;1mbash scripts/c1_ui_matrix.sh --shard 4 --shards 5^[[0m
UI matrix shard 4/5	UNKNOWN STEP	2026-09-09T22:18:07.8469040Z shell: /bin/bash -e {0}
UI matrix shard 4/5	UNKNOWN STEP	2026-09-09T22:18:07.8469700Z ##[endgroup]
UI matrix shard 4/5	UNKNOWN STEP	2026-09-09T22:18:07.9123670Z audit: 40 CI suites + 11 environmental suites = 51 bundle classes — every class accounted for exactly once.
UI matrix shard 4/5	UNKNOWN STEP	2026-09-09T22:18:13.4579960Z   using simulator: iPhone 17 Pro
UI matrix shard 4/5	UNKNOWN STEP	2026-09-09T22:18:13.4779640Z C1 UI (shard) [01/08] HermesFleetAppUITests/S3CleartextWarningUITests ...
UI matrix shard 4/5	UNKNOWN STEP	2026-09-09T22:26:22.6096180Z PASS  UI S3CleartextWarning — executed=3 failed=0
UI matrix shard 4/5	UNKNOWN STEP	2026-09-09T22:26:22.6099320Z C1 UI (shard) [02/08] HermesFleetAppUITests/RT4VoiceOverUITests ...
UI matrix shard 4/5	UNKNOWN STEP	2026-09-09T22:29:28.8267240Z PASS  UI RT4VoiceOver — executed=1 failed=0
UI matrix shard 4/5	UNKNOWN STEP	2026-09-09T22:29:28.8269350Z C1 UI (shard) [03/08] HermesFleetAppUITests/SecondGenerationUITests ...
UI matrix shard 4/5	UNKNOWN STEP	2026-09-09T22:32:29.8780910Z PASS  UI SecondGeneration — executed=3 failed=0
UI matrix shard 4/5	UNKNOWN STEP	2026-09-09T22:32:29.8790000Z C1 UI (shard) [04/08] HermesFleetAppUITests/F3OnboardingUITests ...
UI matrix shard 4/5	UNKNOWN STEP	2026-09-09T22:34:44.2853920Z PASS  UI F3Onboarding — executed=2 failed=0
UI matrix shard 4/5	UNKNOWN STEP	2026-09-09T22:34:44.2866550Z C1 UI (shard) [05/08] HermesFleetAppUITests/R9ManagementPanesUITests ...
UI matrix shard 4/5	UNKNOWN STEP	2026-09-09T22:39:38.5640180Z PASS  UI R9ManagementPanes — executed=4 failed=0
UI matrix shard 4/5	UNKNOWN STEP	2026-09-09T22:39:38.5663860Z C1 UI (shard) [06/08] HermesFleetAppUITests/R10VoiceUITests ...
UI matrix shard 4/5	UNKNOWN STEP	2026-09-09T22:42:20.6772390Z PASS  UI R10Voice — executed=2 failed=0
UI matrix shard 4/5	UNKNOWN STEP	2026-09-09T22:42:20.6774860Z C1 UI (shard) [07/08] HermesFleetAppUITests/RoomLinkMentionsUITests ...
UI matrix shard 4/5	UNKNOWN STEP	2026-09-09T22:45:50.7945090Z PASS  UI RoomLinkMentions — executed=6 failed=0
UI matrix shard 4/5	UNKNOWN STEP	2026-09-09T22:45:50.7958290Z C1 UI (shard) [08/08] HermesFleetAppUITests/FOS6ComponentDensityUITests ...
UI matrix shard 4/5	UNKNOWN STEP	2026-09-09T22:50:54.8999830Z PASS  UI FOS6ComponentDensity — executed=6 failed=0
UI matrix shard 4/5	UNKNOWN STEP	2026-09-09T22:50:54.9004460Z UI MATRIX (shard): suites=8 tests=27 FAIL=0
UI matrix shard 4/5	UNKNOWN STEP	2026-09-09T22:50:54.9625440Z Node 20 is being deprecated. This workflow is running with Node 24 by default. If you need to temporarily use Node 20, you can set the ACTIONS_ALLOW_USE_UNSECURE_NODE_VERSION=true environment variable. For more information see: https://github.blog/changelog/2025-09-19-deprecation-of-node-20-on-github-actions-runners/
UI matrix shard 4/5	UNKNOWN STEP	2026-09-09T22:50:54.9627450Z Post job cleanup.
UI matrix shard 4/5	UNKNOWN STEP	2026-09-09T22:50:55.6215620Z [command]/opt/homebrew/bin/git version
UI matrix shard 4/5	UNKNOWN STEP	2026-09-09T22:50:55.6821290Z git version 2.55.0
UI matrix shard 4/5	UNKNOWN STEP	2026-09-09T22:50:55.6841330Z Copying '/Users/runner/.gitconfig' to '/Users/runner/work/_temp/f5b1cfd2-f126-4302-9237-c24777c46d49/.gitconfig'
UI matrix shard 4/5	UNKNOWN STEP	2026-09-09T22:50:55.6850890Z Temporarily overriding HOME='/Users/runner/work/_temp/f5b1cfd2-f126-4302-9237-c24777c46d49' before making global git config changes
UI matrix shard 4/5	UNKNOWN STEP	2026-09-09T22:50:55.6851690Z Adding repository directory to the temporary git global config as a safe directory
UI matrix shard 4/5	UNKNOWN STEP	2026-09-09T22:50:55.6853780Z [command]/opt/homebrew/bin/git config --global --add safe.directory /Users/runner/work/hermes-fleet/hermes-fleet
UI matrix shard 4/5	UNKNOWN STEP	2026-09-09T22:50:55.6985460Z [command]/opt/homebrew/bin/git config --local --name-only --get-regexp core\.sshCommand
UI matrix shard 4/5	UNKNOWN STEP	2026-09-09T22:50:55.7050950Z [command]/opt/homebrew/bin/git submodule foreach --recursive sh -c "git config --local --name-only --get-regexp 'core\.sshCommand' && git config --local --unset-all 'core.sshCommand' || :"
UI matrix shard 4/5	UNKNOWN STEP	2026-09-09T22:50:55.8350350Z [command]/opt/homebrew/bin/git config --local --name-only --get-regexp http\.https\:\/\/github\.com\/\.extraheader
UI matrix shard 4/5	UNKNOWN STEP	2026-09-09T22:50:55.8409150Z http.https://github.com/.extraheader
UI matrix shard 4/5	UNKNOWN STEP	2026-09-09T22:50:55.8417390Z [command]/opt/homebrew/bin/git config --local --unset-all http.https://github.com/.extraheader
UI matrix shard 4/5	UNKNOWN STEP	2026-09-09T22:50:55.8486690Z [command]/opt/homebrew/bin/git submodule foreach --recursive sh -c "git config --local --name-only --get-regexp 'http\.https\:\/\/github\.com\/\.extraheader' && git config --local --unset-all 'http.https://github.com/.extraheader' || :"
UI matrix shard 4/5	UNKNOWN STEP	2026-09-09T22:50:55.9274870Z [command]/opt/homebrew/bin/git config --local --name-only --get-regexp ^includeIf\.gitdir:
UI matrix shard 4/5	UNKNOWN STEP	2026-09-09T22:50:55.9334070Z [command]/opt/homebrew/bin/git submodule foreach --recursive git config --local --show-origin --name-only --get-regexp remote.origin.url
UI matrix shard 4/5	UNKNOWN STEP	2026-09-09T22:50:56.0166710Z Cleaning up orphan processes
UI matrix shard 4/5	UNKNOWN STEP	2026-09-09T22:50:57.2184540Z ##[warning]Node.js 20 is deprecated. The following actions target Node.js 20 but are being forced to run on Node.js 24: actions/checkout@v4. For more information see: https://github.blog/changelog/2025-09-19-deprecation-of-node-20-on-github-actions-runners/
