UI matrix shard 4/5	UNKNOWN STEP	﻿2026-09-10T00:51:29.8724850Z Current runner version: '2.337.0'
UI matrix shard 4/5	UNKNOWN STEP	2026-09-10T00:51:29.8740320Z ##[group]Runner Image Provisioner
UI matrix shard 4/5	UNKNOWN STEP	2026-09-10T00:51:29.8740890Z Hosted Compute Agent
UI matrix shard 4/5	UNKNOWN STEP	2026-09-10T00:51:29.8741250Z Version: 20260828.587
UI matrix shard 4/5	UNKNOWN STEP	2026-09-10T00:51:29.8741650Z Commit: abac92662cab4cc7352de4f9f9d2e2419aad9c29
UI matrix shard 4/5	UNKNOWN STEP	2026-09-10T00:51:29.8742110Z Build Date: 2026-08-28T16:44:25Z
UI matrix shard 4/5	UNKNOWN STEP	2026-09-10T00:51:29.8742540Z Worker ID: {12783622-5fe9-4471-8937-eb34d455ee99}
UI matrix shard 4/5	UNKNOWN STEP	2026-09-10T00:51:29.8742980Z Azure Region: westus
UI matrix shard 4/5	UNKNOWN STEP	2026-09-10T00:51:29.8743340Z ##[endgroup]
UI matrix shard 4/5	UNKNOWN STEP	2026-09-10T00:51:29.8744150Z ##[group]Operating System
UI matrix shard 4/5	UNKNOWN STEP	2026-09-10T00:51:29.8744540Z macOS
UI matrix shard 4/5	UNKNOWN STEP	2026-09-10T00:51:29.8744860Z 26.6.2
UI matrix shard 4/5	UNKNOWN STEP	2026-09-10T00:51:29.8745200Z 25G83
UI matrix shard 4/5	UNKNOWN STEP	2026-09-10T00:51:29.8745530Z ##[endgroup]
UI matrix shard 4/5	UNKNOWN STEP	2026-09-10T00:51:29.8745870Z ##[group]Runner Image
UI matrix shard 4/5	UNKNOWN STEP	2026-09-10T00:51:29.8746240Z Image: macos-26-arm64
UI matrix shard 4/5	UNKNOWN STEP	2026-09-10T00:51:29.8746590Z Version: 20260831.0337.3
UI matrix shard 4/5	UNKNOWN STEP	2026-09-10T00:51:29.8747370Z Included Software: https://github.com/actions/runner-images/blob/macos-26-arm64/20260831.0337/images/macos/macos-26-arm64-Readme.md
UI matrix shard 4/5	UNKNOWN STEP	2026-09-10T00:51:29.8748370Z Image Release: https://github.com/actions/runner-images/releases/tag/macos-26-arm64%2F20260831.0337
UI matrix shard 4/5	UNKNOWN STEP	2026-09-10T00:51:29.8749020Z ##[endgroup]
UI matrix shard 4/5	UNKNOWN STEP	2026-09-10T00:51:29.8750100Z ##[group]GITHUB_TOKEN Permissions
UI matrix shard 4/5	UNKNOWN STEP	2026-09-10T00:51:29.8751290Z Contents: read
UI matrix shard 4/5	UNKNOWN STEP	2026-09-10T00:51:29.8751650Z Metadata: read
UI matrix shard 4/5	UNKNOWN STEP	2026-09-10T00:51:29.8752010Z Packages: read
UI matrix shard 4/5	UNKNOWN STEP	2026-09-10T00:51:29.8752370Z ##[endgroup]
UI matrix shard 4/5	UNKNOWN STEP	2026-09-10T00:51:29.8753630Z Secret source: Actions
UI matrix shard 4/5	UNKNOWN STEP	2026-09-10T00:51:29.8754350Z Cache mode: write
UI matrix shard 4/5	UNKNOWN STEP	2026-09-10T00:51:29.8754790Z Prepare workflow directory
UI matrix shard 4/5	UNKNOWN STEP	2026-09-10T00:51:29.8955350Z Prepare all required actions
UI matrix shard 4/5	UNKNOWN STEP	2026-09-10T00:51:29.8987550Z Getting action download info
UI matrix shard 4/5	UNKNOWN STEP	2026-09-10T00:51:30.1702550Z Download action repository 'actions/checkout@v4' (SHA:11d5960a326750d5838078e36cf38b85af677262)
UI matrix shard 4/5	UNKNOWN STEP	2026-09-10T00:51:30.4255340Z Complete job name: UI matrix shard 4/5
UI matrix shard 4/5	UNKNOWN STEP	2026-09-10T00:51:30.4782930Z Node 20 is being deprecated. This workflow is running with Node 24 by default. If you need to temporarily use Node 20, you can set the ACTIONS_ALLOW_USE_UNSECURE_NODE_VERSION=true environment variable. For more information see: https://github.blog/changelog/2025-09-19-deprecation-of-node-20-on-github-actions-runners/
UI matrix shard 4/5	UNKNOWN STEP	2026-09-10T00:51:30.4788770Z ##[group]Run actions/checkout@v4
UI matrix shard 4/5	UNKNOWN STEP	2026-09-10T00:51:30.4789220Z with:
UI matrix shard 4/5	UNKNOWN STEP	2026-09-10T00:51:30.4789510Z   fetch-depth: 1
UI matrix shard 4/5	UNKNOWN STEP	2026-09-10T00:51:30.4789830Z   repository: AIowa-LLC/hermes-fleet
UI matrix shard 4/5	UNKNOWN STEP	2026-09-10T00:51:30.4792220Z   token: ***
UI matrix shard 4/5	UNKNOWN STEP	2026-09-10T00:51:30.4792510Z   ssh-strict: true
UI matrix shard 4/5	UNKNOWN STEP	2026-09-10T00:51:30.4792820Z   ssh-user: git
UI matrix shard 4/5	UNKNOWN STEP	2026-09-10T00:51:30.4793130Z   persist-credentials: true
UI matrix shard 4/5	UNKNOWN STEP	2026-09-10T00:51:30.4793460Z   clean: true
UI matrix shard 4/5	UNKNOWN STEP	2026-09-10T00:51:30.4793780Z   sparse-checkout-cone-mode: true
UI matrix shard 4/5	UNKNOWN STEP	2026-09-10T00:51:30.4794130Z   fetch-tags: false
UI matrix shard 4/5	UNKNOWN STEP	2026-09-10T00:51:30.4794440Z   show-progress: true
UI matrix shard 4/5	UNKNOWN STEP	2026-09-10T00:51:30.4794750Z   lfs: false
UI matrix shard 4/5	UNKNOWN STEP	2026-09-10T00:51:30.4795060Z   submodules: false
UI matrix shard 4/5	UNKNOWN STEP	2026-09-10T00:51:30.4795380Z   set-safe-directory: true
UI matrix shard 4/5	UNKNOWN STEP	2026-09-10T00:51:30.4795720Z   allow-unsafe-pr-checkout: false
UI matrix shard 4/5	UNKNOWN STEP	2026-09-10T00:51:30.4796180Z ##[endgroup]
UI matrix shard 4/5	UNKNOWN STEP	2026-09-10T00:51:30.8487370Z Syncing repository: AIowa-LLC/hermes-fleet
UI matrix shard 4/5	UNKNOWN STEP	2026-09-10T00:51:30.8488700Z ##[group]Getting Git version info
UI matrix shard 4/5	UNKNOWN STEP	2026-09-10T00:51:30.8489250Z Working directory is '/Users/runner/work/hermes-fleet/hermes-fleet'
UI matrix shard 4/5	UNKNOWN STEP	2026-09-10T00:51:30.8490240Z [command]/opt/homebrew/bin/git version
UI matrix shard 4/5	UNKNOWN STEP	2026-09-10T00:51:30.8710590Z git version 2.55.0
UI matrix shard 4/5	UNKNOWN STEP	2026-09-10T00:51:30.8721140Z ##[endgroup]
UI matrix shard 4/5	UNKNOWN STEP	2026-09-10T00:51:30.8726900Z Copying '/Users/runner/.gitconfig' to '/Users/runner/work/_temp/d1d4c88c-ec9f-4937-8ba2-5136fe6fac22/.gitconfig'
UI matrix shard 4/5	UNKNOWN STEP	2026-09-10T00:51:30.8733300Z Temporarily overriding HOME='/Users/runner/work/_temp/d1d4c88c-ec9f-4937-8ba2-5136fe6fac22' before making global git config changes
UI matrix shard 4/5	UNKNOWN STEP	2026-09-10T00:51:30.8734370Z Adding repository directory to the temporary git global config as a safe directory
UI matrix shard 4/5	UNKNOWN STEP	2026-09-10T00:51:30.8736530Z [command]/opt/homebrew/bin/git config --global --add safe.directory /Users/runner/work/hermes-fleet/hermes-fleet
UI matrix shard 4/5	UNKNOWN STEP	2026-09-10T00:51:30.8826950Z Deleting the contents of '/Users/runner/work/hermes-fleet/hermes-fleet'
UI matrix shard 4/5	UNKNOWN STEP	2026-09-10T00:51:30.8830050Z ##[group]Initializing the repository
UI matrix shard 4/5	UNKNOWN STEP	2026-09-10T00:51:30.8833680Z [command]/opt/homebrew/bin/git init /Users/runner/work/hermes-fleet/hermes-fleet
UI matrix shard 4/5	UNKNOWN STEP	2026-09-10T00:51:30.9078100Z hint: Using 'master' as the name for the initial branch. This default branch name
UI matrix shard 4/5	UNKNOWN STEP	2026-09-10T00:51:30.9081260Z hint: will change to "main" in Git 3.0. To configure the initial branch name
UI matrix shard 4/5	UNKNOWN STEP	2026-09-10T00:51:30.9082070Z hint: to use in all of your new repositories, which will suppress this warning,
UI matrix shard 4/5	UNKNOWN STEP	2026-09-10T00:51:30.9082730Z hint: call:
UI matrix shard 4/5	UNKNOWN STEP	2026-09-10T00:51:30.9083080Z hint:
UI matrix shard 4/5	UNKNOWN STEP	2026-09-10T00:51:30.9083560Z hint: 	git config --global init.defaultBranch <name>
UI matrix shard 4/5	UNKNOWN STEP	2026-09-10T00:51:30.9084400Z hint:
UI matrix shard 4/5	UNKNOWN STEP	2026-09-10T00:51:30.9085280Z hint: Names commonly chosen instead of 'master' are 'main', 'trunk' and
UI matrix shard 4/5	UNKNOWN STEP	2026-09-10T00:51:30.9086040Z hint: 'development'. The just-created branch can be renamed via this command:
UI matrix shard 4/5	UNKNOWN STEP	2026-09-10T00:51:30.9086600Z hint:
UI matrix shard 4/5	UNKNOWN STEP	2026-09-10T00:51:30.9086970Z hint: 	git branch -m <name>
UI matrix shard 4/5	UNKNOWN STEP	2026-09-10T00:51:30.9087850Z hint:
UI matrix shard 4/5	UNKNOWN STEP	2026-09-10T00:51:30.9088470Z hint: Disable this message with "git config set advice.defaultBranchName false"
UI matrix shard 4/5	UNKNOWN STEP	2026-09-10T00:51:30.9089350Z Initialized empty Git repository in /Users/runner/work/hermes-fleet/hermes-fleet/.git/
UI matrix shard 4/5	UNKNOWN STEP	2026-09-10T00:51:30.9090880Z [command]/opt/homebrew/bin/git remote add origin https://github.com/AIowa-LLC/hermes-fleet
UI matrix shard 4/5	UNKNOWN STEP	2026-09-10T00:51:30.9168660Z ##[endgroup]
UI matrix shard 4/5	UNKNOWN STEP	2026-09-10T00:51:30.9169300Z ##[group]Disabling automatic garbage collection
UI matrix shard 4/5	UNKNOWN STEP	2026-09-10T00:51:30.9170740Z [command]/opt/homebrew/bin/git config --local gc.auto 0
UI matrix shard 4/5	UNKNOWN STEP	2026-09-10T00:51:30.9226840Z ##[endgroup]
UI matrix shard 4/5	UNKNOWN STEP	2026-09-10T00:51:30.9243250Z ##[group]Setting up auth
UI matrix shard 4/5	UNKNOWN STEP	2026-09-10T00:51:30.9244210Z [command]/opt/homebrew/bin/git config --local --name-only --get-regexp core\.sshCommand
UI matrix shard 4/5	UNKNOWN STEP	2026-09-10T00:51:30.9293070Z [command]/opt/homebrew/bin/git submodule foreach --recursive sh -c "git config --local --name-only --get-regexp 'core\.sshCommand' && git config --local --unset-all 'core.sshCommand' || :"
UI matrix shard 4/5	UNKNOWN STEP	2026-09-10T00:51:31.0414050Z [command]/opt/homebrew/bin/git config --local --name-only --get-regexp http\.https\:\/\/github\.com\/\.extraheader
UI matrix shard 4/5	UNKNOWN STEP	2026-09-10T00:51:31.0477660Z [command]/opt/homebrew/bin/git submodule foreach --recursive sh -c "git config --local --name-only --get-regexp 'http\.https\:\/\/github\.com\/\.extraheader' && git config --local --unset-all 'http.https://github.com/.extraheader' || :"
UI matrix shard 4/5	UNKNOWN STEP	2026-09-10T00:51:31.1156630Z [command]/opt/homebrew/bin/git config --local --name-only --get-regexp ^includeIf\.gitdir:
UI matrix shard 4/5	UNKNOWN STEP	2026-09-10T00:51:31.1209420Z [command]/opt/homebrew/bin/git submodule foreach --recursive git config --local --show-origin --name-only --get-regexp remote.origin.url
UI matrix shard 4/5	UNKNOWN STEP	2026-09-10T00:51:31.2318300Z [command]/opt/homebrew/bin/git config --local http.https://github.com/.extraheader AUTHORIZATION: basic ***
UI matrix shard 4/5	UNKNOWN STEP	2026-09-10T00:51:31.2495240Z ##[endgroup]
UI matrix shard 4/5	UNKNOWN STEP	2026-09-10T00:51:31.2517820Z ##[group]Fetching the repository
UI matrix shard 4/5	UNKNOWN STEP	2026-09-10T00:51:31.2518820Z [command]/opt/homebrew/bin/git -c protocol.version=2 fetch --no-tags --prune --no-recurse-submodules --depth=1 origin +29fb51ab3b1bc1fff87b9cbb9c75636a287d50f6:refs/remotes/pull/3/merge
UI matrix shard 4/5	UNKNOWN STEP	2026-09-10T00:51:32.1420300Z From https://github.com/AIowa-LLC/hermes-fleet
UI matrix shard 4/5	UNKNOWN STEP	2026-09-10T00:51:32.1421410Z  * [new ref]         29fb51ab3b1bc1fff87b9cbb9c75636a287d50f6 -> pull/3/merge
UI matrix shard 4/5	UNKNOWN STEP	2026-09-10T00:51:32.1423810Z ##[endgroup]
UI matrix shard 4/5	UNKNOWN STEP	2026-09-10T00:51:32.1424910Z ##[group]Determining the checkout info
UI matrix shard 4/5	UNKNOWN STEP	2026-09-10T00:51:32.1429250Z ##[endgroup]
UI matrix shard 4/5	UNKNOWN STEP	2026-09-10T00:51:32.1430710Z [command]/opt/homebrew/bin/git sparse-checkout disable
UI matrix shard 4/5	UNKNOWN STEP	2026-09-10T00:51:32.1509060Z [command]/opt/homebrew/bin/git config --local --unset-all extensions.worktreeConfig
UI matrix shard 4/5	UNKNOWN STEP	2026-09-10T00:51:32.1574620Z ##[group]Checking out the ref
UI matrix shard 4/5	UNKNOWN STEP	2026-09-10T00:51:32.1576140Z [command]/opt/homebrew/bin/git checkout --progress --force refs/remotes/pull/3/merge
UI matrix shard 4/5	UNKNOWN STEP	2026-09-10T00:51:32.2632480Z HEAD is now at 29fb51a Merge bb5848f604f672bee6d44c8d495f3d2cd7fe0e06 into 3ef3437017dee63288b541968b2fa4189a486c55
UI matrix shard 4/5	UNKNOWN STEP	2026-09-10T00:51:32.2653460Z ##[endgroup]
UI matrix shard 4/5	UNKNOWN STEP	2026-09-10T00:51:32.2744720Z [command]/opt/homebrew/bin/git log -1 --format=%H
UI matrix shard 4/5	UNKNOWN STEP	2026-09-10T00:51:32.2805280Z 29fb51ab3b1bc1fff87b9cbb9c75636a287d50f6
UI matrix shard 4/5	UNKNOWN STEP	2026-09-10T00:51:32.3006410Z ##[group]Run bash scripts/c1_ui_matrix.sh --shard 4 --shards 5
UI matrix shard 4/5	UNKNOWN STEP	2026-09-10T00:51:32.3007630Z ^[[36;1mbash scripts/c1_ui_matrix.sh --shard 4 --shards 5^[[0m
UI matrix shard 4/5	UNKNOWN STEP	2026-09-10T00:51:32.3044940Z shell: /bin/bash -e {0}
UI matrix shard 4/5	UNKNOWN STEP	2026-09-10T00:51:32.3045630Z ##[endgroup]
UI matrix shard 4/5	UNKNOWN STEP	2026-09-10T00:51:32.3719660Z audit: 40 CI suites + 11 environmental suites = 51 bundle classes — every class accounted for exactly once.
UI matrix shard 4/5	UNKNOWN STEP	2026-09-10T00:51:46.4446950Z   using simulator: iPhone 17 Pro
UI matrix shard 4/5	UNKNOWN STEP	2026-09-10T00:51:46.4836200Z C1 UI (shard) [01/08] HermesFleetAppUITests/S3CleartextWarningUITests ...
UI matrix shard 4/5	UNKNOWN STEP	2026-09-10T00:59:38.3911650Z PASS  UI S3CleartextWarning — executed=3 failed=0
UI matrix shard 4/5	UNKNOWN STEP	2026-09-10T00:59:38.3917290Z C1 UI (shard) [02/08] HermesFleetAppUITests/RT4VoiceOverUITests ...
UI matrix shard 4/5	UNKNOWN STEP	2026-09-10T01:03:14.4129530Z PASS  UI RT4VoiceOver — executed=1 failed=0
UI matrix shard 4/5	UNKNOWN STEP	2026-09-10T01:03:14.4144670Z C1 UI (shard) [03/08] HermesFleetAppUITests/SecondGenerationUITests ...
UI matrix shard 4/5	UNKNOWN STEP	2026-09-10T01:06:35.5518420Z PASS  UI SecondGeneration — executed=3 failed=0
UI matrix shard 4/5	UNKNOWN STEP	2026-09-10T01:06:35.5534950Z C1 UI (shard) [04/08] HermesFleetAppUITests/F3OnboardingUITests ...
UI matrix shard 4/5	UNKNOWN STEP	2026-09-10T01:09:36.6439660Z PASS  UI F3Onboarding — executed=2 failed=0
UI matrix shard 4/5	UNKNOWN STEP	2026-09-10T01:09:36.6470850Z C1 UI (shard) [05/08] HermesFleetAppUITests/R9ManagementPanesUITests ...
UI matrix shard 4/5	UNKNOWN STEP	2026-09-10T01:15:26.1634340Z PASS  UI R9ManagementPanes — executed=4 failed=0
UI matrix shard 4/5	UNKNOWN STEP	2026-09-10T01:15:26.1679860Z C1 UI (shard) [06/08] HermesFleetAppUITests/R10VoiceUITests ...
UI matrix shard 4/5	UNKNOWN STEP	2026-09-10T01:18:52.9845720Z PASS  UI R10Voice — executed=2 failed=0
UI matrix shard 4/5	UNKNOWN STEP	2026-09-10T01:18:52.9863950Z C1 UI (shard) [07/08] HermesFleetAppUITests/RoomLinkMentionsUITests ...
UI matrix shard 4/5	UNKNOWN STEP	2026-09-10T01:23:06.7484580Z PASS  UI RoomLinkMentions — executed=6 failed=0
UI matrix shard 4/5	UNKNOWN STEP	2026-09-10T01:23:06.7497980Z C1 UI (shard) [08/08] HermesFleetAppUITests/FOS6ComponentDensityUITests ...
UI matrix shard 4/5	UNKNOWN STEP	2026-09-10T01:28:10.1524540Z PASS  UI FOS6ComponentDensity — executed=6 failed=0
UI matrix shard 4/5	UNKNOWN STEP	2026-09-10T01:28:10.1542930Z UI MATRIX (shard): suites=8 tests=27 FAIL=0
UI matrix shard 4/5	UNKNOWN STEP	2026-09-10T01:28:10.2939190Z Node 20 is being deprecated. This workflow is running with Node 24 by default. If you need to temporarily use Node 20, you can set the ACTIONS_ALLOW_USE_UNSECURE_NODE_VERSION=true environment variable. For more information see: https://github.blog/changelog/2025-09-19-deprecation-of-node-20-on-github-actions-runners/
UI matrix shard 4/5	UNKNOWN STEP	2026-09-10T01:28:10.2940750Z Post job cleanup.
UI matrix shard 4/5	UNKNOWN STEP	2026-09-10T01:28:11.0058810Z [command]/opt/homebrew/bin/git version
UI matrix shard 4/5	UNKNOWN STEP	2026-09-10T01:28:11.0672120Z git version 2.55.0
UI matrix shard 4/5	UNKNOWN STEP	2026-09-10T01:28:11.0694630Z Copying '/Users/runner/.gitconfig' to '/Users/runner/work/_temp/4bb58649-0605-4b06-abb3-de1c4390716d/.gitconfig'
UI matrix shard 4/5	UNKNOWN STEP	2026-09-10T01:28:11.0706780Z Temporarily overriding HOME='/Users/runner/work/_temp/4bb58649-0605-4b06-abb3-de1c4390716d' before making global git config changes
UI matrix shard 4/5	UNKNOWN STEP	2026-09-10T01:28:11.0707930Z Adding repository directory to the temporary git global config as a safe directory
UI matrix shard 4/5	UNKNOWN STEP	2026-09-10T01:28:11.0710380Z [command]/opt/homebrew/bin/git config --global --add safe.directory /Users/runner/work/hermes-fleet/hermes-fleet
UI matrix shard 4/5	UNKNOWN STEP	2026-09-10T01:28:11.0856180Z [command]/opt/homebrew/bin/git config --local --name-only --get-regexp core\.sshCommand
UI matrix shard 4/5	UNKNOWN STEP	2026-09-10T01:28:11.0975750Z [command]/opt/homebrew/bin/git submodule foreach --recursive sh -c "git config --local --name-only --get-regexp 'core\.sshCommand' && git config --local --unset-all 'core.sshCommand' || :"
UI matrix shard 4/5	UNKNOWN STEP	2026-09-10T01:28:11.2190550Z [command]/opt/homebrew/bin/git config --local --name-only --get-regexp http\.https\:\/\/github\.com\/\.extraheader
UI matrix shard 4/5	UNKNOWN STEP	2026-09-10T01:28:11.2259210Z http.https://github.com/.extraheader
UI matrix shard 4/5	UNKNOWN STEP	2026-09-10T01:28:11.2264420Z [command]/opt/homebrew/bin/git config --local --unset-all http.https://github.com/.extraheader
UI matrix shard 4/5	UNKNOWN STEP	2026-09-10T01:28:11.2348300Z [command]/opt/homebrew/bin/git submodule foreach --recursive sh -c "git config --local --name-only --get-regexp 'http\.https\:\/\/github\.com\/\.extraheader' && git config --local --unset-all 'http.https://github.com/.extraheader' || :"
UI matrix shard 4/5	UNKNOWN STEP	2026-09-10T01:28:11.3832070Z [command]/opt/homebrew/bin/git config --local --name-only --get-regexp ^includeIf\.gitdir:
UI matrix shard 4/5	UNKNOWN STEP	2026-09-10T01:28:11.3854020Z [command]/opt/homebrew/bin/git submodule foreach --recursive git config --local --show-origin --name-only --get-regexp remote.origin.url
UI matrix shard 4/5	UNKNOWN STEP	2026-09-10T01:28:11.5076160Z Cleaning up orphan processes
UI matrix shard 4/5	UNKNOWN STEP	2026-09-10T01:28:12.7078490Z ##[warning]Node.js 20 is deprecated. The following actions target Node.js 20 but are being forced to run on Node.js 24: actions/checkout@v4. For more information see: https://github.blog/changelog/2025-09-19-deprecation-of-node-20-on-github-actions-runners/
