UI matrix shard 2/5	UNKNOWN STEP	﻿2026-09-09T22:26:32.0689720Z Current runner version: '2.337.0'
UI matrix shard 2/5	UNKNOWN STEP	2026-09-09T22:26:32.0708010Z ##[group]Runner Image Provisioner
UI matrix shard 2/5	UNKNOWN STEP	2026-09-09T22:26:32.0708690Z Hosted Compute Agent
UI matrix shard 2/5	UNKNOWN STEP	2026-09-09T22:26:32.0709190Z Version: 20260828.587
UI matrix shard 2/5	UNKNOWN STEP	2026-09-09T22:26:32.0709630Z Commit: abac92662cab4cc7352de4f9f9d2e2419aad9c29
UI matrix shard 2/5	UNKNOWN STEP	2026-09-09T22:26:32.0710110Z Build Date: 2026-08-28T16:44:25Z
UI matrix shard 2/5	UNKNOWN STEP	2026-09-09T22:26:32.0710560Z Worker ID: {971567d6-bcb5-4415-9744-01010a7b7368}
UI matrix shard 2/5	UNKNOWN STEP	2026-09-09T22:26:32.0711010Z Azure Region: westus
UI matrix shard 2/5	UNKNOWN STEP	2026-09-09T22:26:32.0711450Z ##[endgroup]
UI matrix shard 2/5	UNKNOWN STEP	2026-09-09T22:26:32.0712740Z ##[group]Operating System
UI matrix shard 2/5	UNKNOWN STEP	2026-09-09T22:26:32.0713180Z macOS
UI matrix shard 2/5	UNKNOWN STEP	2026-09-09T22:26:32.0713590Z 26.6.2
UI matrix shard 2/5	UNKNOWN STEP	2026-09-09T22:26:32.0713980Z 25G83
UI matrix shard 2/5	UNKNOWN STEP	2026-09-09T22:26:32.0714330Z ##[endgroup]
UI matrix shard 2/5	UNKNOWN STEP	2026-09-09T22:26:32.0714680Z ##[group]Runner Image
UI matrix shard 2/5	UNKNOWN STEP	2026-09-09T22:26:32.0715080Z Image: macos-26-arm64
UI matrix shard 2/5	UNKNOWN STEP	2026-09-09T22:26:32.0715450Z Version: 20260831.0337.3
UI matrix shard 2/5	UNKNOWN STEP	2026-09-09T22:26:32.0716340Z Included Software: https://github.com/actions/runner-images/blob/macos-26-arm64/20260831.0337/images/macos/macos-26-arm64-Readme.md
UI matrix shard 2/5	UNKNOWN STEP	2026-09-09T22:26:32.0717500Z Image Release: https://github.com/actions/runner-images/releases/tag/macos-26-arm64%2F20260831.0337
UI matrix shard 2/5	UNKNOWN STEP	2026-09-09T22:26:32.0718180Z ##[endgroup]
UI matrix shard 2/5	UNKNOWN STEP	2026-09-09T22:26:32.0719000Z ##[group]GITHUB_TOKEN Permissions
UI matrix shard 2/5	UNKNOWN STEP	2026-09-09T22:26:32.0720480Z Contents: read
UI matrix shard 2/5	UNKNOWN STEP	2026-09-09T22:26:32.0720890Z Metadata: read
UI matrix shard 2/5	UNKNOWN STEP	2026-09-09T22:26:32.0721250Z Packages: read
UI matrix shard 2/5	UNKNOWN STEP	2026-09-09T22:26:32.0721620Z ##[endgroup]
UI matrix shard 2/5	UNKNOWN STEP	2026-09-09T22:26:32.0723180Z Secret source: Actions
UI matrix shard 2/5	UNKNOWN STEP	2026-09-09T22:26:32.0723740Z Cache mode: write
UI matrix shard 2/5	UNKNOWN STEP	2026-09-09T22:26:32.0724200Z Prepare workflow directory
UI matrix shard 2/5	UNKNOWN STEP	2026-09-09T22:26:32.1007100Z Prepare all required actions
UI matrix shard 2/5	UNKNOWN STEP	2026-09-09T22:26:32.1049820Z Getting action download info
UI matrix shard 2/5	UNKNOWN STEP	2026-09-09T22:26:32.5161620Z Download action repository 'actions/checkout@v4' (SHA:11d5960a326750d5838078e36cf38b85af677262)
UI matrix shard 2/5	UNKNOWN STEP	2026-09-09T22:26:32.9237910Z Complete job name: UI matrix shard 2/5
UI matrix shard 2/5	UNKNOWN STEP	2026-09-09T22:26:32.9755370Z Node 20 is being deprecated. This workflow is running with Node 24 by default. If you need to temporarily use Node 20, you can set the ACTIONS_ALLOW_USE_UNSECURE_NODE_VERSION=true environment variable. For more information see: https://github.blog/changelog/2025-09-19-deprecation-of-node-20-on-github-actions-runners/
UI matrix shard 2/5	UNKNOWN STEP	2026-09-09T22:26:32.9763090Z ##[group]Run actions/checkout@v4
UI matrix shard 2/5	UNKNOWN STEP	2026-09-09T22:26:32.9763580Z with:
UI matrix shard 2/5	UNKNOWN STEP	2026-09-09T22:26:32.9763920Z   fetch-depth: 1
UI matrix shard 2/5	UNKNOWN STEP	2026-09-09T22:26:32.9764280Z   repository: AIowa-LLC/hermes-fleet
UI matrix shard 2/5	UNKNOWN STEP	2026-09-09T22:26:32.9767140Z   token: ***
UI matrix shard 2/5	UNKNOWN STEP	2026-09-09T22:26:32.9767450Z   ssh-strict: true
UI matrix shard 2/5	UNKNOWN STEP	2026-09-09T22:26:32.9767770Z   ssh-user: git
UI matrix shard 2/5	UNKNOWN STEP	2026-09-09T22:26:32.9768090Z   persist-credentials: true
UI matrix shard 2/5	UNKNOWN STEP	2026-09-09T22:26:32.9768450Z   clean: true
UI matrix shard 2/5	UNKNOWN STEP	2026-09-09T22:26:32.9768780Z   sparse-checkout-cone-mode: true
UI matrix shard 2/5	UNKNOWN STEP	2026-09-09T22:26:32.9769160Z   fetch-tags: false
UI matrix shard 2/5	UNKNOWN STEP	2026-09-09T22:26:32.9769490Z   show-progress: true
UI matrix shard 2/5	UNKNOWN STEP	2026-09-09T22:26:32.9769820Z   lfs: false
UI matrix shard 2/5	UNKNOWN STEP	2026-09-09T22:26:32.9770160Z   submodules: false
UI matrix shard 2/5	UNKNOWN STEP	2026-09-09T22:26:32.9770490Z   set-safe-directory: true
UI matrix shard 2/5	UNKNOWN STEP	2026-09-09T22:26:32.9770870Z   allow-unsafe-pr-checkout: false
UI matrix shard 2/5	UNKNOWN STEP	2026-09-09T22:26:32.9771380Z ##[endgroup]
UI matrix shard 2/5	UNKNOWN STEP	2026-09-09T22:26:33.5244570Z Syncing repository: AIowa-LLC/hermes-fleet
UI matrix shard 2/5	UNKNOWN STEP	2026-09-09T22:26:33.5282740Z ##[group]Getting Git version info
UI matrix shard 2/5	UNKNOWN STEP	2026-09-09T22:26:33.5284840Z Working directory is '/Users/runner/work/hermes-fleet/hermes-fleet'
UI matrix shard 2/5	UNKNOWN STEP	2026-09-09T22:26:33.5287490Z [command]/opt/homebrew/bin/git version
UI matrix shard 2/5	UNKNOWN STEP	2026-09-09T22:26:33.5577650Z git version 2.55.0
UI matrix shard 2/5	UNKNOWN STEP	2026-09-09T22:26:33.5596300Z ##[endgroup]
UI matrix shard 2/5	UNKNOWN STEP	2026-09-09T22:26:33.5604090Z Copying '/Users/runner/.gitconfig' to '/Users/runner/work/_temp/7b1c36f4-4a22-418e-bfa1-84df4a42d1e9/.gitconfig'
UI matrix shard 2/5	UNKNOWN STEP	2026-09-09T22:26:33.5617570Z Temporarily overriding HOME='/Users/runner/work/_temp/7b1c36f4-4a22-418e-bfa1-84df4a42d1e9' before making global git config changes
UI matrix shard 2/5	UNKNOWN STEP	2026-09-09T22:26:33.5620770Z Adding repository directory to the temporary git global config as a safe directory
UI matrix shard 2/5	UNKNOWN STEP	2026-09-09T22:26:33.5623970Z [command]/opt/homebrew/bin/git config --global --add safe.directory /Users/runner/work/hermes-fleet/hermes-fleet
UI matrix shard 2/5	UNKNOWN STEP	2026-09-09T22:26:33.5819250Z Deleting the contents of '/Users/runner/work/hermes-fleet/hermes-fleet'
UI matrix shard 2/5	UNKNOWN STEP	2026-09-09T22:26:33.5826130Z ##[group]Initializing the repository
UI matrix shard 2/5	UNKNOWN STEP	2026-09-09T22:26:33.5828120Z [command]/opt/homebrew/bin/git init /Users/runner/work/hermes-fleet/hermes-fleet
UI matrix shard 2/5	UNKNOWN STEP	2026-09-09T22:26:33.6152710Z hint: Using 'master' as the name for the initial branch. This default branch name
UI matrix shard 2/5	UNKNOWN STEP	2026-09-09T22:26:33.6155310Z hint: will change to "main" in Git 3.0. To configure the initial branch name
UI matrix shard 2/5	UNKNOWN STEP	2026-09-09T22:26:33.6157580Z hint: to use in all of your new repositories, which will suppress this warning,
UI matrix shard 2/5	UNKNOWN STEP	2026-09-09T22:26:33.6159450Z hint: call:
UI matrix shard 2/5	UNKNOWN STEP	2026-09-09T22:26:33.6160450Z hint:
UI matrix shard 2/5	UNKNOWN STEP	2026-09-09T22:26:33.6161770Z hint: 	git config --global init.defaultBranch <name>
UI matrix shard 2/5	UNKNOWN STEP	2026-09-09T22:26:33.6163290Z hint:
UI matrix shard 2/5	UNKNOWN STEP	2026-09-09T22:26:33.6164900Z hint: Names commonly chosen instead of 'master' are 'main', 'trunk' and
UI matrix shard 2/5	UNKNOWN STEP	2026-09-09T22:26:33.6167070Z hint: 'development'. The just-created branch can be renamed via this command:
UI matrix shard 2/5	UNKNOWN STEP	2026-09-09T22:26:33.6168890Z hint:
UI matrix shard 2/5	UNKNOWN STEP	2026-09-09T22:26:33.6170260Z hint: 	git branch -m <name>
UI matrix shard 2/5	UNKNOWN STEP	2026-09-09T22:26:33.6171590Z hint:
UI matrix shard 2/5	UNKNOWN STEP	2026-09-09T22:26:33.6173940Z hint: Disable this message with "git config set advice.defaultBranchName false"
UI matrix shard 2/5	UNKNOWN STEP	2026-09-09T22:26:33.6176990Z Initialized empty Git repository in /Users/runner/work/hermes-fleet/hermes-fleet/.git/
UI matrix shard 2/5	UNKNOWN STEP	2026-09-09T22:26:33.6181780Z [command]/opt/homebrew/bin/git remote add origin https://github.com/AIowa-LLC/hermes-fleet
UI matrix shard 2/5	UNKNOWN STEP	2026-09-09T22:26:33.6330270Z ##[endgroup]
UI matrix shard 2/5	UNKNOWN STEP	2026-09-09T22:26:33.6332810Z ##[group]Disabling automatic garbage collection
UI matrix shard 2/5	UNKNOWN STEP	2026-09-09T22:26:33.6334590Z [command]/opt/homebrew/bin/git config --local gc.auto 0
UI matrix shard 2/5	UNKNOWN STEP	2026-09-09T22:26:33.6392940Z ##[endgroup]
UI matrix shard 2/5	UNKNOWN STEP	2026-09-09T22:26:33.6395140Z ##[group]Setting up auth
UI matrix shard 2/5	UNKNOWN STEP	2026-09-09T22:26:33.6398220Z [command]/opt/homebrew/bin/git config --local --name-only --get-regexp core\.sshCommand
UI matrix shard 2/5	UNKNOWN STEP	2026-09-09T22:26:33.6505960Z [command]/opt/homebrew/bin/git submodule foreach --recursive sh -c "git config --local --name-only --get-regexp 'core\.sshCommand' && git config --local --unset-all 'core.sshCommand' || :"
UI matrix shard 2/5	UNKNOWN STEP	2026-09-09T22:26:33.7904550Z [command]/opt/homebrew/bin/git config --local --name-only --get-regexp http\.https\:\/\/github\.com\/\.extraheader
UI matrix shard 2/5	UNKNOWN STEP	2026-09-09T22:26:33.8005040Z [command]/opt/homebrew/bin/git submodule foreach --recursive sh -c "git config --local --name-only --get-regexp 'http\.https\:\/\/github\.com\/\.extraheader' && git config --local --unset-all 'http.https://github.com/.extraheader' || :"
UI matrix shard 2/5	UNKNOWN STEP	2026-09-09T22:26:33.9342380Z [command]/opt/homebrew/bin/git config --local --name-only --get-regexp ^includeIf\.gitdir:
UI matrix shard 2/5	UNKNOWN STEP	2026-09-09T22:26:33.9650130Z [command]/opt/homebrew/bin/git submodule foreach --recursive git config --local --show-origin --name-only --get-regexp remote.origin.url
UI matrix shard 2/5	UNKNOWN STEP	2026-09-09T22:26:34.1486450Z [command]/opt/homebrew/bin/git config --local http.https://github.com/.extraheader AUTHORIZATION: basic ***
UI matrix shard 2/5	UNKNOWN STEP	2026-09-09T22:26:34.1680320Z ##[endgroup]
UI matrix shard 2/5	UNKNOWN STEP	2026-09-09T22:26:34.1681160Z ##[group]Fetching the repository
UI matrix shard 2/5	UNKNOWN STEP	2026-09-09T22:26:34.1682450Z [command]/opt/homebrew/bin/git -c protocol.version=2 fetch --no-tags --prune --no-recurse-submodules --depth=1 origin +3965973a8786160e8e940f436f22b8547dbd3c4c:refs/remotes/pull/3/merge
UI matrix shard 2/5	UNKNOWN STEP	2026-09-09T22:26:35.9507540Z From https://github.com/AIowa-LLC/hermes-fleet
UI matrix shard 2/5	UNKNOWN STEP	2026-09-09T22:26:35.9640910Z  * [new ref]         3965973a8786160e8e940f436f22b8547dbd3c4c -> pull/3/merge
UI matrix shard 2/5	UNKNOWN STEP	2026-09-09T22:26:36.0278700Z ##[endgroup]
UI matrix shard 2/5	UNKNOWN STEP	2026-09-09T22:26:36.0384290Z ##[group]Determining the checkout info
UI matrix shard 2/5	UNKNOWN STEP	2026-09-09T22:26:36.0486230Z ##[endgroup]
UI matrix shard 2/5	UNKNOWN STEP	2026-09-09T22:26:36.0587760Z [command]/opt/homebrew/bin/git sparse-checkout disable
UI matrix shard 2/5	UNKNOWN STEP	2026-09-09T22:26:36.0887740Z [command]/opt/homebrew/bin/git config --local --unset-all extensions.worktreeConfig
UI matrix shard 2/5	UNKNOWN STEP	2026-09-09T22:26:36.0900670Z ##[group]Checking out the ref
UI matrix shard 2/5	UNKNOWN STEP	2026-09-09T22:26:36.0901670Z [command]/opt/homebrew/bin/git checkout --progress --force refs/remotes/pull/3/merge
UI matrix shard 2/5	UNKNOWN STEP	2026-09-09T22:26:36.1820570Z HEAD is now at 3965973 Merge dfd4ad73e1e0bca050814e7505f2e3f606efbef1 into 3ef3437017dee63288b541968b2fa4189a486c55
UI matrix shard 2/5	UNKNOWN STEP	2026-09-09T22:26:36.1832510Z ##[endgroup]
UI matrix shard 2/5	UNKNOWN STEP	2026-09-09T22:26:36.2005950Z [command]/opt/homebrew/bin/git log -1 --format=%H
UI matrix shard 2/5	UNKNOWN STEP	2026-09-09T22:26:36.2101440Z 3965973a8786160e8e940f436f22b8547dbd3c4c
UI matrix shard 2/5	UNKNOWN STEP	2026-09-09T22:26:36.2466810Z ##[group]Run bash scripts/c1_ui_matrix.sh --shard 2 --shards 5
UI matrix shard 2/5	UNKNOWN STEP	2026-09-09T22:26:36.2467310Z ^[[36;1mbash scripts/c1_ui_matrix.sh --shard 2 --shards 5^[[0m
UI matrix shard 2/5	UNKNOWN STEP	2026-09-09T22:26:36.2519230Z shell: /bin/bash -e {0}
UI matrix shard 2/5	UNKNOWN STEP	2026-09-09T22:26:36.2519520Z ##[endgroup]
UI matrix shard 2/5	UNKNOWN STEP	2026-09-09T22:26:36.3788140Z audit: 40 CI suites + 11 environmental suites = 51 bundle classes — every class accounted for exactly once.
UI matrix shard 2/5	UNKNOWN STEP	2026-09-09T22:26:42.9041690Z   using simulator: iPhone 17 Pro
UI matrix shard 2/5	UNKNOWN STEP	2026-09-09T22:26:42.9182590Z C1 UI (shard) [01/08] HermesFleetAppUITests/HermesFleetReconnectUITests ...
UI matrix shard 2/5	UNKNOWN STEP	2026-09-09T22:33:43.4713490Z PASS  UI HermesFleetReconnect — executed=1 failed=0
UI matrix shard 2/5	UNKNOWN STEP	2026-09-09T22:33:43.4738210Z C1 UI (shard) [02/08] HermesFleetAppUITests/RT4RosterEmptyStateUITests ...
UI matrix shard 2/5	UNKNOWN STEP	2026-09-09T22:36:57.5811420Z PASS  UI RT4RosterEmptyState — executed=1 failed=0
UI matrix shard 2/5	UNKNOWN STEP	2026-09-09T22:36:57.5840000Z C1 UI (shard) [03/08] HermesFleetAppUITests/F2QRPairingUITests ...
UI matrix shard 2/5	UNKNOWN STEP	2026-09-09T22:40:35.0756320Z PASS  UI F2QRPairing — executed=4 failed=0
UI matrix shard 2/5	UNKNOWN STEP	2026-09-09T22:40:35.1340960Z C1 UI (shard) [04/08] HermesFleetAppUITests/U6ConversationSkinUITests ...
UI matrix shard 2/5	UNKNOWN STEP	2026-09-09T22:44:53.4521670Z PASS  UI U6ConversationSkin — executed=2 failed=0
UI matrix shard 2/5	UNKNOWN STEP	2026-09-09T22:44:53.4534760Z C1 UI (shard) [05/08] HermesFleetAppUITests/R9ApprovalBannerUITests ...
UI matrix shard 2/5	UNKNOWN STEP	2026-09-09T22:49:25.5763960Z PASS  UI R9ApprovalBanner — executed=2 failed=0
UI matrix shard 2/5	UNKNOWN STEP	2026-09-09T22:49:25.5769630Z C1 UI (shard) [06/08] HermesFleetAppUITests/R10MessageReactionsUITests ...
UI matrix shard 2/5	UNKNOWN STEP	2026-09-09T22:56:30.5695700Z PASS  UI R10MessageReactions — executed=4 failed=0
UI matrix shard 2/5	UNKNOWN STEP	2026-09-09T22:56:30.5714140Z C1 UI (shard) [07/08] HermesFleetAppUITests/BotRoutinesUITests ...
UI matrix shard 2/5	UNKNOWN STEP	2026-09-09T23:07:25.9145190Z PASS  UI BotRoutines — executed=8 failed=0
UI matrix shard 2/5	UNKNOWN STEP	2026-09-09T23:07:25.9159180Z C1 UI (shard) [08/08] HermesFleetAppUITests/FOS4TruthfulHomeUITests ...
UI matrix shard 2/5	UNKNOWN STEP	2026-09-09T23:10:06.6596740Z PASS  UI FOS4TruthfulHome — executed=6 failed=0
UI matrix shard 2/5	UNKNOWN STEP	2026-09-09T23:10:06.6633300Z UI MATRIX (shard): suites=8 tests=28 FAIL=0
UI matrix shard 2/5	UNKNOWN STEP	2026-09-09T23:10:06.7950780Z Node 20 is being deprecated. This workflow is running with Node 24 by default. If you need to temporarily use Node 20, you can set the ACTIONS_ALLOW_USE_UNSECURE_NODE_VERSION=true environment variable. For more information see: https://github.blog/changelog/2025-09-19-deprecation-of-node-20-on-github-actions-runners/
UI matrix shard 2/5	UNKNOWN STEP	2026-09-09T23:10:06.7952410Z Post job cleanup.
UI matrix shard 2/5	UNKNOWN STEP	2026-09-09T23:10:07.4081280Z [command]/opt/homebrew/bin/git version
UI matrix shard 2/5	UNKNOWN STEP	2026-09-09T23:10:07.4749460Z git version 2.55.0
UI matrix shard 2/5	UNKNOWN STEP	2026-09-09T23:10:07.4874970Z Copying '/Users/runner/.gitconfig' to '/Users/runner/work/_temp/ae78576d-75db-40c7-9794-99897bc146ab/.gitconfig'
UI matrix shard 2/5	UNKNOWN STEP	2026-09-09T23:10:07.4879730Z Temporarily overriding HOME='/Users/runner/work/_temp/ae78576d-75db-40c7-9794-99897bc146ab' before making global git config changes
UI matrix shard 2/5	UNKNOWN STEP	2026-09-09T23:10:07.4882420Z Adding repository directory to the temporary git global config as a safe directory
UI matrix shard 2/5	UNKNOWN STEP	2026-09-09T23:10:07.4884100Z [command]/opt/homebrew/bin/git config --global --add safe.directory /Users/runner/work/hermes-fleet/hermes-fleet
UI matrix shard 2/5	UNKNOWN STEP	2026-09-09T23:10:07.4933450Z [command]/opt/homebrew/bin/git config --local --name-only --get-regexp core\.sshCommand
UI matrix shard 2/5	UNKNOWN STEP	2026-09-09T23:10:07.4999100Z [command]/opt/homebrew/bin/git submodule foreach --recursive sh -c "git config --local --name-only --get-regexp 'core\.sshCommand' && git config --local --unset-all 'core.sshCommand' || :"
UI matrix shard 2/5	UNKNOWN STEP	2026-09-09T23:10:07.5860200Z [command]/opt/homebrew/bin/git config --local --name-only --get-regexp http\.https\:\/\/github\.com\/\.extraheader
UI matrix shard 2/5	UNKNOWN STEP	2026-09-09T23:10:07.5911600Z http.https://github.com/.extraheader
UI matrix shard 2/5	UNKNOWN STEP	2026-09-09T23:10:07.5919430Z [command]/opt/homebrew/bin/git config --local --unset-all http.https://github.com/.extraheader
UI matrix shard 2/5	UNKNOWN STEP	2026-09-09T23:10:07.5978900Z [command]/opt/homebrew/bin/git submodule foreach --recursive sh -c "git config --local --name-only --get-regexp 'http\.https\:\/\/github\.com\/\.extraheader' && git config --local --unset-all 'http.https://github.com/.extraheader' || :"
UI matrix shard 2/5	UNKNOWN STEP	2026-09-09T23:10:07.6704220Z [command]/opt/homebrew/bin/git config --local --name-only --get-regexp ^includeIf\.gitdir:
UI matrix shard 2/5	UNKNOWN STEP	2026-09-09T23:10:07.6760840Z [command]/opt/homebrew/bin/git submodule foreach --recursive git config --local --show-origin --name-only --get-regexp remote.origin.url
UI matrix shard 2/5	UNKNOWN STEP	2026-09-09T23:10:07.7844580Z Cleaning up orphan processes
UI matrix shard 2/5	UNKNOWN STEP	2026-09-09T23:10:09.6570300Z ##[warning]Node.js 20 is deprecated. The following actions target Node.js 20 but are being forced to run on Node.js 24: actions/checkout@v4. For more information see: https://github.blog/changelog/2025-09-19-deprecation-of-node-20-on-github-actions-runners/
