UI matrix shard 2/5	UNKNOWN STEP	﻿2026-09-09T23:51:29.1004030Z Current runner version: '2.337.0'
UI matrix shard 2/5	UNKNOWN STEP	2026-09-09T23:51:29.1017940Z ##[group]Runner Image Provisioner
UI matrix shard 2/5	UNKNOWN STEP	2026-09-09T23:51:29.1018450Z Hosted Compute Agent
UI matrix shard 2/5	UNKNOWN STEP	2026-09-09T23:51:29.1018850Z Version: 20260828.587
UI matrix shard 2/5	UNKNOWN STEP	2026-09-09T23:51:29.1019270Z Commit: abac92662cab4cc7352de4f9f9d2e2419aad9c29
UI matrix shard 2/5	UNKNOWN STEP	2026-09-09T23:51:29.1019960Z Build Date: 2026-08-28T16:44:25Z
UI matrix shard 2/5	UNKNOWN STEP	2026-09-09T23:51:29.1020460Z Worker ID: {10c01577-31b2-45b6-bfe3-c49cbac61b92}
UI matrix shard 2/5	UNKNOWN STEP	2026-09-09T23:51:29.1020980Z Azure Region: westus
UI matrix shard 2/5	UNKNOWN STEP	2026-09-09T23:51:29.1021470Z ##[endgroup]
UI matrix shard 2/5	UNKNOWN STEP	2026-09-09T23:51:29.1022320Z ##[group]Operating System
UI matrix shard 2/5	UNKNOWN STEP	2026-09-09T23:51:29.1022720Z macOS
UI matrix shard 2/5	UNKNOWN STEP	2026-09-09T23:51:29.1023050Z 26.6.2
UI matrix shard 2/5	UNKNOWN STEP	2026-09-09T23:51:29.1023390Z 25G83
UI matrix shard 2/5	UNKNOWN STEP	2026-09-09T23:51:29.1023730Z ##[endgroup]
UI matrix shard 2/5	UNKNOWN STEP	2026-09-09T23:51:29.1024100Z ##[group]Runner Image
UI matrix shard 2/5	UNKNOWN STEP	2026-09-09T23:51:29.1024490Z Image: macos-26-arm64
UI matrix shard 2/5	UNKNOWN STEP	2026-09-09T23:51:29.1024980Z Version: 20260831.0337.3
UI matrix shard 2/5	UNKNOWN STEP	2026-09-09T23:51:29.1025810Z Included Software: https://github.com/actions/runner-images/blob/macos-26-arm64/20260831.0337/images/macos/macos-26-arm64-Readme.md
UI matrix shard 2/5	UNKNOWN STEP	2026-09-09T23:51:29.1027040Z Image Release: https://github.com/actions/runner-images/releases/tag/macos-26-arm64%2F20260831.0337
UI matrix shard 2/5	UNKNOWN STEP	2026-09-09T23:51:29.1027710Z ##[endgroup]
UI matrix shard 2/5	UNKNOWN STEP	2026-09-09T23:51:29.1028510Z ##[group]GITHUB_TOKEN Permissions
UI matrix shard 2/5	UNKNOWN STEP	2026-09-09T23:51:29.1029640Z Contents: read
UI matrix shard 2/5	UNKNOWN STEP	2026-09-09T23:51:29.1030250Z Metadata: read
UI matrix shard 2/5	UNKNOWN STEP	2026-09-09T23:51:29.1030660Z Packages: read
UI matrix shard 2/5	UNKNOWN STEP	2026-09-09T23:51:29.1031020Z ##[endgroup]
UI matrix shard 2/5	UNKNOWN STEP	2026-09-09T23:51:29.1032730Z Secret source: Actions
UI matrix shard 2/5	UNKNOWN STEP	2026-09-09T23:51:29.1033310Z Cache mode: write
UI matrix shard 2/5	UNKNOWN STEP	2026-09-09T23:51:29.1033730Z Prepare workflow directory
UI matrix shard 2/5	UNKNOWN STEP	2026-09-09T23:51:29.1250190Z Prepare all required actions
UI matrix shard 2/5	UNKNOWN STEP	2026-09-09T23:51:29.1285150Z Getting action download info
UI matrix shard 2/5	UNKNOWN STEP	2026-09-09T23:51:29.3323390Z Download action repository 'actions/checkout@v4' (SHA:11d5960a326750d5838078e36cf38b85af677262)
UI matrix shard 2/5	UNKNOWN STEP	2026-09-09T23:51:29.7541920Z Complete job name: UI matrix shard 2/5
UI matrix shard 2/5	UNKNOWN STEP	2026-09-09T23:51:29.8049190Z Node 20 is being deprecated. This workflow is running with Node 24 by default. If you need to temporarily use Node 20, you can set the ACTIONS_ALLOW_USE_UNSECURE_NODE_VERSION=true environment variable. For more information see: https://github.blog/changelog/2025-09-19-deprecation-of-node-20-on-github-actions-runners/
UI matrix shard 2/5	UNKNOWN STEP	2026-09-09T23:51:29.8056320Z ##[group]Run actions/checkout@v4
UI matrix shard 2/5	UNKNOWN STEP	2026-09-09T23:51:29.8056900Z with:
UI matrix shard 2/5	UNKNOWN STEP	2026-09-09T23:51:29.8057240Z   fetch-depth: 1
UI matrix shard 2/5	UNKNOWN STEP	2026-09-09T23:51:29.8057580Z   repository: AIowa-LLC/hermes-fleet
UI matrix shard 2/5	UNKNOWN STEP	2026-09-09T23:51:29.8060320Z   token: ***
UI matrix shard 2/5	UNKNOWN STEP	2026-09-09T23:51:29.8060640Z   ssh-strict: true
UI matrix shard 2/5	UNKNOWN STEP	2026-09-09T23:51:29.8061000Z   ssh-user: git
UI matrix shard 2/5	UNKNOWN STEP	2026-09-09T23:51:29.8061380Z   persist-credentials: true
UI matrix shard 2/5	UNKNOWN STEP	2026-09-09T23:51:29.8061810Z   clean: true
UI matrix shard 2/5	UNKNOWN STEP	2026-09-09T23:51:29.8062150Z   sparse-checkout-cone-mode: true
UI matrix shard 2/5	UNKNOWN STEP	2026-09-09T23:51:29.8062530Z   fetch-tags: false
UI matrix shard 2/5	UNKNOWN STEP	2026-09-09T23:51:29.8062870Z   show-progress: true
UI matrix shard 2/5	UNKNOWN STEP	2026-09-09T23:51:29.8063200Z   lfs: false
UI matrix shard 2/5	UNKNOWN STEP	2026-09-09T23:51:29.8063540Z   submodules: false
UI matrix shard 2/5	UNKNOWN STEP	2026-09-09T23:51:29.8063880Z   set-safe-directory: true
UI matrix shard 2/5	UNKNOWN STEP	2026-09-09T23:51:29.8064260Z   allow-unsafe-pr-checkout: false
UI matrix shard 2/5	UNKNOWN STEP	2026-09-09T23:51:29.8064800Z ##[endgroup]
UI matrix shard 2/5	UNKNOWN STEP	2026-09-09T23:51:30.2116810Z Syncing repository: AIowa-LLC/hermes-fleet
UI matrix shard 2/5	UNKNOWN STEP	2026-09-09T23:51:30.2118300Z ##[group]Getting Git version info
UI matrix shard 2/5	UNKNOWN STEP	2026-09-09T23:51:30.2119110Z Working directory is '/Users/runner/work/hermes-fleet/hermes-fleet'
UI matrix shard 2/5	UNKNOWN STEP	2026-09-09T23:51:30.2138970Z [command]/opt/homebrew/bin/git version
UI matrix shard 2/5	UNKNOWN STEP	2026-09-09T23:51:30.2590640Z git version 2.55.0
UI matrix shard 2/5	UNKNOWN STEP	2026-09-09T23:51:30.2622350Z ##[endgroup]
UI matrix shard 2/5	UNKNOWN STEP	2026-09-09T23:51:30.2631340Z Copying '/Users/runner/.gitconfig' to '/Users/runner/work/_temp/9cb75ad5-3fb7-47d1-98a7-f3c9914cb48e/.gitconfig'
UI matrix shard 2/5	UNKNOWN STEP	2026-09-09T23:51:30.2640570Z Temporarily overriding HOME='/Users/runner/work/_temp/9cb75ad5-3fb7-47d1-98a7-f3c9914cb48e' before making global git config changes
UI matrix shard 2/5	UNKNOWN STEP	2026-09-09T23:51:30.2642050Z Adding repository directory to the temporary git global config as a safe directory
UI matrix shard 2/5	UNKNOWN STEP	2026-09-09T23:51:30.2646740Z [command]/opt/homebrew/bin/git config --global --add safe.directory /Users/runner/work/hermes-fleet/hermes-fleet
UI matrix shard 2/5	UNKNOWN STEP	2026-09-09T23:51:30.2790640Z Deleting the contents of '/Users/runner/work/hermes-fleet/hermes-fleet'
UI matrix shard 2/5	UNKNOWN STEP	2026-09-09T23:51:30.2797660Z ##[group]Initializing the repository
UI matrix shard 2/5	UNKNOWN STEP	2026-09-09T23:51:30.2812780Z [command]/opt/homebrew/bin/git init /Users/runner/work/hermes-fleet/hermes-fleet
UI matrix shard 2/5	UNKNOWN STEP	2026-09-09T23:51:30.3247500Z hint: Using 'master' as the name for the initial branch. This default branch name
UI matrix shard 2/5	UNKNOWN STEP	2026-09-09T23:51:30.3250710Z hint: will change to "main" in Git 3.0. To configure the initial branch name
UI matrix shard 2/5	UNKNOWN STEP	2026-09-09T23:51:30.3252560Z hint: to use in all of your new repositories, which will suppress this warning,
UI matrix shard 2/5	UNKNOWN STEP	2026-09-09T23:51:30.3253310Z hint: call:
UI matrix shard 2/5	UNKNOWN STEP	2026-09-09T23:51:30.3253770Z hint:
UI matrix shard 2/5	UNKNOWN STEP	2026-09-09T23:51:30.3255730Z hint: 	git config --global init.defaultBranch <name>
UI matrix shard 2/5	UNKNOWN STEP	2026-09-09T23:51:30.3256300Z hint:
UI matrix shard 2/5	UNKNOWN STEP	2026-09-09T23:51:30.3257000Z hint: Names commonly chosen instead of 'master' are 'main', 'trunk' and
UI matrix shard 2/5	UNKNOWN STEP	2026-09-09T23:51:30.3258090Z hint: 'development'. The just-created branch can be renamed via this command:
UI matrix shard 2/5	UNKNOWN STEP	2026-09-09T23:51:30.3258830Z hint:
UI matrix shard 2/5	UNKNOWN STEP	2026-09-09T23:51:30.3259370Z hint: 	git branch -m <name>
UI matrix shard 2/5	UNKNOWN STEP	2026-09-09T23:51:30.3259820Z hint:
UI matrix shard 2/5	UNKNOWN STEP	2026-09-09T23:51:30.3260430Z hint: Disable this message with "git config set advice.defaultBranchName false"
UI matrix shard 2/5	UNKNOWN STEP	2026-09-09T23:51:30.3261480Z Initialized empty Git repository in /Users/runner/work/hermes-fleet/hermes-fleet/.git/
UI matrix shard 2/5	UNKNOWN STEP	2026-09-09T23:51:30.3265830Z [command]/opt/homebrew/bin/git remote add origin https://github.com/AIowa-LLC/hermes-fleet
UI matrix shard 2/5	UNKNOWN STEP	2026-09-09T23:51:30.3429050Z ##[endgroup]
UI matrix shard 2/5	UNKNOWN STEP	2026-09-09T23:51:30.3430150Z ##[group]Disabling automatic garbage collection
UI matrix shard 2/5	UNKNOWN STEP	2026-09-09T23:51:30.3439960Z [command]/opt/homebrew/bin/git config --local gc.auto 0
UI matrix shard 2/5	UNKNOWN STEP	2026-09-09T23:51:30.3511650Z ##[endgroup]
UI matrix shard 2/5	UNKNOWN STEP	2026-09-09T23:51:30.3513220Z ##[group]Setting up auth
UI matrix shard 2/5	UNKNOWN STEP	2026-09-09T23:51:30.3515860Z [command]/opt/homebrew/bin/git config --local --name-only --get-regexp core\.sshCommand
UI matrix shard 2/5	UNKNOWN STEP	2026-09-09T23:51:30.3640180Z [command]/opt/homebrew/bin/git submodule foreach --recursive sh -c "git config --local --name-only --get-regexp 'core\.sshCommand' && git config --local --unset-all 'core.sshCommand' || :"
UI matrix shard 2/5	UNKNOWN STEP	2026-09-09T23:51:30.5403310Z [command]/opt/homebrew/bin/git config --local --name-only --get-regexp http\.https\:\/\/github\.com\/\.extraheader
UI matrix shard 2/5	UNKNOWN STEP	2026-09-09T23:51:30.5499380Z [command]/opt/homebrew/bin/git submodule foreach --recursive sh -c "git config --local --name-only --get-regexp 'http\.https\:\/\/github\.com\/\.extraheader' && git config --local --unset-all 'http.https://github.com/.extraheader' || :"
UI matrix shard 2/5	UNKNOWN STEP	2026-09-09T23:51:30.6455770Z [command]/opt/homebrew/bin/git config --local --name-only --get-regexp ^includeIf\.gitdir:
UI matrix shard 2/5	UNKNOWN STEP	2026-09-09T23:51:30.6534550Z [command]/opt/homebrew/bin/git submodule foreach --recursive git config --local --show-origin --name-only --get-regexp remote.origin.url
UI matrix shard 2/5	UNKNOWN STEP	2026-09-09T23:51:30.8474050Z [command]/opt/homebrew/bin/git config --local http.https://github.com/.extraheader AUTHORIZATION: basic ***
UI matrix shard 2/5	UNKNOWN STEP	2026-09-09T23:51:30.8767720Z ##[endgroup]
UI matrix shard 2/5	UNKNOWN STEP	2026-09-09T23:51:30.8775110Z ##[group]Fetching the repository
UI matrix shard 2/5	UNKNOWN STEP	2026-09-09T23:51:30.8776770Z [command]/opt/homebrew/bin/git -c protocol.version=2 fetch --no-tags --prune --no-recurse-submodules --depth=1 origin +29fb51ab3b1bc1fff87b9cbb9c75636a287d50f6:refs/remotes/pull/3/merge
UI matrix shard 2/5	UNKNOWN STEP	2026-09-09T23:51:32.4360400Z From https://github.com/AIowa-LLC/hermes-fleet
UI matrix shard 2/5	UNKNOWN STEP	2026-09-09T23:51:32.4363350Z  * [new ref]         29fb51ab3b1bc1fff87b9cbb9c75636a287d50f6 -> pull/3/merge
UI matrix shard 2/5	UNKNOWN STEP	2026-09-09T23:51:32.4368660Z ##[endgroup]
UI matrix shard 2/5	UNKNOWN STEP	2026-09-09T23:51:32.4369590Z ##[group]Determining the checkout info
UI matrix shard 2/5	UNKNOWN STEP	2026-09-09T23:51:32.4370580Z ##[endgroup]
UI matrix shard 2/5	UNKNOWN STEP	2026-09-09T23:51:32.4371430Z [command]/opt/homebrew/bin/git sparse-checkout disable
UI matrix shard 2/5	UNKNOWN STEP	2026-09-09T23:51:32.4487330Z [command]/opt/homebrew/bin/git config --local --unset-all extensions.worktreeConfig
UI matrix shard 2/5	UNKNOWN STEP	2026-09-09T23:51:32.4563620Z ##[group]Checking out the ref
UI matrix shard 2/5	UNKNOWN STEP	2026-09-09T23:51:32.4565910Z [command]/opt/homebrew/bin/git checkout --progress --force refs/remotes/pull/3/merge
UI matrix shard 2/5	UNKNOWN STEP	2026-09-09T23:51:32.6235350Z HEAD is now at 29fb51a Merge bb5848f604f672bee6d44c8d495f3d2cd7fe0e06 into 3ef3437017dee63288b541968b2fa4189a486c55
UI matrix shard 2/5	UNKNOWN STEP	2026-09-09T23:51:32.6257490Z ##[endgroup]
UI matrix shard 2/5	UNKNOWN STEP	2026-09-09T23:51:32.6497650Z [command]/opt/homebrew/bin/git log -1 --format=%H
UI matrix shard 2/5	UNKNOWN STEP	2026-09-09T23:51:32.6534110Z 29fb51ab3b1bc1fff87b9cbb9c75636a287d50f6
UI matrix shard 2/5	UNKNOWN STEP	2026-09-09T23:51:32.7051200Z ##[group]Run bash scripts/c1_ui_matrix.sh --shard 2 --shards 5
UI matrix shard 2/5	UNKNOWN STEP	2026-09-09T23:51:32.7052220Z ^[[36;1mbash scripts/c1_ui_matrix.sh --shard 2 --shards 5^[[0m
UI matrix shard 2/5	UNKNOWN STEP	2026-09-09T23:51:32.7098670Z shell: /bin/bash -e {0}
UI matrix shard 2/5	UNKNOWN STEP	2026-09-09T23:51:32.7099470Z ##[endgroup]
UI matrix shard 2/5	UNKNOWN STEP	2026-09-09T23:51:32.8098910Z audit: 40 CI suites + 11 environmental suites = 51 bundle classes — every class accounted for exactly once.
UI matrix shard 2/5	UNKNOWN STEP	2026-09-09T23:51:38.0846860Z   using simulator: iPhone 17 Pro
UI matrix shard 2/5	UNKNOWN STEP	2026-09-09T23:51:38.0954540Z C1 UI (shard) [01/08] HermesFleetAppUITests/HermesFleetReconnectUITests ...
UI matrix shard 2/5	UNKNOWN STEP	2026-09-09T23:58:20.0226150Z PASS  UI HermesFleetReconnect — executed=1 failed=0
UI matrix shard 2/5	UNKNOWN STEP	2026-09-09T23:58:20.0256300Z C1 UI (shard) [02/08] HermesFleetAppUITests/RT4RosterEmptyStateUITests ...
UI matrix shard 2/5	UNKNOWN STEP	2026-09-10T00:00:38.0906970Z PASS  UI RT4RosterEmptyState — executed=1 failed=0
UI matrix shard 2/5	UNKNOWN STEP	2026-09-10T00:00:38.0926040Z C1 UI (shard) [03/08] HermesFleetAppUITests/F2QRPairingUITests ...
UI matrix shard 2/5	UNKNOWN STEP	2026-09-10T00:05:07.3420000Z PASS  UI F2QRPairing — executed=4 failed=0
UI matrix shard 2/5	UNKNOWN STEP	2026-09-10T00:05:07.3935550Z C1 UI (shard) [04/08] HermesFleetAppUITests/U6ConversationSkinUITests ...
UI matrix shard 2/5	UNKNOWN STEP	2026-09-10T00:09:26.5498450Z PASS  UI U6ConversationSkin — executed=2 failed=0
UI matrix shard 2/5	UNKNOWN STEP	2026-09-10T00:09:26.5505170Z C1 UI (shard) [05/08] HermesFleetAppUITests/R9ApprovalBannerUITests ...
UI matrix shard 2/5	UNKNOWN STEP	2026-09-10T00:14:56.2981310Z PASS  UI R9ApprovalBanner — executed=2 failed=0
UI matrix shard 2/5	UNKNOWN STEP	2026-09-10T00:14:56.3003370Z C1 UI (shard) [06/08] HermesFleetAppUITests/R10MessageReactionsUITests ...
UI matrix shard 2/5	UNKNOWN STEP	2026-09-10T00:20:56.6789080Z PASS  UI R10MessageReactions — executed=4 failed=0
UI matrix shard 2/5	UNKNOWN STEP	2026-09-10T00:20:56.6800100Z C1 UI (shard) [07/08] HermesFleetAppUITests/BotRoutinesUITests ...
UI matrix shard 2/5	UNKNOWN STEP	2026-09-10T00:30:46.6159160Z PASS  UI BotRoutines — executed=8 failed=0
UI matrix shard 2/5	UNKNOWN STEP	2026-09-10T00:30:46.6167980Z C1 UI (shard) [08/08] HermesFleetAppUITests/FOS4TruthfulHomeUITests ...
UI matrix shard 2/5	UNKNOWN STEP	2026-09-10T00:33:58.7007480Z PASS  UI FOS4TruthfulHome — executed=6 failed=0
UI matrix shard 2/5	UNKNOWN STEP	2026-09-10T00:33:58.7027230Z UI MATRIX (shard): suites=8 tests=28 FAIL=0
UI matrix shard 2/5	UNKNOWN STEP	2026-09-10T00:33:58.8428860Z Node 20 is being deprecated. This workflow is running with Node 24 by default. If you need to temporarily use Node 20, you can set the ACTIONS_ALLOW_USE_UNSECURE_NODE_VERSION=true environment variable. For more information see: https://github.blog/changelog/2025-09-19-deprecation-of-node-20-on-github-actions-runners/
UI matrix shard 2/5	UNKNOWN STEP	2026-09-10T00:33:58.8430880Z Post job cleanup.
UI matrix shard 2/5	UNKNOWN STEP	2026-09-10T00:33:59.6718900Z [command]/opt/homebrew/bin/git version
UI matrix shard 2/5	UNKNOWN STEP	2026-09-10T00:33:59.7387720Z git version 2.55.0
UI matrix shard 2/5	UNKNOWN STEP	2026-09-10T00:33:59.7466680Z Copying '/Users/runner/.gitconfig' to '/Users/runner/work/_temp/7d098902-1a6f-4399-8dee-d0b94e740eac/.gitconfig'
UI matrix shard 2/5	UNKNOWN STEP	2026-09-10T00:33:59.7468230Z Temporarily overriding HOME='/Users/runner/work/_temp/7d098902-1a6f-4399-8dee-d0b94e740eac' before making global git config changes
UI matrix shard 2/5	UNKNOWN STEP	2026-09-10T00:33:59.7469530Z Adding repository directory to the temporary git global config as a safe directory
UI matrix shard 2/5	UNKNOWN STEP	2026-09-10T00:33:59.7471060Z [command]/opt/homebrew/bin/git config --global --add safe.directory /Users/runner/work/hermes-fleet/hermes-fleet
UI matrix shard 2/5	UNKNOWN STEP	2026-09-10T00:33:59.8127180Z [command]/opt/homebrew/bin/git config --local --name-only --get-regexp core\.sshCommand
UI matrix shard 2/5	UNKNOWN STEP	2026-09-10T00:33:59.8196460Z [command]/opt/homebrew/bin/git submodule foreach --recursive sh -c "git config --local --name-only --get-regexp 'core\.sshCommand' && git config --local --unset-all 'core.sshCommand' || :"
UI matrix shard 2/5	UNKNOWN STEP	2026-09-10T00:33:59.9493920Z [command]/opt/homebrew/bin/git config --local --name-only --get-regexp http\.https\:\/\/github\.com\/\.extraheader
UI matrix shard 2/5	UNKNOWN STEP	2026-09-10T00:33:59.9516870Z http.https://github.com/.extraheader
UI matrix shard 2/5	UNKNOWN STEP	2026-09-10T00:33:59.9547740Z [command]/opt/homebrew/bin/git config --local --unset-all http.https://github.com/.extraheader
UI matrix shard 2/5	UNKNOWN STEP	2026-09-10T00:33:59.9689180Z [command]/opt/homebrew/bin/git submodule foreach --recursive sh -c "git config --local --name-only --get-regexp 'http\.https\:\/\/github\.com\/\.extraheader' && git config --local --unset-all 'http.https://github.com/.extraheader' || :"
UI matrix shard 2/5	UNKNOWN STEP	2026-09-10T00:34:00.1221860Z [command]/opt/homebrew/bin/git config --local --name-only --get-regexp ^includeIf\.gitdir:
UI matrix shard 2/5	UNKNOWN STEP	2026-09-10T00:34:00.1292120Z [command]/opt/homebrew/bin/git submodule foreach --recursive git config --local --show-origin --name-only --get-regexp remote.origin.url
UI matrix shard 2/5	UNKNOWN STEP	2026-09-10T00:34:00.2882810Z Cleaning up orphan processes
UI matrix shard 2/5	UNKNOWN STEP	2026-09-10T00:34:03.5492670Z ##[warning]Node.js 20 is deprecated. The following actions target Node.js 20 but are being forced to run on Node.js 24: actions/checkout@v4. For more information see: https://github.blog/changelog/2025-09-19-deprecation-of-node-20-on-github-actions-runners/
