UI matrix shard 4/5	UNKNOWN STEP	﻿2026-09-10T01:47:15.4013130Z Current runner version: '2.337.0'
UI matrix shard 4/5	UNKNOWN STEP	2026-09-10T01:47:15.4029300Z ##[group]Runner Image Provisioner
UI matrix shard 4/5	UNKNOWN STEP	2026-09-10T01:47:15.4029870Z Hosted Compute Agent
UI matrix shard 4/5	UNKNOWN STEP	2026-09-10T01:47:15.4030320Z Version: 20260828.587
UI matrix shard 4/5	UNKNOWN STEP	2026-09-10T01:47:15.4030780Z Commit: abac92662cab4cc7352de4f9f9d2e2419aad9c29
UI matrix shard 4/5	UNKNOWN STEP	2026-09-10T01:47:15.4031290Z Build Date: 2026-08-28T16:44:25Z
UI matrix shard 4/5	UNKNOWN STEP	2026-09-10T01:47:15.4031740Z Worker ID: {6a6ddb8e-6ac1-40cc-a052-7fa0ccdcc5b5}
UI matrix shard 4/5	UNKNOWN STEP	2026-09-10T01:47:15.4032220Z Azure Region: westus
UI matrix shard 4/5	UNKNOWN STEP	2026-09-10T01:47:15.4032690Z ##[endgroup]
UI matrix shard 4/5	UNKNOWN STEP	2026-09-10T01:47:15.4033640Z ##[group]Operating System
UI matrix shard 4/5	UNKNOWN STEP	2026-09-10T01:47:15.4034150Z macOS
UI matrix shard 4/5	UNKNOWN STEP	2026-09-10T01:47:15.4034490Z 26.6.2
UI matrix shard 4/5	UNKNOWN STEP	2026-09-10T01:47:15.4034920Z 25G83
UI matrix shard 4/5	UNKNOWN STEP	2026-09-10T01:47:15.4035360Z ##[endgroup]
UI matrix shard 4/5	UNKNOWN STEP	2026-09-10T01:47:15.4035820Z ##[group]Runner Image
UI matrix shard 4/5	UNKNOWN STEP	2026-09-10T01:47:15.4036330Z Image: macos-26-arm64
UI matrix shard 4/5	UNKNOWN STEP	2026-09-10T01:47:15.4036710Z Version: 20260831.0337.3
UI matrix shard 4/5	UNKNOWN STEP	2026-09-10T01:47:15.4037540Z Included Software: https://github.com/actions/runner-images/blob/macos-26-arm64/20260831.0337/images/macos/macos-26-arm64-Readme.md
UI matrix shard 4/5	UNKNOWN STEP	2026-09-10T01:47:15.4038690Z Image Release: https://github.com/actions/runner-images/releases/tag/macos-26-arm64%2F20260831.0337
UI matrix shard 4/5	UNKNOWN STEP	2026-09-10T01:47:15.4039400Z ##[endgroup]
UI matrix shard 4/5	UNKNOWN STEP	2026-09-10T01:47:15.4040190Z ##[group]GITHUB_TOKEN Permissions
UI matrix shard 4/5	UNKNOWN STEP	2026-09-10T01:47:15.4041360Z Contents: read
UI matrix shard 4/5	UNKNOWN STEP	2026-09-10T01:47:15.4041730Z Metadata: read
UI matrix shard 4/5	UNKNOWN STEP	2026-09-10T01:47:15.4042200Z Packages: read
UI matrix shard 4/5	UNKNOWN STEP	2026-09-10T01:47:15.4042580Z ##[endgroup]
UI matrix shard 4/5	UNKNOWN STEP	2026-09-10T01:47:15.4044060Z Secret source: Actions
UI matrix shard 4/5	UNKNOWN STEP	2026-09-10T01:47:15.4044690Z Cache mode: write
UI matrix shard 4/5	UNKNOWN STEP	2026-09-10T01:47:15.4045160Z Prepare workflow directory
UI matrix shard 4/5	UNKNOWN STEP	2026-09-10T01:47:15.4261140Z Prepare all required actions
UI matrix shard 4/5	UNKNOWN STEP	2026-09-10T01:47:15.4295570Z Getting action download info
UI matrix shard 4/5	UNKNOWN STEP	2026-09-10T01:47:15.7062770Z Download action repository 'actions/checkout@v4' (SHA:11d5960a326750d5838078e36cf38b85af677262)
UI matrix shard 4/5	UNKNOWN STEP	2026-09-10T01:47:15.9108470Z Download action repository 'actions/upload-artifact@v4' (SHA:ea165f8d65b6e75b540449e92b4886f43607fa02)
UI matrix shard 4/5	UNKNOWN STEP	2026-09-10T01:47:16.0761340Z Complete job name: UI matrix shard 4/5
UI matrix shard 4/5	UNKNOWN STEP	2026-09-10T01:47:16.1192200Z Node 20 is being deprecated. This workflow is running with Node 24 by default. If you need to temporarily use Node 20, you can set the ACTIONS_ALLOW_USE_UNSECURE_NODE_VERSION=true environment variable. For more information see: https://github.blog/changelog/2025-09-19-deprecation-of-node-20-on-github-actions-runners/
UI matrix shard 4/5	UNKNOWN STEP	2026-09-10T01:47:16.1199440Z ##[group]Run actions/checkout@v4
UI matrix shard 4/5	UNKNOWN STEP	2026-09-10T01:47:16.1199910Z with:
UI matrix shard 4/5	UNKNOWN STEP	2026-09-10T01:47:16.1200220Z   fetch-depth: 1
UI matrix shard 4/5	UNKNOWN STEP	2026-09-10T01:47:16.1200550Z   repository: AIowa-LLC/hermes-fleet
UI matrix shard 4/5	UNKNOWN STEP	2026-09-10T01:47:16.1203160Z   token: ***
UI matrix shard 4/5	UNKNOWN STEP	2026-09-10T01:47:16.1203470Z   ssh-strict: true
UI matrix shard 4/5	UNKNOWN STEP	2026-09-10T01:47:16.1203780Z   ssh-user: git
UI matrix shard 4/5	UNKNOWN STEP	2026-09-10T01:47:16.1204110Z   persist-credentials: true
UI matrix shard 4/5	UNKNOWN STEP	2026-09-10T01:47:16.1204450Z   clean: true
UI matrix shard 4/5	UNKNOWN STEP	2026-09-10T01:47:16.1204770Z   sparse-checkout-cone-mode: true
UI matrix shard 4/5	UNKNOWN STEP	2026-09-10T01:47:16.1205140Z   fetch-tags: false
UI matrix shard 4/5	UNKNOWN STEP	2026-09-10T01:47:16.1205460Z   show-progress: true
UI matrix shard 4/5	UNKNOWN STEP	2026-09-10T01:47:16.1205780Z   lfs: false
UI matrix shard 4/5	UNKNOWN STEP	2026-09-10T01:47:16.1206120Z   submodules: false
UI matrix shard 4/5	UNKNOWN STEP	2026-09-10T01:47:16.1206460Z   set-safe-directory: true
UI matrix shard 4/5	UNKNOWN STEP	2026-09-10T01:47:16.1206820Z   allow-unsafe-pr-checkout: false
UI matrix shard 4/5	UNKNOWN STEP	2026-09-10T01:47:16.1207290Z ##[endgroup]
UI matrix shard 4/5	UNKNOWN STEP	2026-09-10T01:47:16.4988250Z Syncing repository: AIowa-LLC/hermes-fleet
UI matrix shard 4/5	UNKNOWN STEP	2026-09-10T01:47:16.5100870Z ##[group]Getting Git version info
UI matrix shard 4/5	UNKNOWN STEP	2026-09-10T01:47:16.5105060Z Working directory is '/Users/runner/work/hermes-fleet/hermes-fleet'
UI matrix shard 4/5	UNKNOWN STEP	2026-09-10T01:47:16.5108700Z [command]/opt/homebrew/bin/git version
UI matrix shard 4/5	UNKNOWN STEP	2026-09-10T01:47:16.5347260Z git version 2.55.0
UI matrix shard 4/5	UNKNOWN STEP	2026-09-10T01:47:16.5350190Z ##[endgroup]
UI matrix shard 4/5	UNKNOWN STEP	2026-09-10T01:47:16.5356190Z Copying '/Users/runner/.gitconfig' to '/Users/runner/work/_temp/2fbbd978-8dbb-4053-b188-99e64b5dd8d3/.gitconfig'
UI matrix shard 4/5	UNKNOWN STEP	2026-09-10T01:47:16.5358560Z Temporarily overriding HOME='/Users/runner/work/_temp/2fbbd978-8dbb-4053-b188-99e64b5dd8d3' before making global git config changes
UI matrix shard 4/5	UNKNOWN STEP	2026-09-10T01:47:16.5361820Z Adding repository directory to the temporary git global config as a safe directory
UI matrix shard 4/5	UNKNOWN STEP	2026-09-10T01:47:16.5364240Z [command]/opt/homebrew/bin/git config --global --add safe.directory /Users/runner/work/hermes-fleet/hermes-fleet
UI matrix shard 4/5	UNKNOWN STEP	2026-09-10T01:47:16.5469580Z Deleting the contents of '/Users/runner/work/hermes-fleet/hermes-fleet'
UI matrix shard 4/5	UNKNOWN STEP	2026-09-10T01:47:16.5482110Z ##[group]Initializing the repository
UI matrix shard 4/5	UNKNOWN STEP	2026-09-10T01:47:16.5488570Z [command]/opt/homebrew/bin/git init /Users/runner/work/hermes-fleet/hermes-fleet
UI matrix shard 4/5	UNKNOWN STEP	2026-09-10T01:47:16.5607060Z hint: Using 'master' as the name for the initial branch. This default branch name
UI matrix shard 4/5	UNKNOWN STEP	2026-09-10T01:47:16.5613010Z hint: will change to "main" in Git 3.0. To configure the initial branch name
UI matrix shard 4/5	UNKNOWN STEP	2026-09-10T01:47:16.5618600Z hint: to use in all of your new repositories, which will suppress this warning,
UI matrix shard 4/5	UNKNOWN STEP	2026-09-10T01:47:16.5624360Z hint: call:
UI matrix shard 4/5	UNKNOWN STEP	2026-09-10T01:47:16.5629580Z hint:
UI matrix shard 4/5	UNKNOWN STEP	2026-09-10T01:47:16.5632150Z hint: 	git config --global init.defaultBranch <name>
UI matrix shard 4/5	UNKNOWN STEP	2026-09-10T01:47:16.5633520Z hint:
UI matrix shard 4/5	UNKNOWN STEP	2026-09-10T01:47:16.5636450Z hint: Names commonly chosen instead of 'master' are 'main', 'trunk' and
UI matrix shard 4/5	UNKNOWN STEP	2026-09-10T01:47:16.5639710Z hint: 'development'. The just-created branch can be renamed via this command:
UI matrix shard 4/5	UNKNOWN STEP	2026-09-10T01:47:16.5641160Z hint:
UI matrix shard 4/5	UNKNOWN STEP	2026-09-10T01:47:16.5642230Z hint: 	git branch -m <name>
UI matrix shard 4/5	UNKNOWN STEP	2026-09-10T01:47:16.5644120Z hint:
UI matrix shard 4/5	UNKNOWN STEP	2026-09-10T01:47:16.5665430Z hint: Disable this message with "git config set advice.defaultBranchName false"
UI matrix shard 4/5	UNKNOWN STEP	2026-09-10T01:47:16.5668130Z Initialized empty Git repository in /Users/runner/work/hermes-fleet/hermes-fleet/.git/
UI matrix shard 4/5	UNKNOWN STEP	2026-09-10T01:47:16.5679240Z [command]/opt/homebrew/bin/git remote add origin https://github.com/AIowa-LLC/hermes-fleet
UI matrix shard 4/5	UNKNOWN STEP	2026-09-10T01:47:16.5733130Z ##[endgroup]
UI matrix shard 4/5	UNKNOWN STEP	2026-09-10T01:47:16.5740560Z ##[group]Disabling automatic garbage collection
UI matrix shard 4/5	UNKNOWN STEP	2026-09-10T01:47:16.5744230Z [command]/opt/homebrew/bin/git config --local gc.auto 0
UI matrix shard 4/5	UNKNOWN STEP	2026-09-10T01:47:16.5785730Z ##[endgroup]
UI matrix shard 4/5	UNKNOWN STEP	2026-09-10T01:47:16.5786830Z ##[group]Setting up auth
UI matrix shard 4/5	UNKNOWN STEP	2026-09-10T01:47:16.5789770Z [command]/opt/homebrew/bin/git config --local --name-only --get-regexp core\.sshCommand
UI matrix shard 4/5	UNKNOWN STEP	2026-09-10T01:47:16.5852740Z [command]/opt/homebrew/bin/git submodule foreach --recursive sh -c "git config --local --name-only --get-regexp 'core\.sshCommand' && git config --local --unset-all 'core.sshCommand' || :"
UI matrix shard 4/5	UNKNOWN STEP	2026-09-10T01:47:16.6857830Z [command]/opt/homebrew/bin/git config --local --name-only --get-regexp http\.https\:\/\/github\.com\/\.extraheader
UI matrix shard 4/5	UNKNOWN STEP	2026-09-10T01:47:16.6925210Z [command]/opt/homebrew/bin/git submodule foreach --recursive sh -c "git config --local --name-only --get-regexp 'http\.https\:\/\/github\.com\/\.extraheader' && git config --local --unset-all 'http.https://github.com/.extraheader' || :"
UI matrix shard 4/5	UNKNOWN STEP	2026-09-10T01:47:16.7633030Z [command]/opt/homebrew/bin/git config --local --name-only --get-regexp ^includeIf\.gitdir:
UI matrix shard 4/5	UNKNOWN STEP	2026-09-10T01:47:16.7696670Z [command]/opt/homebrew/bin/git submodule foreach --recursive git config --local --show-origin --name-only --get-regexp remote.origin.url
UI matrix shard 4/5	UNKNOWN STEP	2026-09-10T01:47:16.8862080Z [command]/opt/homebrew/bin/git config --local http.https://github.com/.extraheader AUTHORIZATION: basic ***
UI matrix shard 4/5	UNKNOWN STEP	2026-09-10T01:47:16.8905140Z ##[endgroup]
UI matrix shard 4/5	UNKNOWN STEP	2026-09-10T01:47:16.8907070Z ##[group]Fetching the repository
UI matrix shard 4/5	UNKNOWN STEP	2026-09-10T01:47:16.8909840Z [command]/opt/homebrew/bin/git -c protocol.version=2 fetch --no-tags --prune --no-recurse-submodules --depth=1 origin +34a6c444de1b4d5a88cacdd5ce740bf310ab84a5:refs/remotes/pull/3/merge
UI matrix shard 4/5	UNKNOWN STEP	2026-09-10T01:47:18.2097670Z From https://github.com/AIowa-LLC/hermes-fleet
UI matrix shard 4/5	UNKNOWN STEP	2026-09-10T01:47:18.2100950Z  * [new ref]         34a6c444de1b4d5a88cacdd5ce740bf310ab84a5 -> pull/3/merge
UI matrix shard 4/5	UNKNOWN STEP	2026-09-10T01:47:18.2103850Z ##[endgroup]
UI matrix shard 4/5	UNKNOWN STEP	2026-09-10T01:47:18.2104670Z ##[group]Determining the checkout info
UI matrix shard 4/5	UNKNOWN STEP	2026-09-10T01:47:18.2105790Z ##[endgroup]
UI matrix shard 4/5	UNKNOWN STEP	2026-09-10T01:47:18.2106580Z [command]/opt/homebrew/bin/git sparse-checkout disable
UI matrix shard 4/5	UNKNOWN STEP	2026-09-10T01:47:18.2186050Z [command]/opt/homebrew/bin/git config --local --unset-all extensions.worktreeConfig
UI matrix shard 4/5	UNKNOWN STEP	2026-09-10T01:47:18.2251380Z ##[group]Checking out the ref
UI matrix shard 4/5	UNKNOWN STEP	2026-09-10T01:47:18.2253600Z [command]/opt/homebrew/bin/git checkout --progress --force refs/remotes/pull/3/merge
UI matrix shard 4/5	UNKNOWN STEP	2026-09-10T01:47:18.3406390Z HEAD is now at 34a6c44 Merge d41388c9d4502e95dee85d750b118cd737abfa7c into 3ef3437017dee63288b541968b2fa4189a486c55
UI matrix shard 4/5	UNKNOWN STEP	2026-09-10T01:47:18.3496280Z ##[endgroup]
UI matrix shard 4/5	UNKNOWN STEP	2026-09-10T01:47:18.3498180Z [command]/opt/homebrew/bin/git log -1 --format=%H
UI matrix shard 4/5	UNKNOWN STEP	2026-09-10T01:47:18.3553060Z 34a6c444de1b4d5a88cacdd5ce740bf310ab84a5
UI matrix shard 4/5	UNKNOWN STEP	2026-09-10T01:47:18.3730160Z ##[group]Run bash scripts/c1_ui_matrix.sh --shard 4 --shards 5
UI matrix shard 4/5	UNKNOWN STEP	2026-09-10T01:47:18.3730690Z ^[[36;1mbash scripts/c1_ui_matrix.sh --shard 4 --shards 5^[[0m
UI matrix shard 4/5	UNKNOWN STEP	2026-09-10T01:47:18.3766430Z shell: /bin/bash -e {0}
UI matrix shard 4/5	UNKNOWN STEP	2026-09-10T01:47:18.3766760Z ##[endgroup]
UI matrix shard 4/5	UNKNOWN STEP	2026-09-10T01:47:18.4269320Z audit: 40 CI suites + 11 environmental suites = 51 bundle classes — every class accounted for exactly once.
UI matrix shard 4/5	UNKNOWN STEP	2026-09-10T01:47:38.4732230Z   using simulator: iPhone 17 Pro
UI matrix shard 4/5	UNKNOWN STEP	2026-09-10T01:47:38.4828160Z C1 UI (shard) [01/08] HermesFleetAppUITests/S3CleartextWarningUITests ...
UI matrix shard 4/5	UNKNOWN STEP	2026-09-10T01:55:28.0563150Z PASS  UI S3CleartextWarning — executed=3 failed=0
UI matrix shard 4/5	UNKNOWN STEP	2026-09-10T01:55:28.0570640Z C1 UI (shard) [02/08] HermesFleetAppUITests/RT4VoiceOverUITests ...
UI matrix shard 4/5	UNKNOWN STEP	2026-09-10T01:59:51.7727880Z PASS  UI RT4VoiceOver — executed=1 failed=0
UI matrix shard 4/5	UNKNOWN STEP	2026-09-10T01:59:51.7733440Z C1 UI (shard) [03/08] HermesFleetAppUITests/SecondGenerationUITests ...
UI matrix shard 4/5	UNKNOWN STEP	2026-09-10T02:03:05.9529900Z PASS  UI SecondGeneration — executed=3 failed=0
UI matrix shard 4/5	UNKNOWN STEP	2026-09-10T02:03:05.9546990Z C1 UI (shard) [04/08] HermesFleetAppUITests/F3OnboardingUITests ...
UI matrix shard 4/5	UNKNOWN STEP	2026-09-10T02:05:33.9825150Z PASS  UI F3Onboarding — executed=2 failed=0
UI matrix shard 4/5	UNKNOWN STEP	2026-09-10T02:05:33.9878470Z C1 UI (shard) [05/08] HermesFleetAppUITests/R9ManagementPanesUITests ...
UI matrix shard 4/5	UNKNOWN STEP	2026-09-10T02:10:29.7867490Z PASS  UI R9ManagementPanes — executed=4 failed=0
UI matrix shard 4/5	UNKNOWN STEP	2026-09-10T02:10:29.7895890Z C1 UI (shard) [06/08] HermesFleetAppUITests/R10VoiceUITests ...
UI matrix shard 4/5	UNKNOWN STEP	2026-09-10T02:14:23.6728970Z PASS  UI R10Voice — executed=2 failed=0
UI matrix shard 4/5	UNKNOWN STEP	2026-09-10T02:14:23.6750320Z C1 UI (shard) [07/08] HermesFleetAppUITests/RoomLinkMentionsUITests ...
UI matrix shard 4/5	UNKNOWN STEP	2026-09-10T02:18:27.0357160Z PASS  UI RoomLinkMentions — executed=6 failed=0
UI matrix shard 4/5	UNKNOWN STEP	2026-09-10T02:18:27.0366180Z C1 UI (shard) [08/08] HermesFleetAppUITests/FOS6ComponentDensityUITests ...
UI matrix shard 4/5	UNKNOWN STEP	2026-09-10T02:22:33.6508440Z PASS  UI FOS6ComponentDensity — executed=6 failed=0
UI matrix shard 4/5	UNKNOWN STEP	2026-09-10T02:22:33.6509990Z UI MATRIX (shard): suites=8 tests=27 FAIL=0
UI matrix shard 4/5	UNKNOWN STEP	2026-09-10T02:22:33.7472670Z Node 20 is being deprecated. This workflow is running with Node 24 by default. If you need to temporarily use Node 20, you can set the ACTIONS_ALLOW_USE_UNSECURE_NODE_VERSION=true environment variable. For more information see: https://github.blog/changelog/2025-09-19-deprecation-of-node-20-on-github-actions-runners/
UI matrix shard 4/5	UNKNOWN STEP	2026-09-10T02:22:33.7474130Z Post job cleanup.
UI matrix shard 4/5	UNKNOWN STEP	2026-09-10T02:22:34.4586530Z [command]/opt/homebrew/bin/git version
UI matrix shard 4/5	UNKNOWN STEP	2026-09-10T02:22:34.4902480Z git version 2.55.0
UI matrix shard 4/5	UNKNOWN STEP	2026-09-10T02:22:34.4921940Z Copying '/Users/runner/.gitconfig' to '/Users/runner/work/_temp/3d39d2e8-2486-4de0-bf75-22f0dbf92913/.gitconfig'
UI matrix shard 4/5	UNKNOWN STEP	2026-09-10T02:22:34.4931330Z Temporarily overriding HOME='/Users/runner/work/_temp/3d39d2e8-2486-4de0-bf75-22f0dbf92913' before making global git config changes
UI matrix shard 4/5	UNKNOWN STEP	2026-09-10T02:22:34.4932630Z Adding repository directory to the temporary git global config as a safe directory
UI matrix shard 4/5	UNKNOWN STEP	2026-09-10T02:22:34.4935390Z [command]/opt/homebrew/bin/git config --global --add safe.directory /Users/runner/work/hermes-fleet/hermes-fleet
UI matrix shard 4/5	UNKNOWN STEP	2026-09-10T02:22:34.5058060Z [command]/opt/homebrew/bin/git config --local --name-only --get-regexp core\.sshCommand
UI matrix shard 4/5	UNKNOWN STEP	2026-09-10T02:22:34.5123250Z [command]/opt/homebrew/bin/git submodule foreach --recursive sh -c "git config --local --name-only --get-regexp 'core\.sshCommand' && git config --local --unset-all 'core.sshCommand' || :"
UI matrix shard 4/5	UNKNOWN STEP	2026-09-10T02:22:34.6320790Z [command]/opt/homebrew/bin/git config --local --name-only --get-regexp http\.https\:\/\/github\.com\/\.extraheader
UI matrix shard 4/5	UNKNOWN STEP	2026-09-10T02:22:34.6380480Z http.https://github.com/.extraheader
UI matrix shard 4/5	UNKNOWN STEP	2026-09-10T02:22:34.6394270Z [command]/opt/homebrew/bin/git config --local --unset-all http.https://github.com/.extraheader
UI matrix shard 4/5	UNKNOWN STEP	2026-09-10T02:22:34.6542950Z [command]/opt/homebrew/bin/git submodule foreach --recursive sh -c "git config --local --name-only --get-regexp 'http\.https\:\/\/github\.com\/\.extraheader' && git config --local --unset-all 'http.https://github.com/.extraheader' || :"
UI matrix shard 4/5	UNKNOWN STEP	2026-09-10T02:22:34.7798060Z [command]/opt/homebrew/bin/git config --local --name-only --get-regexp ^includeIf\.gitdir:
UI matrix shard 4/5	UNKNOWN STEP	2026-09-10T02:22:34.7879880Z [command]/opt/homebrew/bin/git submodule foreach --recursive git config --local --show-origin --name-only --get-regexp remote.origin.url
UI matrix shard 4/5	UNKNOWN STEP	2026-09-10T02:22:34.9102750Z Cleaning up orphan processes
UI matrix shard 4/5	UNKNOWN STEP	2026-09-10T02:22:35.3885070Z ##[warning]Node.js 20 is deprecated. The following actions target Node.js 20 but are being forced to run on Node.js 24: actions/checkout@v4. For more information see: https://github.blog/changelog/2025-09-19-deprecation-of-node-20-on-github-actions-runners/
